Archive member included to satisfy reference by file (symbol)

/usr/lib/gcc/arm-none-eabi/12.2.1/../../../arm-none-eabi/lib/thumb/v8-m.main+fp/hard/libc_nano.a(lib_a-atexit.o)
                              /usr/lib/gcc/arm-none-eabi/12.2.1/../../../arm-none-eabi/lib/thumb/v8-m.main+fp/hard/crt0.o (atexit)
/usr/lib/gcc/arm-none-eabi/12.2.1/../../../arm-none-eabi/lib/thumb/v8-m.main+fp/hard/libc_nano.a(lib_a-errno.o)
                              build/syscalls.o (__errno)
/usr/lib/gcc/arm-none-eabi/12.2.1/../../../arm-none-eabi/lib/thumb/v8-m.main+fp/hard/libc_nano.a(lib_a-exit.o)
                              /usr/lib/gcc/arm-none-eabi/12.2.1/../../../arm-none-eabi/lib/thumb/v8-m.main+fp/hard/crt0.o (exit)
/usr/lib/gcc/arm-none-eabi/12.2.1/../../../arm-none-eabi/lib/thumb/v8-m.main+fp/hard/libc_nano.a(lib_a-fini.o)
                              /usr/lib/gcc/arm-none-eabi/12.2.1/../../../arm-none-eabi/lib/thumb/v8-m.main+fp/hard/crt0.o (__libc_fini_array)
/usr/lib/gcc/arm-none-eabi/12.2.1/../../../arm-none-eabi/lib/thumb/v8-m.main+fp/hard/libc_nano.a(lib_a-impure.o)
                              /usr/lib/gcc/arm-none-eabi/12.2.1/../../../arm-none-eabi/lib/thumb/v8-m.main+fp/hard/libc_nano.a(lib_a-exit.o) (_global_impure_ptr)
/usr/lib/gcc/arm-none-eabi/12.2.1/../../../arm-none-eabi/lib/thumb/v8-m.main+fp/hard/libc_nano.a(lib_a-init.o)
                              /usr/lib/gcc/arm-none-eabi/12.2.1/../../../arm-none-eabi/lib/thumb/v8-m.main+fp/hard/crt0.o (__libc_init_array)
/usr/lib/gcc/arm-none-eabi/12.2.1/../../../arm-none-eabi/lib/thumb/v8-m.main+fp/hard/libc_nano.a(lib_a-memset.o)
                              /usr/lib/gcc/arm-none-eabi/12.2.1/../../../arm-none-eabi/lib/thumb/v8-m.main+fp/hard/crt0.o (memset)
/usr/lib/gcc/arm-none-eabi/12.2.1/../../../arm-none-eabi/lib/thumb/v8-m.main+fp/hard/libc_nano.a(lib_a-puts.o)
                              build/main.o (puts)
/usr/lib/gcc/arm-none-eabi/12.2.1/../../../arm-none-eabi/lib/thumb/v8-m.main+fp/hard/libc_nano.a(lib_a-wbuf.o)
                              /usr/lib/gcc/arm-none-eabi/12.2.1/../../../arm-none-eabi/lib/thumb/v8-m.main+fp/hard/libc_nano.a(lib_a-puts.o) (__swbuf_r)
/usr/lib/gcc/arm-none-eabi/12.2.1/../../../arm-none-eabi/lib/thumb/v8-m.main+fp/hard/libc_nano.a(lib_a-wsetup.o)
                              /usr/lib/gcc/arm-none-eabi/12.2.1/../../../arm-none-eabi/lib/thumb/v8-m.main+fp/hard/libc_nano.a(lib_a-puts.o) (__swsetup_r)
/usr/lib/gcc/arm-none-eabi/12.2.1/../../../arm-none-eabi/lib/thumb/v8-m.main+fp/hard/libc_nano.a(lib_a-__atexit.o)
                              /usr/lib/gcc/arm-none-eabi/12.2.1/../../../arm-none-eabi/lib/thumb/v8-m.main+fp/hard/libc_nano.a(lib_a-atexit.o) (__register_exitproc)
/usr/lib/gcc/arm-none-eabi/12.2.1/../../../arm-none-eabi/lib/thumb/v8-m.main+fp/hard/libc_nano.a(lib_a-__call_atexit.o)
                              /usr/lib/gcc/arm-none-eabi/12.2.1/../../../arm-none-eabi/lib/thumb/v8-m.main+fp/hard/libc_nano.a(lib_a-__atexit.o) (__call_exitprocs)
/usr/lib/gcc/arm-none-eabi/12.2.1/../../../arm-none-eabi/lib/thumb/v8-m.main+fp/hard/libc_nano.a(lib_a-fflush.o)
                              /usr/lib/gcc/arm-none-eabi/12.2.1/../../../arm-none-eabi/lib/thumb/v8-m.main+fp/hard/libc_nano.a(lib_a-wbuf.o) (_fflush_r)
/usr/lib/gcc/arm-none-eabi/12.2.1/../../../arm-none-eabi/lib/thumb/v8-m.main+fp/hard/libc_nano.a(lib_a-findfp.o)
                              /usr/lib/gcc/arm-none-eabi/12.2.1/../../../arm-none-eabi/lib/thumb/v8-m.main+fp/hard/libc_nano.a(lib_a-puts.o) (__sinit)
/usr/lib/gcc/arm-none-eabi/12.2.1/../../../arm-none-eabi/lib/thumb/v8-m.main+fp/hard/libc_nano.a(lib_a-fwalk.o)
                              /usr/lib/gcc/arm-none-eabi/12.2.1/../../../arm-none-eabi/lib/thumb/v8-m.main+fp/hard/libc_nano.a(lib_a-findfp.o) (_fwalk)
/usr/lib/gcc/arm-none-eabi/12.2.1/../../../arm-none-eabi/lib/thumb/v8-m.main+fp/hard/libc_nano.a(lib_a-makebuf.o)
                              /usr/lib/gcc/arm-none-eabi/12.2.1/../../../arm-none-eabi/lib/thumb/v8-m.main+fp/hard/libc_nano.a(lib_a-wsetup.o) (__smakebuf_r)
/usr/lib/gcc/arm-none-eabi/12.2.1/../../../arm-none-eabi/lib/thumb/v8-m.main+fp/hard/libc_nano.a(lib_a-nano-freer.o)
                              /usr/lib/gcc/arm-none-eabi/12.2.1/../../../arm-none-eabi/lib/thumb/v8-m.main+fp/hard/libc_nano.a(lib_a-wsetup.o) (_free_r)
/usr/lib/gcc/arm-none-eabi/12.2.1/../../../arm-none-eabi/lib/thumb/v8-m.main+fp/hard/libc_nano.a(lib_a-nano-mallocr.o)
                              /usr/lib/gcc/arm-none-eabi/12.2.1/../../../arm-none-eabi/lib/thumb/v8-m.main+fp/hard/libc_nano.a(lib_a-findfp.o) (_malloc_r)
/usr/lib/gcc/arm-none-eabi/12.2.1/../../../arm-none-eabi/lib/thumb/v8-m.main+fp/hard/libc_nano.a(lib_a-sbrkr.o)
                              /usr/lib/gcc/arm-none-eabi/12.2.1/../../../arm-none-eabi/lib/thumb/v8-m.main+fp/hard/libc_nano.a(lib_a-nano-mallocr.o) (_sbrk_r)
/usr/lib/gcc/arm-none-eabi/12.2.1/../../../arm-none-eabi/lib/thumb/v8-m.main+fp/hard/libc_nano.a(lib_a-stdio.o)
[...]
Memory Configuration

Name             Origin             Length             Attributes
RAM              0x20018000         0x00018000         xrw
ROM              0x08040000         0x0000c800         xr
*default*        0x00000000         0xffffffff

Linker script and memory map

LOAD /usr/lib/gcc/arm-none-eabi/12.2.1/thumb/v8-m.main+fp/hard/crti.o
LOAD /usr/lib/gcc/arm-none-eabi/12.2.1/thumb/v8-m.main+fp/hard/crtbegin.o
LOAD /usr/lib/gcc/arm-none-eabi/12.2.1/../../../arm-none-eabi/lib/thumb/v8-m.main+fp/hard/crt0.o
LOAD build/main.o
LOAD build/syscalls.o
LOAD build/sysmem.o
LOAD build/stm32l5xx_it.o
LOAD build/stm32l5xx_hal_msp.o
LOAD build/stm32l5xx_hal.o
LOAD build/stm32l5xx_hal_i2c.o
LOAD build/stm32l5xx_hal_i2c_ex.o
LOAD build/stm32l5xx_hal_rcc.o
LOAD build/stm32l5xx_hal_rcc_ex.o
LOAD build/stm32l5xx_hal_flash.o
LOAD build/stm32l5xx_hal_flash_ex.o
LOAD build/stm32l5xx_hal_flash_ramfunc.o
LOAD build/stm32l5xx_hal_gpio.o
LOAD build/stm32l5xx_hal_dma.o
LOAD build/stm32l5xx_hal_dma_ex.o
LOAD build/stm32l5xx_hal_exti.o
LOAD build/stm32l5xx_hal_pwr.o
LOAD build/stm32l5xx_hal_pwr_ex.o
LOAD build/stm32l5xx_hal_cortex.o
LOAD build/stm32l5xx_hal_icache.o
LOAD build/stm32l5xx_hal_gtzc.o
LOAD build/system_stm32l5xx_ns.o
LOAD ../Secure/build/secure_nsclib.o
LOAD build/startup_stm32l562xx.o
LOAD /usr/lib/gcc/arm-none-eabi/12.2.1/../../../arm-none-eabi/lib/thumb/v8-m.main+fp/hard/libc_nano.a
LOAD /usr/lib/gcc/arm-none-eabi/12.2.1/../../../arm-none-eabi/lib/thumb/v8-m.main+fp/hard/libm.a
LOAD /usr/lib/gcc/arm-none-eabi/12.2.1/../../../arm-none-eabi/lib/thumb/v8-m.main+fp/hard/libnosys.a
START GROUP
LOAD /usr/lib/gcc/arm-none-eabi/12.2.1/thumb/v8-m.main+fp/hard/libgcc.a
LOAD /usr/lib/gcc/arm-none-eabi/12.2.1/../../../arm-none-eabi/lib/thumb/v8-m.main+fp/hard/libc_nano.a
END GROUP
START GROUP
LOAD /usr/lib/gcc/arm-none-eabi/12.2.1/thumb/v8-m.main+fp/hard/libgcc.a
LOAD /usr/lib/gcc/arm-none-eabi/12.2.1/../../../arm-none-eabi/lib/thumb/v8-m.main+fp/hard/libc_nano.a
END GROUP
LOAD /usr/lib/gcc/arm-none-eabi/12.2.1/thumb/v8-m.main+fp/hard/crtend.o
LOAD /usr/lib/gcc/arm-none-eabi/12.2.1/thumb/v8-m.main+fp/hard/crtn.o
                0x20030000                        _estack = (ORIGIN (RAM) + LENGTH (RAM))
                0x00000200                        _Min_Heap_Size = 0x200
                0x00000400                        _Min_Stack_Size = 0x400

.fw_reserved    0x08040000      0x100
 *(.fw_reserved)
                0x08040100                        . = (. + 0x100)
 *fill*         0x08040000      0x100 

.isr_vector     0x08040100      0x1f8
                0x08040100                        . = ALIGN (0x8)
 *(.isr_vector)
 .isr_vector    0x08040100      0x1f4 build/startup_stm32l562xx.o
                0x08040100                g_pfnVectors
                0x080402f8                        . = ALIGN (0x8)
 *fill*         0x080402f4        0x4 

.text           0x080402f8     0x1068
                0x080402f8                        . = ALIGN (0x8)
 *(.text)
 .text          0x080402f8       0x8c /usr/lib/gcc/arm-none-eabi/12.2.1/thumb/v8-m.main+fp/hard/crtbegin.o
 .text          0x08040384        0xc /usr/lib/gcc/arm-none-eabi/12.2.1/../../../arm-none-eabi/lib/thumb/v8-m.main+fp/hard/libc_nano.a(lib_a-errno.o)
                0x08040384                __errno
 .text          0x08040390       0x50 /usr/lib/gcc/arm-none-eabi/12.2.1/../../../arm-none-eabi/lib/thumb/v8-m.main+fp/hard/libc_nano.a(lib_a-init.o)
                0x08040390                __libc_init_array
 .text          0x080403e0       0xa8 /usr/lib/gcc/arm-none-eabi/12.2.1/../../../arm-none-eabi/lib/thumb/v8-m.main+fp/hard/libc_nano.a(lib_a-memset.o)
                0x080403e0                memset
 .text          0x08040488       0xdc /usr/lib/gcc/arm-none-eabi/12.2.1/../../../arm-none-eabi/lib/thumb/v8-m.main+fp/hard/libc_nano.a(lib_a-puts.o)
                0x08040488                _puts_r
                0x08040554                puts
 .text          0x08040564       0xc0 /usr/lib/gcc/arm-none-eabi/12.2.1/../../../arm-none-eabi/lib/thumb/v8-m.main+fp/hard/libc_nano.a(lib_a-wbuf.o)
                0x08040564                __swbuf_r
                0x08040614                __swbuf
 .text          0x08040624       0xf4 /usr/lib/gcc/arm-none-eabi/12.2.1/../../../arm-none-eabi/lib/thumb/v8-m.main+fp/hard/libc_nano.a(lib_a-wsetup.o)
                0x08040624                __swsetup_r
 .text          0x08040718      0x1e4 /usr/lib/gcc/arm-none-eabi/12.2.1/../../../arm-none-eabi/lib/thumb/v8-m.main+fp/hard/libc_nano.a(lib_a-fflush.o)
                0x08040718                __sflush_r
                0x08040828                _fflush_r
                0x0804087c                fflush
 .text          0x080408fc      0x238 /usr/lib/gcc/arm-none-eabi/12.2.1/../../../arm-none-eabi/lib/thumb/v8-m.main+fp/hard/libc_nano.a(lib_a-findfp.o)
                0x08040900                _cleanup_r
                0x08040910                __sfmoreglue
                0x08040940                __sfp
                0x08040ae0                _cleanup
                0x08040af4                __sinit
                0x08040afc                __sfp_lock_acquire
                0x08040b00                __sfp_lock_release
                0x08040b04                __sinit_lock_acquire
                0x08040b08                __sinit_lock_release
                0x08040b0c                __fp_lock_all
                0x08040b20                __fp_unlock_all
 .text          0x08040b34       0x88 /usr/lib/gcc/arm-none-eabi/12.2.1/../../../arm-none-eabi/lib/thumb/v8-m.main+fp/hard/libc_nano.a(lib_a-fwalk.o)
                0x08040b34                _fwalk
                0x08040b74                _fwalk_reent
 .text          0x08040bbc      0x114 /usr/lib/gcc/arm-none-eabi/12.2.1/../../../arm-none-eabi/lib/thumb/v8-m.main+fp/hard/libc_nano.a(lib_a-makebuf.o)
                0x08040bbc                __smakebuf_r
                0x08040c84                __swhatbuf_r
 .text          0x08040cd0       0xa8 /usr/lib/gcc/arm-none-eabi/12.2.1/../../../arm-none-eabi/lib/thumb/v8-m.main+fp/hard/libc_nano.a(lib_a-nano-freer.o)
                0x08040cd0                _free_r
 .text          0x08040d78       0xb4 /usr/lib/gcc/arm-none-eabi/12.2.1/../../../arm-none-eabi/lib/thumb/v8-m.main+fp/hard/libc_nano.a(lib_a-nano-mallocr.o)
                0x08040d78                _malloc_r
 .text          0x08040e2c       0x24 /usr/lib/gcc/arm-none-eabi/12.2.1/../../../arm-none-eabi/lib/thumb/v8-m.main+fp/hard/libc_nano.a(lib_a-sbrkr.o)
                0x08040e2c                _sbrk_r
 .text          0x08040e50       0x98 /usr/lib/gcc/arm-none-eabi/12.2.1/../../../arm-none-eabi/lib/thumb/v8-m.main+fp/hard/libc_nano.a(lib_a-stdio.o)
                0x08040e50                __sread
                0x08040e74                __seofread
                0x08040e78                __swrite
                0x08040eb8                __sseek
                0x08040ee0                __sclose
 .text          0x08040ee8       0x2c /usr/lib/gcc/arm-none-eabi/12.2.1/../../../arm-none-eabi/lib/thumb/v8-m.main+fp/hard/libc_nano.a(lib_a-writer.o)
                0x08040ee8                _write_r
 .text          0x08040f14       0x24 /usr/lib/gcc/arm-none-eabi/12.2.1/../../../arm-none-eabi/lib/thumb/v8-m.main+fp/hard/libc_nano.a(lib_a-closer.o)
                0x08040f14                _close_r
 .text          0x08040f38       0x2c /usr/lib/gcc/arm-none-eabi/12.2.1/../../../arm-none-eabi/lib/thumb/v8-m.main+fp/hard/libc_nano.a(lib_a-fstatr.o)
                0x08040f38                _fstat_r
 .text          0x08040f64       0x24 /usr/lib/gcc/arm-none-eabi/12.2.1/../../../arm-none-eabi/lib/thumb/v8-m.main+fp/hard/libc_nano.a(lib_a-isattyr.o)
                0x08040f64                _isatty_r
 .text          0x08040f88       0x2c /usr/lib/gcc/arm-none-eabi/12.2.1/../../../arm-none-eabi/lib/thumb/v8-m.main+fp/hard/libc_nano.a(lib_a-lseekr.o)
                0x08040f88                _lseek_r
 .text          0x08040fb4        0x8 /usr/lib/gcc/arm-none-eabi/12.2.1/../../../arm-none-eabi/lib/thumb/v8-m.main+fp/hard/libc_nano.a(lib_a-mlock.o)
                0x08040fb4                __malloc_lock
                0x08040fb8                __malloc_unlock
 .text          0x08040fbc       0x2c /usr/lib/gcc/arm-none-eabi/12.2.1/../../../arm-none-eabi/lib/thumb/v8-m.main+fp/hard/libc_nano.a(lib_a-readr.o)
                0x08040fbc                _read_r
 *(.text*)
 .text.main     0x08040fe8       0x3c build/main.o
                0x08040fe8                main
 .text.__io_putchar
                0x08041024        0xc build/syscalls.o
                0x08041024                __io_putchar
 .text._read    0x08041030       0x20 build/syscalls.o
                0x08041030                _read
 .text._write   0x08041050       0x1c build/syscalls.o
                0x08041050                _write
 .text._close   0x0804106c        0x6 build/syscalls.o
                0x0804106c                _close
 .text._fstat   0x08041072        0xa build/syscalls.o
                0x08041072                _fstat
 .text._isatty  0x0804107c        0x4 build/syscalls.o
                0x0804107c                _isatty
 .text._lseek   0x08041080        0x4 build/syscalls.o
                0x08041080                _lseek
 .text._sbrk    0x08041084       0x48 build/sysmem.o
                0x08041084                _sbrk
 .text.MemManage_Handler
                0x080410cc        0x2 build/stm32l5xx_it.o
                0x080410cc                MemManage_Handler
 .text.UsageFault_Handler
                0x080410ce        0x2 build/stm32l5xx_it.o
                0x080410ce                UsageFault_Handler
 .text.SVC_Handler
                0x080410d0        0x2 build/stm32l5xx_it.o
                0x080410d0                SVC_Handler
 .text.PendSV_Handler
                0x080410d2        0x2 build/stm32l5xx_it.o
                0x080410d2                PendSV_Handler
 .text.SysTick_Handler
                0x080410d4        0x8 build/stm32l5xx_it.o
                0x080410d4                SysTick_Handler
 .text.HAL_MspInit
                0x080410dc       0x30 build/stm32l5xx_hal_msp.o
                0x080410dc                HAL_MspInit
 .text.HAL_InitTick
                0x0804110c       0x50 build/stm32l5xx_hal.o
                0x0804110c                HAL_InitTick
 .text.HAL_Init
                0x0804115c       0x22 build/stm32l5xx_hal.o
                0x0804115c                HAL_Init
 *fill*         0x0804117e        0x2 
 .text.HAL_IncTick
                0x08041180       0x18 build/stm32l5xx_hal.o
                0x08041180                HAL_IncTick
 .text.HAL_GetTick
                0x08041198        0xc build/stm32l5xx_hal.o
                0x08041198                HAL_GetTick
 .text.HAL_Delay
                0x080411a4       0x28 build/stm32l5xx_hal.o
                0x080411a4                HAL_Delay
 .text.__NVIC_SetPriority
                0x080411cc       0x28 build/stm32l5xx_hal_cortex.o
 .text.NVIC_EncodePriority
                0x080411f4       0x3e build/stm32l5xx_hal_cortex.o
 *fill*         0x08041232        0x2 
 .text.HAL_NVIC_SetPriorityGrouping
                0x08041234       0x24 build/stm32l5xx_hal_cortex.o
                0x08041234                HAL_NVIC_SetPriorityGrouping
 .text.HAL_NVIC_SetPriority
                0x08041258       0x20 build/stm32l5xx_hal_cortex.o
                0x08041258                HAL_NVIC_SetPriority
 .text.HAL_SYSTICK_Config
                0x08041278       0x28 build/stm32l5xx_hal_cortex.o
                0x08041278                HAL_SYSTICK_Config
 .text.SystemInit
                0x080412a0       0x10 build/system_stm32l5xx_ns.o
                0x080412a0                SystemInit
 .text.SystemCoreClockUpdate
                0x080412b0       0x10 build/system_stm32l5xx_ns.o
                0x080412b0                SystemCoreClockUpdate
 .text.Reset_Handler
                0x080412c0       0x50 build/startup_stm32l562xx.o
                0x080412c0                Reset_Handler
 .text.Default_Handler
                0x08041310        0x2 build/startup_stm32l562xx.o
                0x08041310                EXTI2_IRQHandler
                0x08041310                TIM8_TRG_COM_IRQHandler
                0x08041310                TIM8_CC_IRQHandler
                0x08041310                EXTI5_IRQHandler
                0x08041310                DebugMon_Handler
                0x08041310                FLASH_S_IRQHandler
                0x08041310                EXTI13_IRQHandler
                0x08041310                TIM1_CC_IRQHandler
                0x08041310                TSC_IRQHandler
                0x08041310                HardFault_Handler
                0x08041310                TAMP_IRQHandler
                0x08041310                TIM6_IRQHandler
                0x08041310                EXTI12_IRQHandler
                0x08041310                DMA2_Channel8_IRQHandler
                0x08041310                NMI_Handler
                0x08041310                EXTI3_IRQHandler
                0x08041310                EXTI8_IRQHandler
                0x08041310                LPTIM2_IRQHandler
                0x08041310                DFSDM1_FLT1_IRQHandler
                0x08041310                USB_FS_IRQHandler
                0x08041310                I2C3_ER_IRQHandler
                0x08041310                DFSDM1_FLT2_IRQHandler
                0x08041310                DMAMUX1_IRQHandler
                0x08041310                LPTIM3_IRQHandler
                0x08041310                EXTI0_IRQHandler
                0x08041310                I2C2_EV_IRQHandler
                0x08041310                FPU_IRQHandler
                0x08041310                FDCAN1_IT1_IRQHandler
                0x08041310                ADC1_2_IRQHandler
                0x08041310                SPI1_IRQHandler
                0x08041310                OCTOSPI1_IRQHandler
                0x08041310                TIM8_UP_IRQHandler
                0x08041310                RCC_S_IRQHandler
                0x08041310                DMA2_Channel2_IRQHandler
                0x08041310                DMA1_Channel4_IRQHandler
                0x08041310                SAI2_IRQHandler
                0x08041310                DFSDM1_FLT3_IRQHandler
                0x08041310                PKA_IRQHandler
                0x08041310                EXTI15_IRQHandler
                0x08041310                TIM17_IRQHandler
                0x08041310                USART3_IRQHandler
                0x08041310                RTC_IRQHandler
                0x08041310                EXTI9_IRQHandler
                0x08041310                DMA1_Channel7_IRQHandler
                0x08041310                UART5_IRQHandler
                0x08041310                TIM4_IRQHandler
                0x08041310                DMA2_Channel1_IRQHandler
                0x08041310                I2C1_EV_IRQHandler
                0x08041310                DMA1_Channel6_IRQHandler
                0x08041310                TIM16_IRQHandler
                0x08041310                UART4_IRQHandler
                0x08041310                DMA2_Channel4_IRQHandler
                0x08041310                SecureFault_Handler
                0x08041310                TIM3_IRQHandler
                0x08041310                RCC_IRQHandler
                0x08041310                TIM1_TRG_COM_IRQHandler
                0x08041310                DMA1_Channel1_IRQHandler
                0x08041310                Default_Handler
                0x08041310                DMA2_Channel7_IRQHandler
                0x08041310                OTFDEC1_IRQHandler
                0x08041310                DMA1_Channel8_IRQHandler
                0x08041310                TIM7_IRQHandler
                0x08041310                SDMMC1_IRQHandler
                0x08041310                TIM5_IRQHandler
                0x08041310                UCPD1_IRQHandler
                0x08041310                TIM15_IRQHandler
                0x08041310                I2C3_EV_IRQHandler
                0x08041310                PVD_PVM_IRQHandler
                0x08041310                SPI2_IRQHandler
                0x08041310                EXTI14_IRQHandler
                0x08041310                EXTI11_IRQHandler
                0x08041310                DMA2_Channel5_IRQHandler
                0x08041310                CRS_IRQHandler
                0x08041310                DMA1_Channel5_IRQHandler
                0x08041310                EXTI4_IRQHandler
                0x08041310                RTC_S_IRQHandler
                0x08041310                RNG_IRQHandler
                0x08041310                DMAMUX1_S_IRQHandler
                0x08041310                DMA1_Channel3_IRQHandler
                0x08041310                COMP_IRQHandler
                0x08041310                TIM1_UP_IRQHandler
                0x08041310                WWDG_IRQHandler
                0x08041310                I2C4_EV_IRQHandler
                0x08041310                LPUART1_IRQHandler
                0x08041310                DMA2_Channel6_IRQHandler
                0x08041310                FDCAN1_IT0_IRQHandler
                0x08041310                TIM2_IRQHandler
                0x08041310                TAMP_S_IRQHandler
                0x08041310                EXTI7_IRQHandler
                0x08041310                TIM1_BRK_IRQHandler
                0x08041310                DAC_IRQHandler
                0x08041310                EXTI1_IRQHandler
                0x08041310                AES_IRQHandler
                0x08041310                GTZC_IRQHandler
                0x08041310                USART2_IRQHandler
                0x08041310                DFSDM1_FLT0_IRQHandler
                0x08041310                I2C2_ER_IRQHandler
                0x08041310                DMA1_Channel2_IRQHandler
                0x08041310                TIM8_BRK_IRQHandler
                0x08041310                FLASH_IRQHandler
                0x08041310                BusFault_Handler
                0x08041310                USART1_IRQHandler
                0x08041310                EXTI10_IRQHandler
                0x08041310                SPI3_IRQHandler
                0x08041310                I2C1_ER_IRQHandler
                0x08041310                FMC_IRQHandler
                0x08041310                EXTI6_IRQHandler
                0x08041310                LPTIM1_IRQHandler
                0x08041310                I2C4_ER_IRQHandler
                0x08041310                ICACHE_IRQHandler
                0x08041310                SAI1_IRQHandler
                0x08041310                HASH_IRQHandler
                0x08041310                DMA2_Channel3_IRQHandler
 *(.glue_7)
 .glue_7        0x08041312        0x0 linker stubs
 *(.glue_7t)
 .glue_7t       0x08041312        0x0 linker stubs
 *(.eh_frame)
 *fill*         0x08041312        0x2 
 .eh_frame      0x08041314        0x0 /usr/lib/gcc/arm-none-eabi/12.2.1/thumb/v8-m.main+fp/hard/crtbegin.o
 *(.init)
 .init          0x08041314        0x4 /usr/lib/gcc/arm-none-eabi/12.2.1/thumb/v8-m.main+fp/hard/crti.o
                0x08041314                _init
 .init          0x08041318        0x8 /usr/lib/gcc/arm-none-eabi/12.2.1/thumb/v8-m.main+fp/hard/crtn.o
 *(.fini)
 .fini          0x08041320        0x4 /usr/lib/gcc/arm-none-eabi/12.2.1/thumb/v8-m.main+fp/hard/crti.o
                0x08041320                _fini
 .fini          0x08041324        0x8 /usr/lib/gcc/arm-none-eabi/12.2.1/thumb/v8-m.main+fp/hard/crtn.o
 *fill*         0x0804132c        0x4 
 .fini.__stub   0x08041330       0x30 linker stubs
                0x08041360                        . = ALIGN (0x8)
 *fill*         0x08041360        0x0 
                0x08041360                        _etext = .

.vfp11_veneer   0x08041360        0x0
 .vfp11_veneer  0x08041360        0x0 linker stubs

.v4_bx          0x08041360        0x0
 .v4_bx         0x08041360        0x0 linker stubs

.iplt           0x08041360        0x0
 .iplt          0x08041360        0x0 /usr/lib/gcc/arm-none-eabi/12.2.1/thumb/v8-m.main+fp/hard/crtbegin.o

.rodata         0x08041360       0x88
                0x08041360                        . = ALIGN (0x8)
 *(.rodata)
 .rodata        0x08041360        0x4 /usr/lib/gcc/arm-none-eabi/12.2.1/../../../arm-none-eabi/lib/thumb/v8-m.main+fp/hard/libc_nano.a(lib_a-impure.o)
                0x08041360                _global_impure_ptr
 .rodata        0x08041364       0x60 /usr/lib/gcc/arm-none-eabi/12.2.1/../../../arm-none-eabi/lib/thumb/v8-m.main+fp/hard/libc_nano.a(lib_a-findfp.o)
                0x08041364                __sf_fake_stderr
                0x08041384                __sf_fake_stdout
                0x080413a4                __sf_fake_stdin
 *(.rodata*)
 .rodata.main.str1.4
                0x080413c4       0x1d build/main.o
                0x080413e8                        . = ALIGN (0x8)
 *fill*         0x080413e1        0x7 

.ARM.extab      0x080413e8        0x0
                0x080413e8                        . = ALIGN (0x8)
 *(.ARM.extab* .gnu.linkonce.armextab.*)
                0x080413e8                        . = ALIGN (0x8)

.ARM            0x080413e8        0x0
                0x080413e8                        . = ALIGN (0x8)
                0x080413e8                        __exidx_start = .
 *(.ARM.exidx*)
                0x080413e8                        __exidx_end = .
                0x080413e8                        . = ALIGN (0x8)

.preinit_array  0x080413e8        0x0
                0x080413e8                        . = ALIGN (0x8)
                0x080413e8                        PROVIDE (__preinit_array_start = .)
 *(.preinit_array*)
                0x080413e8                        PROVIDE (__preinit_array_end = .)
                0x080413e8                        . = ALIGN (0x8)

.init_array     0x080413e8        0x8
                0x080413e8                        . = ALIGN (0x8)
                0x080413e8                        PROVIDE (__init_array_start = .)
 *(SORT_BY_NAME(.init_array.*))
 *(.init_array*)
 .init_array    0x080413e8        0x4 /usr/lib/gcc/arm-none-eabi/12.2.1/thumb/v8-m.main+fp/hard/crtbegin.o
                0x080413ec                        PROVIDE (__init_array_end = .)
                0x080413f0                        . = ALIGN (0x8)
 *fill*         0x080413ec        0x4 

.fini_array     0x080413f0        0x8
                0x080413f0                        . = ALIGN (0x8)
                0x080413f0                        PROVIDE (__fini_array_start = .)
 *(SORT_BY_NAME(.fini_array.*))
 *(.fini_array*)
 .fini_array    0x080413f0        0x4 /usr/lib/gcc/arm-none-eabi/12.2.1/thumb/v8-m.main+fp/hard/crtbegin.o
                0x080413f4                        PROVIDE (__fini_array_end = .)
                0x080413f8                        . = ALIGN (0x8)
 *fill*         0x080413f4        0x4 
                0x080413f8                        _sidata = LOADADDR (.data)

.rel.dyn        0x080413f8        0x0
 .rel.iplt      0x080413f8        0x0 /usr/lib/gcc/arm-none-eabi/12.2.1/thumb/v8-m.main+fp/hard/crtbegin.o

.data           0x20018000       0x70 load address 0x080413f8
                0x20018000                        . = ALIGN (0x8)
                0x20018000                        _sdata = .
 *(.data)
 .data          0x20018000       0x64 /usr/lib/gcc/arm-none-eabi/12.2.1/../../../arm-none-eabi/lib/thumb/v8-m.main+fp/hard/libc_nano.a(lib_a-impure.o)
                0x20018000                _impure_ptr
 *(.data*)
 .data.uwTickFreq
                0x20018064        0x1 build/stm32l5xx_hal.o
                0x20018064                uwTickFreq
 *fill*         0x20018065        0x3 
 .data.uwTickPrio
                0x20018068        0x4 build/stm32l5xx_hal.o
                0x20018068                uwTickPrio
 .data.SystemCoreClock
                0x2001806c        0x4 build/system_stm32l5xx_ns.o
                0x2001806c                SystemCoreClock
                0x20018070                        . = ALIGN (0x8)
                0x20018070                        _edata = .

.tm_clone_table
                0x20018070        0x0 load address 0x08041468
 .tm_clone_table
                0x20018070        0x0 /usr/lib/gcc/arm-none-eabi/12.2.1/thumb/v8-m.main+fp/hard/crtbegin.o
 .tm_clone_table
                0x20018070        0x0 /usr/lib/gcc/arm-none-eabi/12.2.1/thumb/v8-m.main+fp/hard/crtend.o

.igot.plt       0x20018070        0x0 load address 0x08041468
 .igot.plt      0x20018070        0x0 /usr/lib/gcc/arm-none-eabi/12.2.1/thumb/v8-m.main+fp/hard/crtbegin.o
                0x20018070                        . = ALIGN (0x8)

.bss            0x20018070       0x30 load address 0x08041468
                0x20018070                        _sbss = .
                0x20018070                        __bss_start__ = _sbss
 *(.bss)
 .bss           0x20018070       0x1c /usr/lib/gcc/arm-none-eabi/12.2.1/thumb/v8-m.main+fp/hard/crtbegin.o
 .bss           0x2001808c        0x8 /usr/lib/gcc/arm-none-eabi/12.2.1/../../../arm-none-eabi/lib/thumb/v8-m.main+fp/hard/libc_nano.a(lib_a-nano-mallocr.o)
                0x2001808c                __malloc_free_list
                0x20018090                __malloc_sbrk_start
 .bss           0x20018094        0x4 /usr/lib/gcc/arm-none-eabi/12.2.1/../../../arm-none-eabi/lib/thumb/v8-m.main+fp/hard/libc_nano.a(lib_a-reent.o)
                0x20018094                errno
 *(.bss*)
 .bss.__sbrk_heap_end
                0x20018098        0x4 build/sysmem.o
 .bss.uwTick    0x2001809c        0x4 build/stm32l5xx_hal.o
                0x2001809c                uwTick
 *(COMMON)
                0x200180a0                        . = ALIGN (0x8)
                0x200180a0                        _ebss = .
                0x200180a0                        __bss_end__ = _ebss

._user_heap_stack
                0x200180a0      0x600 load address 0x08041468
                0x200180a0                        . = ALIGN (0x8)
                [!provide]                        PROVIDE (end = .)
                0x200180a0                        PROVIDE (_end = .)
                0x200182a0                        . = (. + _Min_Heap_Size)
 *fill*         0x200180a0      0x200 
                0x200186a0                        . = (. + _Min_Stack_Size)
 *fill*         0x200182a0      0x400 
                0x200186a0                        . = ALIGN (0x8)

/DISCARD/
 libc.a(*)
 libm.a(*)
 libgcc.a(*)

.ARM.attributes
                0x00000000       0x36
 *(.ARM.attributes)
 .ARM.attributes
                0x00000000       0x26 /usr/lib/gcc/arm-none-eabi/12.2.1/thumb/v8-m.main+fp/hard/crti.o
 .ARM.attributes
                0x00000026       0x38 /usr/lib/gcc/arm-none-eabi/12.2.1/thumb/v8-m.main+fp/hard/crtbegin.o
 .ARM.attributes
                0x0000005e       0x3a build/main.o
 .ARM.attributes
                0x00000098       0x3a build/syscalls.o
 .ARM.attributes
                0x000000d2       0x3a build/sysmem.o
 .ARM.attributes
                0x0000010c       0x3a build/stm32l5xx_it.o
 .ARM.attributes
                0x00000146       0x3a build/stm32l5xx_hal_msp.o
 .ARM.attributes
                0x00000180       0x3a build/stm32l5xx_hal.o
 .ARM.attributes
                0x000001ba       0x3a build/stm32l5xx_hal_cortex.o
 .ARM.attributes
                0x000001f4       0x3a build/system_stm32l5xx_ns.o
 .ARM.attributes
                0x0000022e       0x24 build/startup_stm32l562xx.o
 .ARM.attributes
                0x00000252       0x38 /usr/lib/gcc/arm-none-eabi/12.2.1/../../../arm-none-eabi/lib/thumb/v8-m.main+fp/hard/libc_nano.a(lib_a-errno.o)
 .ARM.attributes
                0x0000028a       0x38 /usr/lib/gcc/arm-none-eabi/12.2.1/../../../arm-none-eabi/lib/thumb/v8-m.main+fp/hard/libc_nano.a(lib_a-impure.o)
 .ARM.attributes
                0x000002c2       0x38 /usr/lib/gcc/arm-none-eabi/12.2.1/../../../arm-none-eabi/lib/thumb/v8-m.main+fp/hard/libc_nano.a(lib_a-init.o)
 .ARM.attributes
                0x000002fa       0x38 /usr/lib/gcc/arm-none-eabi/12.2.1/../../../arm-none-eabi/lib/thumb/v8-m.main+fp/hard/libc_nano.a(lib_a-memset.o)
 .ARM.attributes
                0x00000332       0x38 /usr/lib/gcc/arm-none-eabi/12.2.1/../../../arm-none-eabi/lib/thumb/v8-m.main+fp/hard/libc_nano.a(lib_a-puts.o)
 .ARM.attributes
                0x0000036a       0x38 /usr/lib/gcc/arm-none-eabi/12.2.1/../../../arm-none-eabi/lib/thumb/v8-m.main+fp/hard/libc_nano.a(lib_a-wbuf.o)
 .ARM.attributes
                0x000003a2       0x38 /usr/lib/gcc/arm-none-eabi/12.2.1/../../../arm-none-eabi/lib/thumb/v8-m.main+fp/hard/libc_nano.a(lib_a-wsetup.o)
 .ARM.attributes
                0x000003da       0x38 /usr/lib/gcc/arm-none-eabi/12.2.1/../../../arm-none-eabi/lib/thumb/v8-m.main+fp/hard/libc_nano.a(lib_a-fflush.o)
 .ARM.attributes
                0x00000412       0x38 /usr/lib/gcc/arm-none-eabi/12.2.1/../../../arm-none-eabi/lib/thumb/v8-m.main+fp/hard/libc_nano.a(lib_a-findfp.o)
 .ARM.attributes
                0x0000044a       0x38 /usr/lib/gcc/arm-none-eabi/12.2.1/../../../arm-none-eabi/lib/thumb/v8-m.main+fp/hard/libc_nano.a(lib_a-fwalk.o)
 .ARM.attributes
                0x00000482       0x38 /usr/lib/gcc/arm-none-eabi/12.2.1/../../../arm-none-eabi/lib/thumb/v8-m.main+fp/hard/libc_nano.a(lib_a-makebuf.o)
 .ARM.attributes
                0x000004ba       0x38 /usr/lib/gcc/arm-none-eabi/12.2.1/../../../arm-none-eabi/lib/thumb/v8-m.main+fp/hard/libc_nano.a(lib_a-nano-freer.o)
 .ARM.attributes
                0x000004f2       0x38 /usr/lib/gcc/arm-none-eabi/12.2.1/../../../arm-none-eabi/lib/thumb/v8-m.main+fp/hard/libc_nano.a(lib_a-nano-mallocr.o)
 .ARM.attributes
                0x0000052a       0x38 /usr/lib/gcc/arm-none-eabi/12.2.1/../../../arm-none-eabi/lib/thumb/v8-m.main+fp/hard/libc_nano.a(lib_a-sbrkr.o)
 .ARM.attributes
                0x00000562       0x38 /usr/lib/gcc/arm-none-eabi/12.2.1/../../../arm-none-eabi/lib/thumb/v8-m.main+fp/hard/libc_nano.a(lib_a-stdio.o)
 .ARM.attributes
                0x0000059a       0x38 /usr/lib/gcc/arm-none-eabi/12.2.1/../../../arm-none-eabi/lib/thumb/v8-m.main+fp/hard/libc_nano.a(lib_a-writer.o)
 .ARM.attributes
                0x000005d2       0x38 /usr/lib/gcc/arm-none-eabi/12.2.1/../../../arm-none-eabi/lib/thumb/v8-m.main+fp/hard/libc_nano.a(lib_a-closer.o)
 .ARM.attributes
                0x0000060a       0x38 /usr/lib/gcc/arm-none-eabi/12.2.1/../../../arm-none-eabi/lib/thumb/v8-m.main+fp/hard/libc_nano.a(lib_a-fstatr.o)
 .ARM.attributes
                0x00000642       0x38 /usr/lib/gcc/arm-none-eabi/12.2.1/../../../arm-none-eabi/lib/thumb/v8-m.main+fp/hard/libc_nano.a(lib_a-isattyr.o)
 .ARM.attributes
                0x0000067a       0x38 /usr/lib/gcc/arm-none-eabi/12.2.1/../../../arm-none-eabi/lib/thumb/v8-m.main+fp/hard/libc_nano.a(lib_a-lseekr.o)
 .ARM.attributes
                0x000006b2       0x38 /usr/lib/gcc/arm-none-eabi/12.2.1/../../../arm-none-eabi/lib/thumb/v8-m.main+fp/hard/libc_nano.a(lib_a-mlock.o)
 .ARM.attributes
                0x000006ea       0x38 /usr/lib/gcc/arm-none-eabi/12.2.1/../../../arm-none-eabi/lib/thumb/v8-m.main+fp/hard/libc_nano.a(lib_a-readr.o)
 .ARM.attributes
                0x00000722       0x38 /usr/lib/gcc/arm-none-eabi/12.2.1/../../../arm-none-eabi/lib/thumb/v8-m.main+fp/hard/libc_nano.a(lib_a-reent.o)
 .ARM.attributes
                0x0000075a       0x38 /usr/lib/gcc/arm-none-eabi/12.2.1/thumb/v8-m.main+fp/hard/crtend.o
 .ARM.attributes
                0x00000792       0x26 /usr/lib/gcc/arm-none-eabi/12.2.1/thumb/v8-m.main+fp/hard/crtn.o
OUTPUT(build/SecBoot_NS.elf elf32-littlearm)
LOAD linker stubs
LOAD /usr/lib/gcc/arm-none-eabi/12.2.1/../../../arm-none-eabi/lib/thumb/v8-m.main+fp/hard/libc.a
LOAD /usr/lib/gcc/arm-none-eabi/12.2.1/../../../arm-none-eabi/lib/thumb/v8-m.main+fp/hard/libm.a
LOAD /usr/lib/gcc/arm-none-eabi/12.2.1/thumb/v8-m.main+fp/hard/libgcc.a

.comment        0x00000000       0x26
 .comment       0x00000000       0x26 /usr/lib/gcc/arm-none-eabi/12.2.1/thumb/v8-m.main+fp/hard/crtbegin.o
                                 0x27 (size before relaxing)
 .comment       0x00000026       0x27 build/main.o
 .comment       0x00000026       0x27 build/syscalls.o
 .comment       0x00000026       0x27 build/sysmem.o
 .comment       0x00000026       0x27 build/stm32l5xx_it.o
 .comment       0x00000026       0x27 build/stm32l5xx_hal_msp.o
 .comment       0x00000026       0x27 build/stm32l5xx_hal.o
 .comment       0x00000026       0x27 build/stm32l5xx_hal_cortex.o
 .comment       0x00000026       0x27 build/system_stm32l5xx_ns.o
 .comment       0x00000026       0x27 /usr/lib/gcc/arm-none-eabi/12.2.1/../../../arm-none-eabi/lib/thumb/v8-m.main+fp/hard/libc_nano.a(lib_a-errno.o)
 .comment       0x00000026       0x27 /usr/lib/gcc/arm-none-eabi/12.2.1/../../../arm-none-eabi/lib/thumb/v8-m.main+fp/hard/libc_nano.a(lib_a-impure.o)
 .comment       0x00000026       0x27 /usr/lib/gcc/arm-none-eabi/12.2.1/../../../arm-none-eabi/lib/thumb/v8-m.main+fp/hard/libc_nano.a(lib_a-init.o)
 .comment       0x00000026       0x27 /usr/lib/gcc/arm-none-eabi/12.2.1/../../../arm-none-eabi/lib/thumb/v8-m.main+fp/hard/libc_nano.a(lib_a-memset.o)
 .comment       0x00000026       0x27 /usr/lib/gcc/arm-none-eabi/12.2.1/../../../arm-none-eabi/lib/thumb/v8-m.main+fp/hard/libc_nano.a(lib_a-puts.o)
 .comment       0x00000026       0x27 /usr/lib/gcc/arm-none-eabi/12.2.1/../../../arm-none-eabi/lib/thumb/v8-m.main+fp/hard/libc_nano.a(lib_a-wbuf.o)
 .comment       0x00000026       0x27 /usr/lib/gcc/arm-none-eabi/12.2.1/../../../arm-none-eabi/lib/thumb/v8-m.main+fp/hard/libc_nano.a(lib_a-wsetup.o)
 .comment       0x00000026       0x27 /usr/lib/gcc/arm-none-eabi/12.2.1/../../../arm-none-eabi/lib/thumb/v8-m.main+fp/hard/libc_nano.a(lib_a-fflush.o)
 .comment       0x00000026       0x27 /usr/lib/gcc/arm-none-eabi/12.2.1/../../../arm-none-eabi/lib/thumb/v8-m.main+fp/hard/libc_nano.a(lib_a-findfp.o)
 .comment       0x00000026       0x27 /usr/lib/gcc/arm-none-eabi/12.2.1/../../../arm-none-eabi/lib/thumb/v8-m.main+fp/hard/libc_nano.a(lib_a-fwalk.o)
 .comment       0x00000026       0x27 /usr/lib/gcc/arm-none-eabi/12.2.1/../../../arm-none-eabi/lib/thumb/v8-m.main+fp/hard/libc_nano.a(lib_a-makebuf.o)
 .comment       0x00000026       0x27 /usr/lib/gcc/arm-none-eabi/12.2.1/../../../arm-none-eabi/lib/thumb/v8-m.main+fp/hard/libc_nano.a(lib_a-nano-freer.o)
 .comment       0x00000026       0x27 /usr/lib/gcc/arm-none-eabi/12.2.1/../../../arm-none-eabi/lib/thumb/v8-m.main+fp/hard/libc_nano.a(lib_a-nano-mallocr.o)
 .comment       0x00000026       0x27 /usr/lib/gcc/arm-none-eabi/12.2.1/../../../arm-none-eabi/lib/thumb/v8-m.main+fp/hard/libc_nano.a(lib_a-sbrkr.o)
 .comment       0x00000026       0x27 /usr/lib/gcc/arm-none-eabi/12.2.1/../../../arm-none-eabi/lib/thumb/v8-m.main+fp/hard/libc_nano.a(lib_a-stdio.o)
 .comment       0x00000026       0x27 /usr/lib/gcc/arm-none-eabi/12.2.1/../../../arm-none-eabi/lib/thumb/v8-m.main+fp/hard/libc_nano.a(lib_a-writer.o)
 .comment       0x00000026       0x27 /usr/lib/gcc/arm-none-eabi/12.2.1/../../../arm-none-eabi/lib/thumb/v8-m.main+fp/hard/libc_nano.a(lib_a-closer.o)
 .comment       0x00000026       0x27 /usr/lib/gcc/arm-none-eabi/12.2.1/../../../arm-none-eabi/lib/thumb/v8-m.main+fp/hard/libc_nano.a(lib_a-fstatr.o)
 .comment       0x00000026       0x27 /usr/lib/gcc/arm-none-eabi/12.2.1/../../../arm-none-eabi/lib/thumb/v8-m.main+fp/hard/libc_nano.a(lib_a-isattyr.o)
 .comment       0x00000026       0x27 /usr/lib/gcc/arm-none-eabi/12.2.1/../../../arm-none-eabi/lib/thumb/v8-m.main+fp/hard/libc_nano.a(lib_a-lseekr.o)
 .comment       0x00000026       0x27 /usr/lib/gcc/arm-none-eabi/12.2.1/../../../arm-none-eabi/lib/thumb/v8-m.main+fp/hard/libc_nano.a(lib_a-mlock.o)
 .comment       0x00000026       0x27 /usr/lib/gcc/arm-none-eabi/12.2.1/../../../arm-none-eabi/lib/thumb/v8-m.main+fp/hard/libc_nano.a(lib_a-readr.o)
 .comment       0x00000026       0x27 /usr/lib/gcc/arm-none-eabi/12.2.1/../../../arm-none-eabi/lib/thumb/v8-m.main+fp/hard/libc_nano.a(lib_a-reent.o)
 .comment       0x00000026       0x27 /usr/lib/gcc/arm-none-eabi/12.2.1/thumb/v8-m.main+fp/hard/crtend.o

.debug_info     0x00000000    0x100bf
 .debug_info    0x00000000      0x1fb build/main.o
 .debug_info    0x000001fb      0x87d build/syscalls.o
 .debug_info    0x00000a78      0x174 build/sysmem.o
 .debug_info    0x00000bec      0x100 build/stm32l5xx_it.o
 .debug_info    0x00000cec      0x451 build/stm32l5xx_hal_msp.o
 .debug_info    0x0000113d      0xf73 build/stm32l5xx_hal.o
 .debug_info    0x000020b0     0x15d7 build/stm32l5xx_hal_cortex.o
 .debug_info    0x00003687      0x502 build/system_stm32l5xx_ns.o
 .debug_info    0x00003b89       0x30 build/startup_stm32l562xx.o
 .debug_info    0x00003bb9      0x751 /usr/lib/gcc/arm-none-eabi/12.2.1/../../../arm-none-eabi/lib/thumb/v8-m.main+fp/hard/libc_nano.a(lib_a-errno.o)
 .debug_info    0x0000430a      0x7fc /usr/lib/gcc/arm-none-eabi/12.2.1/../../../arm-none-eabi/lib/thumb/v8-m.main+fp/hard/libc_nano.a(lib_a-impure.o)
 .debug_info    0x00004b06      0x10b /usr/lib/gcc/arm-none-eabi/12.2.1/../../../arm-none-eabi/lib/thumb/v8-m.main+fp/hard/libc_nano.a(lib_a-init.o)
 .debug_info    0x00004c11      0x135 /usr/lib/gcc/arm-none-eabi/12.2.1/../../../arm-none-eabi/lib/thumb/v8-m.main+fp/hard/libc_nano.a(lib_a-memset.o)
 .debug_info    0x00004d46      0x9ff /usr/lib/gcc/arm-none-eabi/12.2.1/../../../arm-none-eabi/lib/thumb/v8-m.main+fp/hard/libc_nano.a(lib_a-puts.o)
 .debug_info    0x00005745      0x94c /usr/lib/gcc/arm-none-eabi/12.2.1/../../../arm-none-eabi/lib/thumb/v8-m.main+fp/hard/libc_nano.a(lib_a-wbuf.o)
 .debug_info    0x00006091      0x8af /usr/lib/gcc/arm-none-eabi/12.2.1/../../../arm-none-eabi/lib/thumb/v8-m.main+fp/hard/libc_nano.a(lib_a-wsetup.o)
 .debug_info    0x00006940      0xacf /usr/lib/gcc/arm-none-eabi/12.2.1/../../../arm-none-eabi/lib/thumb/v8-m.main+fp/hard/libc_nano.a(lib_a-fflush.o)
 .debug_info    0x0000740f     0x1007 /usr/lib/gcc/arm-none-eabi/12.2.1/../../../arm-none-eabi/lib/thumb/v8-m.main+fp/hard/libc_nano.a(lib_a-findfp.o)
 .debug_info    0x00008416      0x88f /usr/lib/gcc/arm-none-eabi/12.2.1/../../../arm-none-eabi/lib/thumb/v8-m.main+fp/hard/libc_nano.a(lib_a-fwalk.o)
 .debug_info    0x00008ca5      0xc55 /usr/lib/gcc/arm-none-eabi/12.2.1/../../../arm-none-eabi/lib/thumb/v8-m.main+fp/hard/libc_nano.a(lib_a-makebuf.o)
 .debug_info    0x000098fa      0x8cd /usr/lib/gcc/arm-none-eabi/12.2.1/../../../arm-none-eabi/lib/thumb/v8-m.main+fp/hard/libc_nano.a(lib_a-nano-freer.o)
 .debug_info    0x0000a1c7      0x9cd /usr/lib/gcc/arm-none-eabi/12.2.1/../../../arm-none-eabi/lib/thumb/v8-m.main+fp/hard/libc_nano.a(lib_a-nano-mallocr.o)
 .debug_info    0x0000ab94      0x7d2 /usr/lib/gcc/arm-none-eabi/12.2.1/../../../arm-none-eabi/lib/thumb/v8-m.main+fp/hard/libc_nano.a(lib_a-sbrkr.o)
 .debug_info    0x0000b366      0xaa4 /usr/lib/gcc/arm-none-eabi/12.2.1/../../../arm-none-eabi/lib/thumb/v8-m.main+fp/hard/libc_nano.a(lib_a-stdio.o)
 .debug_info    0x0000be0a      0x809 /usr/lib/gcc/arm-none-eabi/12.2.1/../../../arm-none-eabi/lib/thumb/v8-m.main+fp/hard/libc_nano.a(lib_a-writer.o)
 .debug_info    0x0000c613      0x7ad /usr/lib/gcc/arm-none-eabi/12.2.1/../../../arm-none-eabi/lib/thumb/v8-m.main+fp/hard/libc_nano.a(lib_a-closer.o)
 .debug_info    0x0000cdc0      0x9cb /usr/lib/gcc/arm-none-eabi/12.2.1/../../../arm-none-eabi/lib/thumb/v8-m.main+fp/hard/libc_nano.a(lib_a-fstatr.o)
 .debug_info    0x0000d78b      0x7ad /usr/lib/gcc/arm-none-eabi/12.2.1/../../../arm-none-eabi/lib/thumb/v8-m.main+fp/hard/libc_nano.a(lib_a-isattyr.o)
 .debug_info    0x0000df38      0x7ec /usr/lib/gcc/arm-none-eabi/12.2.1/../../../arm-none-eabi/lib/thumb/v8-m.main+fp/hard/libc_nano.a(lib_a-lseekr.o)
 .debug_info    0x0000e724      0x77c /usr/lib/gcc/arm-none-eabi/12.2.1/../../../arm-none-eabi/lib/thumb/v8-m.main+fp/hard/libc_nano.a(lib_a-mlock.o)
 .debug_info    0x0000eea0      0x803 /usr/lib/gcc/arm-none-eabi/12.2.1/../../../arm-none-eabi/lib/thumb/v8-m.main+fp/hard/libc_nano.a(lib_a-readr.o)
 .debug_info    0x0000f6a3      0xa1c /usr/lib/gcc/arm-none-eabi/12.2.1/../../../arm-none-eabi/lib/thumb/v8-m.main+fp/hard/libc_nano.a(lib_a-reent.o)

.debug_abbrev   0x00000000     0x3ac4
 .debug_abbrev  0x00000000      0x14c build/main.o
 .debug_abbrev  0x0000014c      0x1fd build/syscalls.o
 .debug_abbrev  0x00000349       0xeb build/sysmem.o
 .debug_abbrev  0x00000434       0x80 build/stm32l5xx_it.o
 .debug_abbrev  0x000004b4       0xd3 build/stm32l5xx_hal_msp.o
 .debug_abbrev  0x00000587      0x2e1 build/stm32l5xx_hal.o
 .debug_abbrev  0x00000868      0x3da build/stm32l5xx_hal_cortex.o
 .debug_abbrev  0x00000c42      0x113 build/system_stm32l5xx_ns.o
 .debug_abbrev  0x00000d55       0x1d build/startup_stm32l562xx.o
 .debug_abbrev  0x00000d72      0x15e /usr/lib/gcc/arm-none-eabi/12.2.1/../../../arm-none-eabi/lib/thumb/v8-m.main+fp/hard/libc_nano.a(lib_a-errno.o)
 .debug_abbrev  0x00000ed0      0x15a /usr/lib/gcc/arm-none-eabi/12.2.1/../../../arm-none-eabi/lib/thumb/v8-m.main+fp/hard/libc_nano.a(lib_a-impure.o)
 .debug_abbrev  0x0000102a       0xc9 /usr/lib/gcc/arm-none-eabi/12.2.1/../../../arm-none-eabi/lib/thumb/v8-m.main+fp/hard/libc_nano.a(lib_a-init.o)
 .debug_abbrev  0x000010f3       0xb7 /usr/lib/gcc/arm-none-eabi/12.2.1/../../../arm-none-eabi/lib/thumb/v8-m.main+fp/hard/libc_nano.a(lib_a-memset.o)
 .debug_abbrev  0x000011aa      0x2ad /usr/lib/gcc/arm-none-eabi/12.2.1/../../../arm-none-eabi/lib/thumb/v8-m.main+fp/hard/libc_nano.a(lib_a-puts.o)
 .debug_abbrev  0x00001457      0x237 /usr/lib/gcc/arm-none-eabi/12.2.1/../../../arm-none-eabi/lib/thumb/v8-m.main+fp/hard/libc_nano.a(lib_a-wbuf.o)
 .debug_abbrev  0x0000168e      0x1d9 /usr/lib/gcc/arm-none-eabi/12.2.1/../../../arm-none-eabi/lib/thumb/v8-m.main+fp/hard/libc_nano.a(lib_a-wsetup.o)
 .debug_abbrev  0x00001867      0x2f0 /usr/lib/gcc/arm-none-eabi/12.2.1/../../../arm-none-eabi/lib/thumb/v8-m.main+fp/hard/libc_nano.a(lib_a-fflush.o)
 .debug_abbrev  0x00001b57      0x3e9 /usr/lib/gcc/arm-none-eabi/12.2.1/../../../arm-none-eabi/lib/thumb/v8-m.main+fp/hard/libc_nano.a(lib_a-findfp.o)
 .debug_abbrev  0x00001f40      0x19f /usr/lib/gcc/arm-none-eabi/12.2.1/../../../arm-none-eabi/lib/thumb/v8-m.main+fp/hard/libc_nano.a(lib_a-fwalk.o)
 .debug_abbrev  0x000020df      0x2b1 /usr/lib/gcc/arm-none-eabi/12.2.1/../../../arm-none-eabi/lib/thumb/v8-m.main+fp/hard/libc_nano.a(lib_a-makebuf.o)
 .debug_abbrev  0x00002390      0x249 /usr/lib/gcc/arm-none-eabi/12.2.1/../../../arm-none-eabi/lib/thumb/v8-m.main+fp/hard/libc_nano.a(lib_a-nano-freer.o)
 .debug_abbrev  0x000025d9      0x2aa /usr/lib/gcc/arm-none-eabi/12.2.1/../../../arm-none-eabi/lib/thumb/v8-m.main+fp/hard/libc_nano.a(lib_a-nano-mallocr.o)
 .debug_abbrev  0x00002883      0x1da /usr/lib/gcc/arm-none-eabi/12.2.1/../../../arm-none-eabi/lib/thumb/v8-m.main+fp/hard/libc_nano.a(lib_a-sbrkr.o)
 .debug_abbrev  0x00002a5d      0x224 /usr/lib/gcc/arm-none-eabi/12.2.1/../../../arm-none-eabi/lib/thumb/v8-m.main+fp/hard/libc_nano.a(lib_a-stdio.o)
 .debug_abbrev  0x00002c81      0x1b5 /usr/lib/gcc/arm-none-eabi/12.2.1/../../../arm-none-eabi/lib/thumb/v8-m.main+fp/hard/libc_nano.a(lib_a-writer.o)
 .debug_abbrev  0x00002e36      0x1b0 /usr/lib/gcc/arm-none-eabi/12.2.1/../../../arm-none-eabi/lib/thumb/v8-m.main+fp/hard/libc_nano.a(lib_a-closer.o)
 .debug_abbrev  0x00002fe6      0x1c3 /usr/lib/gcc/arm-none-eabi/12.2.1/../../../arm-none-eabi/lib/thumb/v8-m.main+fp/hard/libc_nano.a(lib_a-fstatr.o)
 .debug_abbrev  0x000031a9      0x1b0 /usr/lib/gcc/arm-none-eabi/12.2.1/../../../arm-none-eabi/lib/thumb/v8-m.main+fp/hard/libc_nano.a(lib_a-isattyr.o)
 .debug_abbrev  0x00003359      0x1c4 /usr/lib/gcc/arm-none-eabi/12.2.1/../../../arm-none-eabi/lib/thumb/v8-m.main+fp/hard/libc_nano.a(lib_a-lseekr.o)
 .debug_abbrev  0x0000351d      0x192 /usr/lib/gcc/arm-none-eabi/12.2.1/../../../arm-none-eabi/lib/thumb/v8-m.main+fp/hard/libc_nano.a(lib_a-mlock.o)
 .debug_abbrev  0x000036af      0x1b0 /usr/lib/gcc/arm-none-eabi/12.2.1/../../../arm-none-eabi/lib/thumb/v8-m.main+fp/hard/libc_nano.a(lib_a-readr.o)
 .debug_abbrev  0x0000385f      0x265 /usr/lib/gcc/arm-none-eabi/12.2.1/../../../arm-none-eabi/lib/thumb/v8-m.main+fp/hard/libc_nano.a(lib_a-reent.o)

.debug_loc      0x00000000     0x1325
 .debug_loc     0x00000000       0x20 build/main.o
 .debug_loc     0x00000020      0x553 build/syscalls.o
 .debug_loc     0x00000573       0x84 build/sysmem.o
 .debug_loc     0x000005f7       0x20 build/stm32l5xx_it.o
 .debug_loc     0x00000617       0x2c build/stm32l5xx_hal_msp.o
 .debug_loc     0x00000643      0x3af build/stm32l5xx_hal.o
 .debug_loc     0x000009f2      0x913 build/stm32l5xx_hal_cortex.o
 .debug_loc     0x00001305       0x20 build/system_stm32l5xx_ns.o

.debug_aranges  0x00000000      0x6b8
 .debug_aranges
                0x00000000       0x28 build/main.o
 .debug_aranges
                0x00000028       0xb0 build/syscalls.o
 .debug_aranges
                0x000000d8       0x20 build/sysmem.o
 .debug_aranges
                0x000000f8       0x40 build/stm32l5xx_it.o
 .debug_aranges
                0x00000138       0x20 build/stm32l5xx_hal_msp.o
 .debug_aranges
                0x00000158      0x130 build/stm32l5xx_hal.o
 .debug_aranges
                0x00000288      0x108 build/stm32l5xx_hal_cortex.o
 .debug_aranges
                0x00000390       0x28 build/system_stm32l5xx_ns.o
 .debug_aranges
                0x000003b8       0x28 build/startup_stm32l562xx.o
 .debug_aranges
                0x000003e0       0x20 /usr/lib/gcc/arm-none-eabi/12.2.1/../../../arm-none-eabi/lib/thumb/v8-m.main+fp/hard/libc_nano.a(lib_a-errno.o)
 .debug_aranges
                0x00000400       0x18 /usr/lib/gcc/arm-none-eabi/12.2.1/../../../arm-none-eabi/lib/thumb/v8-m.main+fp/hard/libc_nano.a(lib_a-impure.o)
 .debug_aranges
                0x00000418       0x20 /usr/lib/gcc/arm-none-eabi/12.2.1/../../../arm-none-eabi/lib/thumb/v8-m.main+fp/hard/libc_nano.a(lib_a-init.o)
 .debug_aranges
                0x00000438       0x20 /usr/lib/gcc/arm-none-eabi/12.2.1/../../../arm-none-eabi/lib/thumb/v8-m.main+fp/hard/libc_nano.a(lib_a-memset.o)
 .debug_aranges
                0x00000458       0x20 /usr/lib/gcc/arm-none-eabi/12.2.1/../../../arm-none-eabi/lib/thumb/v8-m.main+fp/hard/libc_nano.a(lib_a-puts.o)
 .debug_aranges
                0x00000478       0x20 /usr/lib/gcc/arm-none-eabi/12.2.1/../../../arm-none-eabi/lib/thumb/v8-m.main+fp/hard/libc_nano.a(lib_a-wbuf.o)
 .debug_aranges
                0x00000498       0x20 /usr/lib/gcc/arm-none-eabi/12.2.1/../../../arm-none-eabi/lib/thumb/v8-m.main+fp/hard/libc_nano.a(lib_a-wsetup.o)
 .debug_aranges
                0x000004b8       0x20 /usr/lib/gcc/arm-none-eabi/12.2.1/../../../arm-none-eabi/lib/thumb/v8-m.main+fp/hard/libc_nano.a(lib_a-fflush.o)
 .debug_aranges
                0x000004d8       0x20 /usr/lib/gcc/arm-none-eabi/12.2.1/../../../arm-none-eabi/lib/thumb/v8-m.main+fp/hard/libc_nano.a(lib_a-findfp.o)
 .debug_aranges
                0x000004f8       0x20 /usr/lib/gcc/arm-none-eabi/12.2.1/../../../arm-none-eabi/lib/thumb/v8-m.main+fp/hard/libc_nano.a(lib_a-fwalk.o)
 .debug_aranges
                0x00000518       0x20 /usr/lib/gcc/arm-none-eabi/12.2.1/../../../arm-none-eabi/lib/thumb/v8-m.main+fp/hard/libc_nano.a(lib_a-makebuf.o)
 .debug_aranges
                0x00000538       0x20 /usr/lib/gcc/arm-none-eabi/12.2.1/../../../arm-none-eabi/lib/thumb/v8-m.main+fp/hard/libc_nano.a(lib_a-nano-freer.o)
 .debug_aranges
                0x00000558       0x20 /usr/lib/gcc/arm-none-eabi/12.2.1/../../../arm-none-eabi/lib/thumb/v8-m.main+fp/hard/libc_nano.a(lib_a-nano-mallocr.o)
 .debug_aranges
                0x00000578       0x20 /usr/lib/gcc/arm-none-eabi/12.2.1/../../../arm-none-eabi/lib/thumb/v8-m.main+fp/hard/libc_nano.a(lib_a-sbrkr.o)
 .debug_aranges
                0x00000598       0x20 /usr/lib/gcc/arm-none-eabi/12.2.1/../../../arm-none-eabi/lib/thumb/v8-m.main+fp/hard/libc_nano.a(lib_a-stdio.o)
 .debug_aranges
                0x000005b8       0x20 /usr/lib/gcc/arm-none-eabi/12.2.1/../../../arm-none-eabi/lib/thumb/v8-m.main+fp/hard/libc_nano.a(lib_a-writer.o)
 .debug_aranges
                0x000005d8       0x20 /usr/lib/gcc/arm-none-eabi/12.2.1/../../../arm-none-eabi/lib/thumb/v8-m.main+fp/hard/libc_nano.a(lib_a-closer.o)
 .debug_aranges
                0x000005f8       0x20 /usr/lib/gcc/arm-none-eabi/12.2.1/../../../arm-none-eabi/lib/thumb/v8-m.main+fp/hard/libc_nano.a(lib_a-fstatr.o)
 .debug_aranges
                0x00000618       0x20 /usr/lib/gcc/arm-none-eabi/12.2.1/../../../arm-none-eabi/lib/thumb/v8-m.main+fp/hard/libc_nano.a(lib_a-isattyr.o)
 .debug_aranges
                0x00000638       0x20 /usr/lib/gcc/arm-none-eabi/12.2.1/../../../arm-none-eabi/lib/thumb/v8-m.main+fp/hard/libc_nano.a(lib_a-lseekr.o)
 .debug_aranges
                0x00000658       0x20 /usr/lib/gcc/arm-none-eabi/12.2.1/../../../arm-none-eabi/lib/thumb/v8-m.main+fp/hard/libc_nano.a(lib_a-mlock.o)
 .debug_aranges
                0x00000678       0x20 /usr/lib/gcc/arm-none-eabi/12.2.1/../../../arm-none-eabi/lib/thumb/v8-m.main+fp/hard/libc_nano.a(lib_a-readr.o)
 .debug_aranges
                0x00000698       0x20 /usr/lib/gcc/arm-none-eabi/12.2.1/../../../arm-none-eabi/lib/thumb/v8-m.main+fp/hard/libc_nano.a(lib_a-reent.o)

.debug_ranges   0x00000000      0x358
 .debug_ranges  0x00000000       0x18 build/main.o
 .debug_ranges  0x00000018       0xa0 build/syscalls.o
 .debug_ranges  0x000000b8       0x10 build/sysmem.o
 .debug_ranges  0x000000c8       0x30 build/stm32l5xx_it.o
 .debug_ranges  0x000000f8       0x10 build/stm32l5xx_hal_msp.o
 .debug_ranges  0x00000108      0x120 build/stm32l5xx_hal.o
 .debug_ranges  0x00000228       0xf8 build/stm32l5xx_hal_cortex.o
 .debug_ranges  0x00000320       0x18 build/system_stm32l5xx_ns.o
 .debug_ranges  0x00000338       0x20 build/startup_stm32l562xx.o

.debug_line     0x00000000     0x4c96
 .debug_line    0x00000000      0x1a4 build/main.o
 .debug_line    0x000001a4      0x3ca build/syscalls.o
 .debug_line    0x0000056e      0x109 build/sysmem.o
 .debug_line    0x00000677      0x10b build/stm32l5xx_it.o
 .debug_line    0x00000782       0xe7 build/stm32l5xx_hal_msp.o
 .debug_line    0x00000869      0x66e build/stm32l5xx_hal.o
 .debug_line    0x00000ed7      0x8b8 build/stm32l5xx_hal_cortex.o
 .debug_line    0x0000178f      0x131 build/system_stm32l5xx_ns.o
 .debug_line    0x000018c0       0x75 build/startup_stm32l562xx.o
 .debug_line    0x00001935      0x103 /usr/lib/gcc/arm-none-eabi/12.2.1/../../../arm-none-eabi/lib/thumb/v8-m.main+fp/hard/libc_nano.a(lib_a-errno.o)
 .debug_line    0x00001a38       0xde /usr/lib/gcc/arm-none-eabi/12.2.1/../../../arm-none-eabi/lib/thumb/v8-m.main+fp/hard/libc_nano.a(lib_a-impure.o)
 .debug_line    0x00001b16      0x137 /usr/lib/gcc/arm-none-eabi/12.2.1/../../../arm-none-eabi/lib/thumb/v8-m.main+fp/hard/libc_nano.a(lib_a-init.o)
 .debug_line    0x00001c4d      0x1b5 /usr/lib/gcc/arm-none-eabi/12.2.1/../../../arm-none-eabi/lib/thumb/v8-m.main+fp/hard/libc_nano.a(lib_a-memset.o)
 .debug_line    0x00001e02      0x314 /usr/lib/gcc/arm-none-eabi/12.2.1/../../../arm-none-eabi/lib/thumb/v8-m.main+fp/hard/libc_nano.a(lib_a-puts.o)
 .debug_line    0x00002116      0x276 /usr/lib/gcc/arm-none-eabi/12.2.1/../../../arm-none-eabi/lib/thumb/v8-m.main+fp/hard/libc_nano.a(lib_a-wbuf.o)
 .debug_line    0x0000238c      0x304 /usr/lib/gcc/arm-none-eabi/12.2.1/../../../arm-none-eabi/lib/thumb/v8-m.main+fp/hard/libc_nano.a(lib_a-wsetup.o)
 .debug_line    0x00002690      0x44b /usr/lib/gcc/arm-none-eabi/12.2.1/../../../arm-none-eabi/lib/thumb/v8-m.main+fp/hard/libc_nano.a(lib_a-fflush.o)
 .debug_line    0x00002adb      0x598 /usr/lib/gcc/arm-none-eabi/12.2.1/../../../arm-none-eabi/lib/thumb/v8-m.main+fp/hard/libc_nano.a(lib_a-findfp.o)
 .debug_line    0x00003073      0x262 /usr/lib/gcc/arm-none-eabi/12.2.1/../../../arm-none-eabi/lib/thumb/v8-m.main+fp/hard/libc_nano.a(lib_a-fwalk.o)
 .debug_line    0x000032d5      0x379 /usr/lib/gcc/arm-none-eabi/12.2.1/../../../arm-none-eabi/lib/thumb/v8-m.main+fp/hard/libc_nano.a(lib_a-makebuf.o)
 .debug_line    0x0000364e      0x286 /usr/lib/gcc/arm-none-eabi/12.2.1/../../../arm-none-eabi/lib/thumb/v8-m.main+fp/hard/libc_nano.a(lib_a-nano-freer.o)
 .debug_line    0x000038d4      0x2c9 /usr/lib/gcc/arm-none-eabi/12.2.1/../../../arm-none-eabi/lib/thumb/v8-m.main+fp/hard/libc_nano.a(lib_a-nano-mallocr.o)
 .debug_line    0x00003b9d      0x177 /usr/lib/gcc/arm-none-eabi/12.2.1/../../../arm-none-eabi/lib/thumb/v8-m.main+fp/hard/libc_nano.a(lib_a-sbrkr.o)
 .debug_line    0x00003d14      0x237 /usr/lib/gcc/arm-none-eabi/12.2.1/../../../arm-none-eabi/lib/thumb/v8-m.main+fp/hard/libc_nano.a(lib_a-stdio.o)
 .debug_line    0x00003f4b      0x181 /usr/lib/gcc/arm-none-eabi/12.2.1/../../../arm-none-eabi/lib/thumb/v8-m.main+fp/hard/libc_nano.a(lib_a-writer.o)
 .debug_line    0x000040cc      0x177 /usr/lib/gcc/arm-none-eabi/12.2.1/../../../arm-none-eabi/lib/thumb/v8-m.main+fp/hard/libc_nano.a(lib_a-closer.o)
 .debug_line    0x00004243      0x1eb /usr/lib/gcc/arm-none-eabi/12.2.1/../../../arm-none-eabi/lib/thumb/v8-m.main+fp/hard/libc_nano.a(lib_a-fstatr.o)
 .debug_line    0x0000442e      0x178 /usr/lib/gcc/arm-none-eabi/12.2.1/../../../arm-none-eabi/lib/thumb/v8-m.main+fp/hard/libc_nano.a(lib_a-isattyr.o)
 .debug_line    0x000045a6      0x181 /usr/lib/gcc/arm-none-eabi/12.2.1/../../../arm-none-eabi/lib/thumb/v8-m.main+fp/hard/libc_nano.a(lib_a-lseekr.o)
 .debug_line    0x00004727      0x13b /usr/lib/gcc/arm-none-eabi/12.2.1/../../../arm-none-eabi/lib/thumb/v8-m.main+fp/hard/libc_nano.a(lib_a-mlock.o)
 .debug_line    0x00004862      0x180 /usr/lib/gcc/arm-none-eabi/12.2.1/../../../arm-none-eabi/lib/thumb/v8-m.main+fp/hard/libc_nano.a(lib_a-readr.o)
 .debug_line    0x000049e2      0x2b4 /usr/lib/gcc/arm-none-eabi/12.2.1/../../../arm-none-eabi/lib/thumb/v8-m.main+fp/hard/libc_nano.a(lib_a-reent.o)

.debug_str      0x00000000     0x275b
 .debug_str     0x00000000      0x20d build/main.o
                                0x254 (size before relaxing)
 .debug_str     0x0000020d      0x23c build/syscalls.o
                                0x400 (size before relaxing)
 .debug_str     0x00000449       0x8a build/sysmem.o
                                0x20d (size before relaxing)
 .debug_str     0x000004d3       0x84 build/stm32l5xx_it.o
                                0x1ec (size before relaxing)
 .debug_str     0x00000557      0x1f7 build/stm32l5xx_hal_msp.o
                                0x373 (size before relaxing)
 .debug_str     0x0000074e      0xabe build/stm32l5xx_hal.o
                                0xeb1 (size before relaxing)
 .debug_str     0x0000120c      0x5e9 build/stm32l5xx_hal_cortex.o
                                0xe90 (size before relaxing)
 .debug_str     0x000017f5       0x81 build/system_stm32l5xx_ns.o
                                0x331 (size before relaxing)
 .debug_str     0x00001876       0x30 build/startup_stm32l562xx.o
                                 0x64 (size before relaxing)
 .debug_str     0x000018a6      0x3e9 /usr/lib/gcc/arm-none-eabi/12.2.1/../../../arm-none-eabi/lib/thumb/v8-m.main+fp/hard/libc_nano.a(lib_a-errno.o)
                                0x4ff (size before relaxing)
 .debug_str     0x00001c8f       0xf0 /usr/lib/gcc/arm-none-eabi/12.2.1/../../../arm-none-eabi/lib/thumb/v8-m.main+fp/hard/libc_nano.a(lib_a-impure.o)
                                0x556 (size before relaxing)
 .debug_str     0x00001d7f       0xee /usr/lib/gcc/arm-none-eabi/12.2.1/../../../arm-none-eabi/lib/thumb/v8-m.main+fp/hard/libc_nano.a(lib_a-init.o)
                                0x203 (size before relaxing)
 .debug_str     0x00001e6d       0xaf /usr/lib/gcc/arm-none-eabi/12.2.1/../../../arm-none-eabi/lib/thumb/v8-m.main+fp/hard/libc_nano.a(lib_a-memset.o)
                                0x1b8 (size before relaxing)
 .debug_str     0x00001f1c       0xd0 /usr/lib/gcc/arm-none-eabi/12.2.1/../../../arm-none-eabi/lib/thumb/v8-m.main+fp/hard/libc_nano.a(lib_a-puts.o)
                                0x58b (size before relaxing)
 .debug_str     0x00001fec       0x43 /usr/lib/gcc/arm-none-eabi/12.2.1/../../../arm-none-eabi/lib/thumb/v8-m.main+fp/hard/libc_nano.a(lib_a-wbuf.o)
                                0x57a (size before relaxing)
 .debug_str     0x0000202f       0x48 /usr/lib/gcc/arm-none-eabi/12.2.1/../../../arm-none-eabi/lib/thumb/v8-m.main+fp/hard/libc_nano.a(lib_a-wsetup.o)
                                0x575 (size before relaxing)
 .debug_str     0x00002077       0x63 /usr/lib/gcc/arm-none-eabi/12.2.1/../../../arm-none-eabi/lib/thumb/v8-m.main+fp/hard/libc_nano.a(lib_a-fflush.o)
                                0x5b6 (size before relaxing)
 .debug_str     0x000020da      0x1f6 /usr/lib/gcc/arm-none-eabi/12.2.1/../../../arm-none-eabi/lib/thumb/v8-m.main+fp/hard/libc_nano.a(lib_a-findfp.o)
                                0x762 (size before relaxing)
 .debug_str     0x000022d0       0x41 /usr/lib/gcc/arm-none-eabi/12.2.1/../../../arm-none-eabi/lib/thumb/v8-m.main+fp/hard/libc_nano.a(lib_a-fwalk.o)
                                0x51c (size before relaxing)
 .debug_str     0x00002311       0x6c /usr/lib/gcc/arm-none-eabi/12.2.1/../../../arm-none-eabi/lib/thumb/v8-m.main+fp/hard/libc_nano.a(lib_a-makebuf.o)
                                0x6a3 (size before relaxing)
 .debug_str     0x0000237d      0x114 /usr/lib/gcc/arm-none-eabi/12.2.1/../../../arm-none-eabi/lib/thumb/v8-m.main+fp/hard/libc_nano.a(lib_a-nano-freer.o)
                                0x58d (size before relaxing)
 .debug_str     0x00002491       0x46 /usr/lib/gcc/arm-none-eabi/12.2.1/../../../arm-none-eabi/lib/thumb/v8-m.main+fp/hard/libc_nano.a(lib_a-nano-mallocr.o)
                                0x5c2 (size before relaxing)
 .debug_str     0x000024d7       0x32 /usr/lib/gcc/arm-none-eabi/12.2.1/../../../arm-none-eabi/lib/thumb/v8-m.main+fp/hard/libc_nano.a(lib_a-sbrkr.o)
                                0x50e (size before relaxing)
 .debug_str     0x00002509       0x70 /usr/lib/gcc/arm-none-eabi/12.2.1/../../../arm-none-eabi/lib/thumb/v8-m.main+fp/hard/libc_nano.a(lib_a-stdio.o)
                                0x572 (size before relaxing)
 .debug_str     0x00002579       0x33 /usr/lib/gcc/arm-none-eabi/12.2.1/../../../arm-none-eabi/lib/thumb/v8-m.main+fp/hard/libc_nano.a(lib_a-writer.o)
                                0x50b (size before relaxing)
 .debug_str     0x000025ac       0x33 /usr/lib/gcc/arm-none-eabi/12.2.1/../../../arm-none-eabi/lib/thumb/v8-m.main+fp/hard/libc_nano.a(lib_a-closer.o)
                                0x4fb (size before relaxing)
 .debug_str     0x000025df       0x39 /usr/lib/gcc/arm-none-eabi/12.2.1/../../../arm-none-eabi/lib/thumb/v8-m.main+fp/hard/libc_nano.a(lib_a-fstatr.o)
                                0x64d (size before relaxing)
 .debug_str     0x00002618       0x34 /usr/lib/gcc/arm-none-eabi/12.2.1/../../../arm-none-eabi/lib/thumb/v8-m.main+fp/hard/libc_nano.a(lib_a-isattyr.o)
                                0x505 (size before relaxing)
 .debug_str     0x0000264c       0x33 /usr/lib/gcc/arm-none-eabi/12.2.1/../../../arm-none-eabi/lib/thumb/v8-m.main+fp/hard/libc_nano.a(lib_a-lseekr.o)
                                0x509 (size before relaxing)
 .debug_str     0x0000267f       0x4c /usr/lib/gcc/arm-none-eabi/12.2.1/../../../arm-none-eabi/lib/thumb/v8-m.main+fp/hard/libc_nano.a(lib_a-mlock.o)
                                0x524 (size before relaxing)
 .debug_str     0x000026cb       0x32 /usr/lib/gcc/arm-none-eabi/12.2.1/../../../arm-none-eabi/lib/thumb/v8-m.main+fp/hard/libc_nano.a(lib_a-readr.o)
                                0x509 (size before relaxing)
 .debug_str     0x000026fd       0x5e /usr/lib/gcc/arm-none-eabi/12.2.1/../../../arm-none-eabi/lib/thumb/v8-m.main+fp/hard/libc_nano.a(lib_a-reent.o)
                                0x536 (size before relaxing)

.debug_frame    0x00000000      0xdf4
 .debug_frame   0x00000000       0x38 build/main.o
 .debug_frame   0x00000038      0x1a8 build/syscalls.o
 .debug_frame   0x000001e0       0x28 build/sysmem.o
 .debug_frame   0x00000208       0x68 build/stm32l5xx_it.o
 .debug_frame   0x00000270       0x28 build/stm32l5xx_hal_msp.o
 .debug_frame   0x00000298      0x27c build/stm32l5xx_hal.o
 .debug_frame   0x00000514      0x244 build/stm32l5xx_hal_cortex.o
 .debug_frame   0x00000758       0x38 build/system_stm32l5xx_ns.o
 .debug_frame   0x00000790       0x20 /usr/lib/gcc/arm-none-eabi/12.2.1/../../../arm-none-eabi/lib/thumb/v8-m.main+fp/hard/libc_nano.a(lib_a-errno.o)
 .debug_frame   0x000007b0       0x2c /usr/lib/gcc/arm-none-eabi/12.2.1/../../../arm-none-eabi/lib/thumb/v8-m.main+fp/hard/libc_nano.a(lib_a-init.o)
 .debug_frame   0x000007dc       0x2c /usr/lib/gcc/arm-none-eabi/12.2.1/../../../arm-none-eabi/lib/thumb/v8-m.main+fp/hard/libc_nano.a(lib_a-memset.o)
 .debug_frame   0x00000808       0x3c /usr/lib/gcc/arm-none-eabi/12.2.1/../../../arm-none-eabi/lib/thumb/v8-m.main+fp/hard/libc_nano.a(lib_a-puts.o)
 .debug_frame   0x00000844       0x40 /usr/lib/gcc/arm-none-eabi/12.2.1/../../../arm-none-eabi/lib/thumb/v8-m.main+fp/hard/libc_nano.a(lib_a-wbuf.o)
 .debug_frame   0x00000884       0x2c /usr/lib/gcc/arm-none-eabi/12.2.1/../../../arm-none-eabi/lib/thumb/v8-m.main+fp/hard/libc_nano.a(lib_a-wsetup.o)
 .debug_frame   0x000008b0       0x88 /usr/lib/gcc/arm-none-eabi/12.2.1/../../../arm-none-eabi/lib/thumb/v8-m.main+fp/hard/libc_nano.a(lib_a-fflush.o)
 .debug_frame   0x00000938      0x124 /usr/lib/gcc/arm-none-eabi/12.2.1/../../../arm-none-eabi/lib/thumb/v8-m.main+fp/hard/libc_nano.a(lib_a-findfp.o)
 .debug_frame   0x00000a5c       0x54 /usr/lib/gcc/arm-none-eabi/12.2.1/../../../arm-none-eabi/lib/thumb/v8-m.main+fp/hard/libc_nano.a(lib_a-fwalk.o)
 .debug_frame   0x00000ab0       0x5c /usr/lib/gcc/arm-none-eabi/12.2.1/../../../arm-none-eabi/lib/thumb/v8-m.main+fp/hard/libc_nano.a(lib_a-makebuf.o)
 .debug_frame   0x00000b0c       0x58 /usr/lib/gcc/arm-none-eabi/12.2.1/../../../arm-none-eabi/lib/thumb/v8-m.main+fp/hard/libc_nano.a(lib_a-nano-freer.o)
 .debug_frame   0x00000b64       0x30 /usr/lib/gcc/arm-none-eabi/12.2.1/../../../arm-none-eabi/lib/thumb/v8-m.main+fp/hard/libc_nano.a(lib_a-nano-mallocr.o)
 .debug_frame   0x00000b94       0x2c /usr/lib/gcc/arm-none-eabi/12.2.1/../../../arm-none-eabi/lib/thumb/v8-m.main+fp/hard/libc_nano.a(lib_a-sbrkr.o)
 .debug_frame   0x00000bc0       0x8c /usr/lib/gcc/arm-none-eabi/12.2.1/../../../arm-none-eabi/lib/thumb/v8-m.main+fp/hard/libc_nano.a(lib_a-stdio.o)
 .debug_frame   0x00000c4c       0x2c /usr/lib/gcc/arm-none-eabi/12.2.1/../../../arm-none-eabi/lib/thumb/v8-m.main+fp/hard/libc_nano.a(lib_a-writer.o)
 .debug_frame   0x00000c78       0x2c /usr/lib/gcc/arm-none-eabi/12.2.1/../../../arm-none-eabi/lib/thumb/v8-m.main+fp/hard/libc_nano.a(lib_a-closer.o)
 .debug_frame   0x00000ca4       0x2c /usr/lib/gcc/arm-none-eabi/12.2.1/../../../arm-none-eabi/lib/thumb/v8-m.main+fp/hard/libc_nano.a(lib_a-fstatr.o)
 .debug_frame   0x00000cd0       0x2c /usr/lib/gcc/arm-none-eabi/12.2.1/../../../arm-none-eabi/lib/thumb/v8-m.main+fp/hard/libc_nano.a(lib_a-isattyr.o)
 .debug_frame   0x00000cfc       0x2c /usr/lib/gcc/arm-none-eabi/12.2.1/../../../arm-none-eabi/lib/thumb/v8-m.main+fp/hard/libc_nano.a(lib_a-lseekr.o)
 .debug_frame   0x00000d28       0x30 /usr/lib/gcc/arm-none-eabi/12.2.1/../../../arm-none-eabi/lib/thumb/v8-m.main+fp/hard/libc_nano.a(lib_a-mlock.o)
 .debug_frame   0x00000d58       0x2c /usr/lib/gcc/arm-none-eabi/12.2.1/../../../arm-none-eabi/lib/thumb/v8-m.main+fp/hard/libc_nano.a(lib_a-readr.o)
 .debug_frame   0x00000d84       0x70 /usr/lib/gcc/arm-none-eabi/12.2.1/../../../arm-none-eabi/lib/thumb/v8-m.main+fp/hard/libc_nano.a(lib_a-reent.o)

.debug_loclists
                0x00000000     0x15c8
 .debug_loclists
                0x00000000       0x65 /usr/lib/gcc/arm-none-eabi/12.2.1/../../../arm-none-eabi/lib/thumb/v8-m.main+fp/hard/libc_nano.a(lib_a-init.o)
 .debug_loclists
                0x00000065      0x1ba /usr/lib/gcc/arm-none-eabi/12.2.1/../../../arm-none-eabi/lib/thumb/v8-m.main+fp/hard/libc_nano.a(lib_a-memset.o)
 .debug_loclists
                0x0000021f      0x19e /usr/lib/gcc/arm-none-eabi/12.2.1/../../../arm-none-eabi/lib/thumb/v8-m.main+fp/hard/libc_nano.a(lib_a-puts.o)
 .debug_loclists
                0x000003bd       0xe4 /usr/lib/gcc/arm-none-eabi/12.2.1/../../../arm-none-eabi/lib/thumb/v8-m.main+fp/hard/libc_nano.a(lib_a-wbuf.o)
 .debug_loclists
                0x000004a1       0x69 /usr/lib/gcc/arm-none-eabi/12.2.1/../../../arm-none-eabi/lib/thumb/v8-m.main+fp/hard/libc_nano.a(lib_a-wsetup.o)
 .debug_loclists
                0x0000050a      0x316 /usr/lib/gcc/arm-none-eabi/12.2.1/../../../arm-none-eabi/lib/thumb/v8-m.main+fp/hard/libc_nano.a(lib_a-fflush.o)
 .debug_loclists
                0x00000820      0x219 /usr/lib/gcc/arm-none-eabi/12.2.1/../../../arm-none-eabi/lib/thumb/v8-m.main+fp/hard/libc_nano.a(lib_a-findfp.o)
 .debug_loclists
                0x00000a39       0xef /usr/lib/gcc/arm-none-eabi/12.2.1/../../../arm-none-eabi/lib/thumb/v8-m.main+fp/hard/libc_nano.a(lib_a-fwalk.o)
 .debug_loclists
                0x00000b28      0x1a7 /usr/lib/gcc/arm-none-eabi/12.2.1/../../../arm-none-eabi/lib/thumb/v8-m.main+fp/hard/libc_nano.a(lib_a-makebuf.o)
 .debug_loclists
                0x00000ccf      0x119 /usr/lib/gcc/arm-none-eabi/12.2.1/../../../arm-none-eabi/lib/thumb/v8-m.main+fp/hard/libc_nano.a(lib_a-nano-freer.o)
 .debug_loclists
                0x00000de8      0x25f /usr/lib/gcc/arm-none-eabi/12.2.1/../../../arm-none-eabi/lib/thumb/v8-m.main+fp/hard/libc_nano.a(lib_a-nano-mallocr.o)
 .debug_loclists
                0x00001047       0x3f /usr/lib/gcc/arm-none-eabi/12.2.1/../../../arm-none-eabi/lib/thumb/v8-m.main+fp/hard/libc_nano.a(lib_a-sbrkr.o)
 .debug_loclists
                0x00001086      0x1e1 /usr/lib/gcc/arm-none-eabi/12.2.1/../../../arm-none-eabi/lib/thumb/v8-m.main+fp/hard/libc_nano.a(lib_a-stdio.o)
 .debug_loclists
                0x00001267       0x86 /usr/lib/gcc/arm-none-eabi/12.2.1/../../../arm-none-eabi/lib/thumb/v8-m.main+fp/hard/libc_nano.a(lib_a-writer.o)
 .debug_loclists
                0x000012ed       0x3f /usr/lib/gcc/arm-none-eabi/12.2.1/../../../arm-none-eabi/lib/thumb/v8-m.main+fp/hard/libc_nano.a(lib_a-closer.o)
 .debug_loclists
                0x0000132c       0x5f /usr/lib/gcc/arm-none-eabi/12.2.1/../../../arm-none-eabi/lib/thumb/v8-m.main+fp/hard/libc_nano.a(lib_a-fstatr.o)
 .debug_loclists
                0x0000138b       0x3f /usr/lib/gcc/arm-none-eabi/12.2.1/../../../arm-none-eabi/lib/thumb/v8-m.main+fp/hard/libc_nano.a(lib_a-isattyr.o)
 .debug_loclists
                0x000013ca       0x86 /usr/lib/gcc/arm-none-eabi/12.2.1/../../../arm-none-eabi/lib/thumb/v8-m.main+fp/hard/libc_nano.a(lib_a-lseekr.o)
 .debug_loclists
                0x00001450       0x86 /usr/lib/gcc/arm-none-eabi/12.2.1/../../../arm-none-eabi/lib/thumb/v8-m.main+fp/hard/libc_nano.a(lib_a-readr.o)
 .debug_loclists
                0x000014d6       0xf2 /usr/lib/gcc/arm-none-eabi/12.2.1/../../../arm-none-eabi/lib/thumb/v8-m.main+fp/hard/libc_nano.a(lib_a-reent.o)

.debug_rnglists
                0x00000000      0x1a2
 .debug_rnglists
                0x00000000       0x35 /usr/lib/gcc/arm-none-eabi/12.2.1/../../../arm-none-eabi/lib/thumb/v8-m.main+fp/hard/libc_nano.a(lib_a-puts.o)
 .debug_rnglists
                0x00000035       0x19 /usr/lib/gcc/arm-none-eabi/12.2.1/../../../arm-none-eabi/lib/thumb/v8-m.main+fp/hard/libc_nano.a(lib_a-wbuf.o)
 .debug_rnglists
                0x0000004e       0x1e /usr/lib/gcc/arm-none-eabi/12.2.1/../../../arm-none-eabi/lib/thumb/v8-m.main+fp/hard/libc_nano.a(lib_a-wsetup.o)
 .debug_rnglists
                0x0000006c       0x63 /usr/lib/gcc/arm-none-eabi/12.2.1/../../../arm-none-eabi/lib/thumb/v8-m.main+fp/hard/libc_nano.a(lib_a-fflush.o)
 .debug_rnglists
                0x000000cf       0x74 /usr/lib/gcc/arm-none-eabi/12.2.1/../../../arm-none-eabi/lib/thumb/v8-m.main+fp/hard/libc_nano.a(lib_a-findfp.o)
 .debug_rnglists
                0x00000143       0x23 /usr/lib/gcc/arm-none-eabi/12.2.1/../../../arm-none-eabi/lib/thumb/v8-m.main+fp/hard/libc_nano.a(lib_a-makebuf.o)
 .debug_rnglists
                0x00000166       0x13 /usr/lib/gcc/arm-none-eabi/12.2.1/../../../arm-none-eabi/lib/thumb/v8-m.main+fp/hard/libc_nano.a(lib_a-nano-freer.o)
 .debug_rnglists
                0x00000179       0x29 /usr/lib/gcc/arm-none-eabi/12.2.1/../../../arm-none-eabi/lib/thumb/v8-m.main+fp/hard/libc_nano.a(lib_a-nano-mallocr.o)

Cross Reference Table

Symbol                                            File
ADC1_2_IRQHandler                                 build/startup_stm32l562xx.o
AES_IRQHandler                                    build/startup_stm32l562xx.o
AHBPrescTable                                     build/system_stm32l5xx_ns.o
                                                  build/stm32l5xx_hal_rcc.o
APBPrescTable                                     build/system_stm32l5xx_ns.o
                                                  build/stm32l5xx_hal_rcc.o
BusFault_Handler                                  build/startup_stm32l562xx.o
COMP_IRQHandler                                   build/startup_stm32l562xx.o
CRS_IRQHandler                                    build/startup_stm32l562xx.o
DAC_IRQHandler                                    build/startup_stm32l562xx.o
DFSDM1_FLT0_IRQHandler                            build/startup_stm32l562xx.o
DFSDM1_FLT1_IRQHandler                            build/startup_stm32l562xx.o
DFSDM1_FLT2_IRQHandler                            build/startup_stm32l562xx.o
DFSDM1_FLT3_IRQHandler                            build/startup_stm32l562xx.o
DMA1_Channel1_IRQHandler                          build/startup_stm32l562xx.o
DMA1_Channel2_IRQHandler                          build/startup_stm32l562xx.o
DMA1_Channel3_IRQHandler                          build/startup_stm32l562xx.o
DMA1_Channel4_IRQHandler                          build/startup_stm32l562xx.o
DMA1_Channel5_IRQHandler                          build/startup_stm32l562xx.o
DMA1_Channel6_IRQHandler                          build/startup_stm32l562xx.o
DMA1_Channel7_IRQHandler                          build/startup_stm32l562xx.o
DMA1_Channel8_IRQHandler                          build/startup_stm32l562xx.o
DMA2_Channel1_IRQHandler                          build/startup_stm32l562xx.o
DMA2_Channel2_IRQHandler                          build/startup_stm32l562xx.o
DMA2_Channel3_IRQHandler                          build/startup_stm32l562xx.o
DMA2_Channel4_IRQHandler                          build/startup_stm32l562xx.o
DMA2_Channel5_IRQHandler                          build/startup_stm32l562xx.o
DMA2_Channel6_IRQHandler                          build/startup_stm32l562xx.o
DMA2_Channel7_IRQHandler                          build/startup_stm32l562xx.o
DMA2_Channel8_IRQHandler                          build/startup_stm32l562xx.o
DMAMUX1_IRQHandler                                build/startup_stm32l562xx.o
DMAMUX1_S_IRQHandler                              build/startup_stm32l562xx.o
DebugMon_Handler                                  build/startup_stm32l562xx.o
Default_Handler                                   build/startup_stm32l562xx.o
EXTI0_IRQHandler                                  build/startup_stm32l562xx.o
EXTI10_IRQHandler                                 build/startup_stm32l562xx.o
EXTI11_IRQHandler                                 build/startup_stm32l562xx.o
EXTI12_IRQHandler                                 build/startup_stm32l562xx.o
EXTI13_IRQHandler                                 build/startup_stm32l562xx.o
EXTI14_IRQHandler                                 build/startup_stm32l562xx.o
EXTI15_IRQHandler                                 build/startup_stm32l562xx.o
EXTI1_IRQHandler                                  build/startup_stm32l562xx.o
EXTI2_IRQHandler                                  build/startup_stm32l562xx.o
EXTI3_IRQHandler                                  build/startup_stm32l562xx.o
EXTI4_IRQHandler                                  build/startup_stm32l562xx.o
EXTI5_IRQHandler                                  build/startup_stm32l562xx.o
EXTI6_IRQHandler                                  build/startup_stm32l562xx.o
EXTI7_IRQHandler                                  build/startup_stm32l562xx.o
EXTI8_IRQHandler                                  build/startup_stm32l562xx.o
EXTI9_IRQHandler                                  build/startup_stm32l562xx.o
Error_Handler                                     build/main.o
FDCAN1_IT0_IRQHandler                             build/startup_stm32l562xx.o
FDCAN1_IT1_IRQHandler                             build/startup_stm32l562xx.o
FLASH_IRQHandler                                  build/startup_stm32l562xx.o
FLASH_PageErase                                   build/stm32l5xx_hal_flash_ex.o
                                                  build/stm32l5xx_hal_flash.o
FLASH_S_IRQHandler                                build/startup_stm32l562xx.o
FLASH_WaitForLastOperation                        build/stm32l5xx_hal_flash.o
                                                  build/stm32l5xx_hal_flash_ex.o
FMC_IRQHandler                                    build/startup_stm32l562xx.o
FPU_IRQHandler                                    build/startup_stm32l562xx.o
GTZC_IRQHandler                                   build/startup_stm32l562xx.o
GreenLED_OFF                                      ../Secure/build/secure_nsclib.o
                                                  build/main.o
GreenLED_ON                                       ../Secure/build/secure_nsclib.o
                                                  build/main.o
HAL_DBGMCU_DisableDBGStandbyMode                  build/stm32l5xx_hal.o
HAL_DBGMCU_DisableDBGStopMode                     build/stm32l5xx_hal.o
HAL_DBGMCU_EnableDBGStandbyMode                   build/stm32l5xx_hal.o
HAL_DBGMCU_EnableDBGStopMode                      build/stm32l5xx_hal.o
HAL_DMAEx_ChangeMemory                            build/stm32l5xx_hal_dma_ex.o
HAL_DMAEx_ConfigMuxRequestGenerator               build/stm32l5xx_hal_dma_ex.o
HAL_DMAEx_ConfigMuxSync                           build/stm32l5xx_hal_dma_ex.o
HAL_DMAEx_DisableMuxRequestGenerator              build/stm32l5xx_hal_dma_ex.o
HAL_DMAEx_EnableMuxRequestGenerator               build/stm32l5xx_hal_dma_ex.o
HAL_DMAEx_MUX_IRQHandler                          build/stm32l5xx_hal_dma_ex.o
HAL_DMAEx_MultiBufferStart                        build/stm32l5xx_hal_dma_ex.o
HAL_DMAEx_MultiBufferStart_IT                     build/stm32l5xx_hal_dma_ex.o
HAL_DMA_Abort                                     build/stm32l5xx_hal_dma.o
HAL_DMA_Abort_IT                                  build/stm32l5xx_hal_dma.o
                                                  build/stm32l5xx_hal_i2c.o
HAL_DMA_ConfigChannelAttributes                   build/stm32l5xx_hal_dma.o
HAL_DMA_DeInit                                    build/stm32l5xx_hal_dma.o
HAL_DMA_GetConfigChannelAttributes                build/stm32l5xx_hal_dma.o
HAL_DMA_GetError                                  build/stm32l5xx_hal_dma.o
HAL_DMA_GetState                                  build/stm32l5xx_hal_dma.o
                                                  build/stm32l5xx_hal_i2c.o
HAL_DMA_IRQHandler                                build/stm32l5xx_hal_dma.o
HAL_DMA_Init                                      build/stm32l5xx_hal_dma.o
HAL_DMA_PollForTransfer                           build/stm32l5xx_hal_dma.o
HAL_DMA_RegisterCallback                          build/stm32l5xx_hal_dma.o
HAL_DMA_Start                                     build/stm32l5xx_hal_dma.o
HAL_DMA_Start_IT                                  build/stm32l5xx_hal_dma.o
                                                  build/stm32l5xx_hal_i2c.o
HAL_DMA_UnRegisterCallback                        build/stm32l5xx_hal_dma.o
HAL_DeInit                                        build/stm32l5xx_hal.o
HAL_Delay                                         build/stm32l5xx_hal.o
                                                  build/main.o
HAL_EXTI_ClearConfigLine                          build/stm32l5xx_hal_exti.o
HAL_EXTI_ClearPending                             build/stm32l5xx_hal_exti.o
HAL_EXTI_ConfigLineAttributes                     build/stm32l5xx_hal_exti.o
HAL_EXTI_GenerateSWI                              build/stm32l5xx_hal_exti.o
HAL_EXTI_GetConfigLine                            build/stm32l5xx_hal_exti.o
HAL_EXTI_GetConfigLineAttributes                  build/stm32l5xx_hal_exti.o
HAL_EXTI_GetHandle                                build/stm32l5xx_hal_exti.o
HAL_EXTI_GetPending                               build/stm32l5xx_hal_exti.o
HAL_EXTI_IRQHandler                               build/stm32l5xx_hal_exti.o
HAL_EXTI_RegisterCallback                         build/stm32l5xx_hal_exti.o
HAL_EXTI_SetConfigLine                            build/stm32l5xx_hal_exti.o
HAL_FLASHEx_ConfigLVEPin                          build/stm32l5xx_hal_flash_ex.o
HAL_FLASHEx_ConfigPrivMode                        build/stm32l5xx_hal_flash_ex.o
HAL_FLASHEx_DisableRunPowerDown                   build/stm32l5xx_hal_flash_ramfunc.o
HAL_FLASHEx_EnableRunPowerDown                    build/stm32l5xx_hal_flash_ramfunc.o
HAL_FLASHEx_Erase                                 build/stm32l5xx_hal_flash_ex.o
HAL_FLASHEx_Erase_IT                              build/stm32l5xx_hal_flash_ex.o
HAL_FLASHEx_GetLVEPin                             build/stm32l5xx_hal_flash_ex.o
HAL_FLASHEx_GetPrivMode                           build/stm32l5xx_hal_flash_ex.o
HAL_FLASHEx_OBGetConfig                           build/stm32l5xx_hal_flash_ex.o
HAL_FLASHEx_OBProgram                             build/stm32l5xx_hal_flash_ex.o
HAL_FLASHEx_OB_DBankConfig                        build/stm32l5xx_hal_flash_ramfunc.o
HAL_FLASH_EndOfOperationCallback                  build/stm32l5xx_hal_flash.o
HAL_FLASH_GetError                                build/stm32l5xx_hal_flash.o
HAL_FLASH_IRQHandler                              build/stm32l5xx_hal_flash.o
HAL_FLASH_Lock                                    build/stm32l5xx_hal_flash.o
HAL_FLASH_OB_Launch                               build/stm32l5xx_hal_flash.o
HAL_FLASH_OB_Lock                                 build/stm32l5xx_hal_flash.o
HAL_FLASH_OB_Unlock                               build/stm32l5xx_hal_flash.o
HAL_FLASH_OperationErrorCallback                  build/stm32l5xx_hal_flash.o
HAL_FLASH_Program                                 build/stm32l5xx_hal_flash.o
HAL_FLASH_Program_IT                              build/stm32l5xx_hal_flash.o
HAL_FLASH_Unlock                                  build/stm32l5xx_hal_flash.o
HAL_GPIO_DeInit                                   build/stm32l5xx_hal_gpio.o
HAL_GPIO_EXTI_Falling_Callback                    build/stm32l5xx_hal_gpio.o
HAL_GPIO_EXTI_IRQHandler                          build/stm32l5xx_hal_gpio.o
HAL_GPIO_EXTI_Rising_Callback                     build/stm32l5xx_hal_gpio.o
HAL_GPIO_Init                                     build/stm32l5xx_hal_gpio.o
                                                  build/stm32l5xx_hal_rcc_ex.o
                                                  build/stm32l5xx_hal_rcc.o
HAL_GPIO_LockPin                                  build/stm32l5xx_hal_gpio.o
HAL_GPIO_ReadPin                                  build/stm32l5xx_hal_gpio.o
HAL_GPIO_TogglePin                                build/stm32l5xx_hal_gpio.o
HAL_GPIO_WritePin                                 build/stm32l5xx_hal_gpio.o
HAL_GTZC_TZSC_ConfigPeriphAttributes              build/stm32l5xx_hal_gtzc.o
HAL_GTZC_TZSC_GetConfigPeriphAttributes           build/stm32l5xx_hal_gtzc.o
HAL_GTZC_TZSC_GetLock                             build/stm32l5xx_hal_gtzc.o
HAL_GetDEVID                                      build/stm32l5xx_hal.o
HAL_GetHalVersion                                 build/stm32l5xx_hal.o
HAL_GetREVID                                      build/stm32l5xx_hal.o
HAL_GetTick                                       build/stm32l5xx_hal.o
                                                  build/stm32l5xx_hal_icache.o
                                                  build/stm32l5xx_hal_dma.o
                                                  build/stm32l5xx_hal_flash.o
                                                  build/stm32l5xx_hal_rcc_ex.o
                                                  build/stm32l5xx_hal_rcc.o
                                                  build/stm32l5xx_hal_i2c.o
HAL_GetTickFreq                                   build/stm32l5xx_hal.o
HAL_GetTickPrio                                   build/stm32l5xx_hal.o
HAL_GetUIDw0                                      build/stm32l5xx_hal.o
HAL_GetUIDw1                                      build/stm32l5xx_hal.o
HAL_GetUIDw2                                      build/stm32l5xx_hal.o
HAL_I2CEx_ConfigAnalogFilter                      build/stm32l5xx_hal_i2c_ex.o
HAL_I2CEx_ConfigDigitalFilter                     build/stm32l5xx_hal_i2c_ex.o
HAL_I2CEx_DisableFastModePlus                     build/stm32l5xx_hal_i2c_ex.o
HAL_I2CEx_DisableWakeUp                           build/stm32l5xx_hal_i2c_ex.o
HAL_I2CEx_EnableFastModePlus                      build/stm32l5xx_hal_i2c_ex.o
HAL_I2CEx_EnableWakeUp                            build/stm32l5xx_hal_i2c_ex.o
HAL_I2C_AbortCpltCallback                         build/stm32l5xx_hal_i2c.o
HAL_I2C_AddrCallback                              build/stm32l5xx_hal_i2c.o
HAL_I2C_DeInit                                    build/stm32l5xx_hal_i2c.o
HAL_I2C_DisableListen_IT                          build/stm32l5xx_hal_i2c.o
HAL_I2C_ER_IRQHandler                             build/stm32l5xx_hal_i2c.o
HAL_I2C_EV_IRQHandler                             build/stm32l5xx_hal_i2c.o
HAL_I2C_EnableListen_IT                           build/stm32l5xx_hal_i2c.o
HAL_I2C_ErrorCallback                             build/stm32l5xx_hal_i2c.o
HAL_I2C_GetError                                  build/stm32l5xx_hal_i2c.o
HAL_I2C_GetMode                                   build/stm32l5xx_hal_i2c.o
HAL_I2C_GetState                                  build/stm32l5xx_hal_i2c.o
HAL_I2C_Init                                      build/stm32l5xx_hal_i2c.o
HAL_I2C_IsDeviceReady                             build/stm32l5xx_hal_i2c.o
HAL_I2C_ListenCpltCallback                        build/stm32l5xx_hal_i2c.o
HAL_I2C_MasterRxCpltCallback                      build/stm32l5xx_hal_i2c.o
HAL_I2C_MasterTxCpltCallback                      build/stm32l5xx_hal_i2c.o
HAL_I2C_Master_Abort_IT                           build/stm32l5xx_hal_i2c.o
HAL_I2C_Master_Receive                            build/stm32l5xx_hal_i2c.o
HAL_I2C_Master_Receive_DMA                        build/stm32l5xx_hal_i2c.o
HAL_I2C_Master_Receive_IT                         build/stm32l5xx_hal_i2c.o
HAL_I2C_Master_Seq_Receive_DMA                    build/stm32l5xx_hal_i2c.o
HAL_I2C_Master_Seq_Receive_IT                     build/stm32l5xx_hal_i2c.o
HAL_I2C_Master_Seq_Transmit_DMA                   build/stm32l5xx_hal_i2c.o
HAL_I2C_Master_Seq_Transmit_IT                    build/stm32l5xx_hal_i2c.o
HAL_I2C_Master_Transmit                           build/stm32l5xx_hal_i2c.o
HAL_I2C_Master_Transmit_DMA                       build/stm32l5xx_hal_i2c.o
HAL_I2C_Master_Transmit_IT                        build/stm32l5xx_hal_i2c.o
HAL_I2C_MemRxCpltCallback                         build/stm32l5xx_hal_i2c.o
HAL_I2C_MemTxCpltCallback                         build/stm32l5xx_hal_i2c.o
HAL_I2C_Mem_Read                                  build/stm32l5xx_hal_i2c.o
HAL_I2C_Mem_Read_DMA                              build/stm32l5xx_hal_i2c.o
HAL_I2C_Mem_Read_IT                               build/stm32l5xx_hal_i2c.o
HAL_I2C_Mem_Write                                 build/stm32l5xx_hal_i2c.o
HAL_I2C_Mem_Write_DMA                             build/stm32l5xx_hal_i2c.o
HAL_I2C_Mem_Write_IT                              build/stm32l5xx_hal_i2c.o
HAL_I2C_MspDeInit                                 build/stm32l5xx_hal_i2c.o
HAL_I2C_MspInit                                   build/stm32l5xx_hal_i2c.o
HAL_I2C_SlaveRxCpltCallback                       build/stm32l5xx_hal_i2c.o
HAL_I2C_SlaveTxCpltCallback                       build/stm32l5xx_hal_i2c.o
HAL_I2C_Slave_Receive                             build/stm32l5xx_hal_i2c.o
HAL_I2C_Slave_Receive_DMA                         build/stm32l5xx_hal_i2c.o
HAL_I2C_Slave_Receive_IT                          build/stm32l5xx_hal_i2c.o
HAL_I2C_Slave_Seq_Receive_DMA                     build/stm32l5xx_hal_i2c.o
HAL_I2C_Slave_Seq_Receive_IT                      build/stm32l5xx_hal_i2c.o
HAL_I2C_Slave_Seq_Transmit_DMA                    build/stm32l5xx_hal_i2c.o
HAL_I2C_Slave_Seq_Transmit_IT                     build/stm32l5xx_hal_i2c.o
HAL_I2C_Slave_Transmit                            build/stm32l5xx_hal_i2c.o
HAL_I2C_Slave_Transmit_DMA                        build/stm32l5xx_hal_i2c.o
HAL_I2C_Slave_Transmit_IT                         build/stm32l5xx_hal_i2c.o
HAL_ICACHE_ConfigAssociativityMode                build/stm32l5xx_hal_icache.o
HAL_ICACHE_DeInit                                 build/stm32l5xx_hal_icache.o
HAL_ICACHE_Disable                                build/stm32l5xx_hal_icache.o
HAL_ICACHE_DisableRemapRegion                     build/stm32l5xx_hal_icache.o
HAL_ICACHE_Enable                                 build/stm32l5xx_hal_icache.o
HAL_ICACHE_EnableRemapRegion                      build/stm32l5xx_hal_icache.o
HAL_ICACHE_ErrorCallback                          build/stm32l5xx_hal_icache.o
HAL_ICACHE_IRQHandler                             build/stm32l5xx_hal_icache.o
HAL_ICACHE_Invalidate                             build/stm32l5xx_hal_icache.o
HAL_ICACHE_InvalidateCompleteCallback             build/stm32l5xx_hal_icache.o
HAL_ICACHE_Invalidate_IT                          build/stm32l5xx_hal_icache.o
HAL_ICACHE_IsEnabled                              build/stm32l5xx_hal_icache.o
HAL_ICACHE_Monitor_GetHitValue                    build/stm32l5xx_hal_icache.o
HAL_ICACHE_Monitor_GetMissValue                   build/stm32l5xx_hal_icache.o
HAL_ICACHE_Monitor_Reset                          build/stm32l5xx_hal_icache.o
HAL_ICACHE_Monitor_Start                          build/stm32l5xx_hal_icache.o
HAL_ICACHE_Monitor_Stop                           build/stm32l5xx_hal_icache.o
HAL_ICACHE_WaitForInvalidateComplete              build/stm32l5xx_hal_icache.o
HAL_IncTick                                       build/stm32l5xx_hal.o
                                                  build/stm32l5xx_it.o
HAL_Init                                          build/stm32l5xx_hal.o
                                                  build/main.o
HAL_InitTick                                      build/stm32l5xx_hal.o
                                                  build/stm32l5xx_hal_rcc.o
HAL_MPU_ConfigMemoryAttributes                    build/stm32l5xx_hal_cortex.o
HAL_MPU_ConfigRegion                              build/stm32l5xx_hal_cortex.o
HAL_MPU_Disable                                   build/stm32l5xx_hal_cortex.o
HAL_MPU_DisableRegion                             build/stm32l5xx_hal_cortex.o
HAL_MPU_Enable                                    build/stm32l5xx_hal_cortex.o
HAL_MPU_EnableRegion                              build/stm32l5xx_hal_cortex.o
HAL_MspDeInit                                     build/stm32l5xx_hal.o
HAL_MspInit                                       build/stm32l5xx_hal_msp.o
HAL_NVIC_ClearPendingIRQ                          build/stm32l5xx_hal_cortex.o
HAL_NVIC_DisableIRQ                               build/stm32l5xx_hal_cortex.o
HAL_NVIC_EnableIRQ                                build/stm32l5xx_hal_cortex.o
HAL_NVIC_GetActive                                build/stm32l5xx_hal_cortex.o
HAL_NVIC_GetPendingIRQ                            build/stm32l5xx_hal_cortex.o
HAL_NVIC_GetPriority                              build/stm32l5xx_hal_cortex.o
HAL_NVIC_GetPriorityGrouping                      build/stm32l5xx_hal_cortex.o
HAL_NVIC_SetPendingIRQ                            build/stm32l5xx_hal_cortex.o
HAL_NVIC_SetPriority                              build/stm32l5xx_hal_cortex.o
                                                  build/stm32l5xx_hal.o
HAL_NVIC_SetPriorityGrouping                      build/stm32l5xx_hal_cortex.o
                                                  build/stm32l5xx_hal.o
HAL_NVIC_SystemReset                              build/stm32l5xx_hal_cortex.o
HAL_PWREx_ConfigPVM                               build/stm32l5xx_hal_pwr_ex.o
HAL_PWREx_ConfigSRAM2ContentRetention             build/stm32l5xx_hal_pwr_ex.o
HAL_PWREx_ControlVoltageScaling                   build/stm32l5xx_hal_pwr_ex.o
HAL_PWREx_DisableBatteryCharging                  build/stm32l5xx_hal_pwr_ex.o
HAL_PWREx_DisableGPIOPullDown                     build/stm32l5xx_hal_pwr_ex.o
HAL_PWREx_DisableGPIOPullUp                       build/stm32l5xx_hal_pwr_ex.o
HAL_PWREx_DisableLowPowerRunMode                  build/stm32l5xx_hal_pwr_ex.o
                                                  build/stm32l5xx_hal_pwr.o
HAL_PWREx_DisablePVM1                             build/stm32l5xx_hal_pwr_ex.o
HAL_PWREx_DisablePVM2                             build/stm32l5xx_hal_pwr_ex.o
HAL_PWREx_DisablePVM3                             build/stm32l5xx_hal_pwr_ex.o
HAL_PWREx_DisablePVM4                             build/stm32l5xx_hal_pwr_ex.o
HAL_PWREx_DisablePullUpPullDownConfig             build/stm32l5xx_hal_pwr_ex.o
HAL_PWREx_DisableSRAM2ContentRetention            build/stm32l5xx_hal_pwr_ex.o
HAL_PWREx_DisableUCPDDeadBattery                  build/stm32l5xx_hal_pwr_ex.o
HAL_PWREx_DisableUCPDStandbyMode                  build/stm32l5xx_hal_pwr_ex.o
HAL_PWREx_DisableUltraLowPowerMode                build/stm32l5xx_hal_pwr_ex.o
HAL_PWREx_DisableVddIO2                           build/stm32l5xx_hal_pwr_ex.o
HAL_PWREx_DisableVddUSB                           build/stm32l5xx_hal_pwr_ex.o
HAL_PWREx_EnableBatteryCharging                   build/stm32l5xx_hal_pwr_ex.o
HAL_PWREx_EnableGPIOPullDown                      build/stm32l5xx_hal_pwr_ex.o
HAL_PWREx_EnableGPIOPullUp                        build/stm32l5xx_hal_pwr_ex.o
HAL_PWREx_EnableLowPowerRunMode                   build/stm32l5xx_hal_pwr_ex.o
                                                  build/stm32l5xx_hal_pwr.o
HAL_PWREx_EnablePVM1                              build/stm32l5xx_hal_pwr_ex.o
HAL_PWREx_EnablePVM2                              build/stm32l5xx_hal_pwr_ex.o
HAL_PWREx_EnablePVM3                              build/stm32l5xx_hal_pwr_ex.o
HAL_PWREx_EnablePVM4                              build/stm32l5xx_hal_pwr_ex.o
HAL_PWREx_EnablePullUpPullDownConfig              build/stm32l5xx_hal_pwr_ex.o
HAL_PWREx_EnableSRAM2ContentRetention             build/stm32l5xx_hal_pwr_ex.o
HAL_PWREx_EnableUCPDDeadBattery                   build/stm32l5xx_hal_pwr_ex.o
HAL_PWREx_EnableUCPDStandbyMode                   build/stm32l5xx_hal_pwr_ex.o
HAL_PWREx_EnableUltraLowPowerMode                 build/stm32l5xx_hal_pwr_ex.o
HAL_PWREx_EnableVddIO2                            build/stm32l5xx_hal_pwr_ex.o
HAL_PWREx_EnableVddUSB                            build/stm32l5xx_hal_pwr_ex.o
HAL_PWREx_EnterSHUTDOWNMode                       build/stm32l5xx_hal_pwr_ex.o
HAL_PWREx_EnterSTOP0Mode                          build/stm32l5xx_hal_pwr_ex.o
                                                  build/stm32l5xx_hal_pwr.o
HAL_PWREx_EnterSTOP1Mode                          build/stm32l5xx_hal_pwr_ex.o
                                                  build/stm32l5xx_hal_pwr.o
HAL_PWREx_EnterSTOP2Mode                          build/stm32l5xx_hal_pwr_ex.o
HAL_PWREx_GetVoltageRange                         build/stm32l5xx_hal_pwr_ex.o
                                                  build/stm32l5xx_hal_flash_ex.o
                                                  build/stm32l5xx_hal_rcc.o
HAL_PWREx_PVD_PVM_IRQHandler                      build/stm32l5xx_hal_pwr_ex.o
HAL_PWREx_PVM1Callback                            build/stm32l5xx_hal_pwr_ex.o
HAL_PWREx_PVM2Callback                            build/stm32l5xx_hal_pwr_ex.o
HAL_PWREx_PVM3Callback                            build/stm32l5xx_hal_pwr_ex.o
HAL_PWREx_PVM4Callback                            build/stm32l5xx_hal_pwr_ex.o
HAL_PWREx_SMPS_DisableBypassMode                  build/stm32l5xx_hal_pwr_ex.o
HAL_PWREx_SMPS_DisableExternal                    build/stm32l5xx_hal_pwr_ex.o
HAL_PWREx_SMPS_DisableFastStart                   build/stm32l5xx_hal_pwr_ex.o
HAL_PWREx_SMPS_EnableBypassMode                   build/stm32l5xx_hal_pwr_ex.o
HAL_PWREx_SMPS_EnableExternal                     build/stm32l5xx_hal_pwr_ex.o
HAL_PWREx_SMPS_EnableFastStart                    build/stm32l5xx_hal_pwr_ex.o
HAL_PWREx_SMPS_GetEffectiveMode                   build/stm32l5xx_hal_pwr_ex.o
HAL_PWREx_SMPS_GetMainRegulatorExtSMPSReadyStatus build/stm32l5xx_hal_pwr_ex.o
HAL_PWREx_SMPS_SetMode                            build/stm32l5xx_hal_pwr_ex.o
HAL_PWR_ConfigAttributes                          build/stm32l5xx_hal_pwr.o
HAL_PWR_ConfigPVD                                 build/stm32l5xx_hal_pwr.o
HAL_PWR_DeInit                                    build/stm32l5xx_hal_pwr.o
HAL_PWR_DisableBkUpAccess                         build/stm32l5xx_hal_pwr.o
                                                  build/stm32l5xx_hal_rcc_ex.o
HAL_PWR_DisablePVD                                build/stm32l5xx_hal_pwr.o
HAL_PWR_DisableSEVOnPend                          build/stm32l5xx_hal_pwr.o
HAL_PWR_DisableSleepOnExit                        build/stm32l5xx_hal_pwr.o
HAL_PWR_DisableWakeUpPin                          build/stm32l5xx_hal_pwr.o
HAL_PWR_EnableBkUpAccess                          build/stm32l5xx_hal_pwr.o
                                                  build/stm32l5xx_hal_rcc_ex.o
HAL_PWR_EnablePVD                                 build/stm32l5xx_hal_pwr.o
HAL_PWR_EnableSEVOnPend                           build/stm32l5xx_hal_pwr.o
HAL_PWR_EnableSleepOnExit                         build/stm32l5xx_hal_pwr.o
HAL_PWR_EnableWakeUpPin                           build/stm32l5xx_hal_pwr.o
HAL_PWR_EnterSLEEPMode                            build/stm32l5xx_hal_pwr.o