Archive member included to satisfy reference by file (symbol)

/usr/lib/gcc/arm-none-eabi/12.2.1/../../../arm-none-eabi/lib/thumb/v8-m.main+fp/hard/libc_nano.a(lib_a-atexit.o)
                              /usr/lib/gcc/arm-none-eabi/12.2.1/../../../arm-none-eabi/lib/thumb/v8-m.main+fp/hard/crt0.o (atexit)
/usr/lib/gcc/arm-none-eabi/12.2.1/../../../arm-none-eabi/lib/thumb/v8-m.main+fp/hard/libc_nano.a(lib_a-errno.o)
                              build/syscalls.o (__errno)
/usr/lib/gcc/arm-none-eabi/12.2.1/../../../arm-none-eabi/lib/thumb/v8-m.main+fp/hard/libc_nano.a(lib_a-exit.o)
                              /usr/lib/gcc/arm-none-eabi/12.2.1/../../../arm-none-eabi/lib/thumb/v8-m.main+fp/hard/crt0.o (exit)
/usr/lib/gcc/arm-none-eabi/12.2.1/../../../arm-none-eabi/lib/thumb/v8-m.main+fp/hard/libc_nano.a(lib_a-fini.o)
                              /usr/lib/gcc/arm-none-eabi/12.2.1/../../../arm-none-eabi/lib/thumb/v8-m.main+fp/hard/crt0.o (__libc_fini_array)
/usr/lib/gcc/arm-none-eabi/12.2.1/../../../arm-none-eabi/lib/thumb/v8-m.main+fp/hard/libc_nano.a(lib_a-impure.o)
                              /usr/lib/gcc/arm-none-eabi/12.2.1/../../../arm-none-eabi/lib/thumb/v8-m.main+fp/hard/libc_nano.a(lib_a-exit.o) (_global_impure_ptr)
/usr/lib/gcc/arm-none-eabi/12.2.1/../../../arm-none-eabi/lib/thumb/v8-m.main+fp/hard/libc_nano.a(lib_a-init.o)
                              /usr/lib/gcc/arm-none-eabi/12.2.1/../../../arm-none-eabi/lib/thumb/v8-m.main+fp/hard/crt0.o (__libc_init_array)
/usr/lib/gcc/arm-none-eabi/12.2.1/../../../arm-none-eabi/lib/thumb/v8-m.main+fp/hard/libc_nano.a(lib_a-memcmp.o)
                              build/secboot_bootmanager.o (memcmp)
/usr/lib/gcc/arm-none-eabi/12.2.1/../../../arm-none-eabi/lib/thumb/v8-m.main+fp/hard/libc_nano.a(lib_a-memcpy.o)
                              build/secboot_aes.o (memcpy)
/usr/lib/gcc/arm-none-eabi/12.2.1/../../../arm-none-eabi/lib/thumb/v8-m.main+fp/hard/libc_nano.a(lib_a-memset.o)
                              /usr/lib/gcc/arm-none-eabi/12.2.1/../../../arm-none-eabi/lib/thumb/v8-m.main+fp/hard/crt0.o (memset)
/usr/lib/gcc/arm-none-eabi/12.2.1/../../../arm-none-eabi/lib/thumb/v8-m.main+fp/hard/libc_nano.a(lib_a-__atexit.o)
                              /usr/lib/gcc/arm-none-eabi/12.2.1/../../../arm-none-eabi/lib/thumb/v8-m.main+fp/hard/libc_nano.a(lib_a-atexit.o) (__register_exitproc)
/usr/lib/gcc/arm-none-eabi/12.2.1/../../../arm-none-eabi/lib/thumb/v8-m.main+fp/hard/libc_nano.a(lib_a-__call_atexit.o)
                              /usr/lib/gcc/arm-none-eabi/12.2.1/../../../arm-none-eabi/lib/thumb/v8-m.main+fp/hard/libc_nano.a(lib_a-__atexit.o) (__call_exitprocs)
/usr/lib/gcc/arm-none-eabi/12.2.1/thumb/v8-m.main+fp/hard/libgcc.a(cmse_nonsecure_call.o)
                              build/secboot_bootmanager.o (__gnu_cmse_nonsecure_call)
/usr/lib/gcc/arm-none-eabi/12.2.1/thumb/v8-m.main+fp/hard/libgcc.a(_aeabi_uldivmod.o)
                              build/stm32l5xx_hal_uart.o (__aeabi_uldivmod)
/usr/lib/gcc/arm-none-eabi/12.2.1/thumb/v8-m.main+fp/hard/libgcc.a(_udivmoddi4.o)
                              /usr/lib/gcc/arm-none-eabi/12.2.1/thumb/v8-m.main+fp/hard/libgcc.a(_aeabi_uldivmod.o) (__udivmoddi4)
/usr/lib/gcc/arm-none-eabi/12.2.1/thumb/v8-m.main+fp/hard/libgcc.a(_dvmd_tls.o)
                              /usr/lib/gcc/arm-none-eabi/12.2.1/thumb/v8-m.main+fp/hard/libgcc.a(_aeabi_uldivmod.o) (__aeabi_ldiv0)

Discarded input sections

 .text          0x00000000        0x0 /usr/lib/gcc/arm-none-eabi/12.2.1/thumb/v8-m.main+fp/hard/crti.o
 .data          0x00000000        0x0 /usr/lib/gcc/arm-none-eabi/12.2.1/thumb/v8-m.main+fp/hard/crti.o
 .bss           0x00000000        0x0 /usr/lib/gcc/arm-none-eabi/12.2.1/thumb/v8-m.main+fp/hard/crti.o
 .data          0x00000000        0x4 /usr/lib/gcc/arm-none-eabi/12.2.1/thumb/v8-m.main+fp/hard/crtbegin.o
 .rodata        0x00000000       0x24 /usr/lib/gcc/arm-none-eabi/12.2.1/thumb/v8-m.main+fp/hard/crtbegin.o
 .text          0x00000000       0x70 /usr/lib/gcc/arm-none-eabi/12.2.1/../../../arm-none-eabi/lib/thumb/v8-m.main+fp/hard/crt0.o
 .data          0x00000000        0x0 /usr/lib/gcc/arm-none-eabi/12.2.1/../../../arm-none-eabi/lib/thumb/v8-m.main+fp/hard/crt0.o
 .bss           0x00000000        0x0 /usr/lib/gcc/arm-none-eabi/12.2.1/../../../arm-none-eabi/lib/thumb/v8-m.main+fp/hard/crt0.o
 .ARM.extab     0x00000000        0x0 /usr/lib/gcc/arm-none-eabi/12.2.1/../../../arm-none-eabi/lib/thumb/v8-m.main+fp/hard/crt0.o
 .ARM.exidx     0x00000000       0x10 /usr/lib/gcc/arm-none-eabi/12.2.1/../../../arm-none-eabi/lib/thumb/v8-m.main+fp/hard/crt0.o
 .debug_line    0x00000000       0x75 /usr/lib/gcc/arm-none-eabi/12.2.1/../../../arm-none-eabi/lib/thumb/v8-m.main+fp/hard/crt0.o
 .debug_line_str
                0x00000000       0x8a /usr/lib/gcc/arm-none-eabi/12.2.1/../../../arm-none-eabi/lib/thumb/v8-m.main+fp/hard/crt0.o
[...]
Memory Configuration

Name             Origin             Length             Attributes
RAM              0x30000000         0x00018000         xrw
RAM2             0x30030000         0x00010000         xrw
ROM              0x0c000000         0x00008000         xr
SECRETS          0x0c008000         0x00002000         rw
LOGGER           0x0c00a000         0x00000800         rw
ROM_NSC          0x0c03e000         0x00002000         xr
*default*        0x00000000         0xffffffff

Linker script and memory map

LOAD /usr/lib/gcc/arm-none-eabi/12.2.1/thumb/v8-m.main+fp/hard/crti.o
LOAD /usr/lib/gcc/arm-none-eabi/12.2.1/thumb/v8-m.main+fp/hard/crtbegin.o
LOAD /usr/lib/gcc/arm-none-eabi/12.2.1/../../../arm-none-eabi/lib/thumb/v8-m.main+fp/hard/crt0.o
LOAD build/main.o
LOAD build/secboot_bootmanager.o
LOAD build/secboot_diag.o
LOAD build/secboot_aes.o
LOAD build/secboot_ecdsa.o
LOAD build/secboot_crc.o
LOAD build/prime256v1.o
LOAD build/secboot_sha256.o
LOAD build/stm32l5xx_it.o
LOAD build/stm32l5xx_hal_msp.o
LOAD build/secure_nsc.o
LOAD build/syscalls.o
LOAD build/sysmem.o
LOAD build/stm32l5xx_hal_cryp.o
LOAD build/stm32l5xx_hal_cryp_ex.o
LOAD build/stm32l5xx_hal.o
LOAD build/stm32l5xx_hal_i2c.o
LOAD build/stm32l5xx_hal_i2c_ex.o
LOAD build/stm32l5xx_hal_rcc.o
LOAD build/stm32l5xx_hal_rcc_ex.o
LOAD build/stm32l5xx_hal_flash.o
LOAD build/stm32l5xx_hal_flash_ex.o
LOAD build/stm32l5xx_hal_flash_ramfunc.o
LOAD build/stm32l5xx_hal_gpio.o
LOAD build/stm32l5xx_hal_dma.o
LOAD build/stm32l5xx_hal_dma_ex.o
LOAD build/stm32l5xx_hal_exti.o
LOAD build/stm32l5xx_hal_pwr.o
LOAD build/stm32l5xx_hal_pwr_ex.o
LOAD build/stm32l5xx_hal_cortex.o
LOAD build/stm32l5xx_hal_icache.o
LOAD build/stm32l5xx_hal_gtzc.o
LOAD build/stm32l5xx_hal_hash.o
LOAD build/stm32l5xx_hal_hash_ex.o
LOAD build/stm32l5xx_hal_otfdec.o
LOAD build/stm32l5xx_hal_pka.o
LOAD build/stm32l5xx_hal_rng.o
LOAD build/stm32l5xx_hal_rng_ex.o
LOAD build/stm32l5xx_hal_uart.o
LOAD build/stm32l5xx_hal_uart_ex.o
LOAD build/system_stm32l5xx_s.o
LOAD build/stm32l5xx_hal_crc.o
LOAD build/stm32l5xx_hal_crc_ex.o
LOAD build/startup_stm32l562xx.o
LOAD /usr/lib/gcc/arm-none-eabi/12.2.1/../../../arm-none-eabi/lib/thumb/v8-m.main+fp/hard/libc_nano.a
LOAD /usr/lib/gcc/arm-none-eabi/12.2.1/../../../arm-none-eabi/lib/thumb/v8-m.main+fp/hard/libm.a
LOAD /usr/lib/gcc/arm-none-eabi/12.2.1/../../../arm-none-eabi/lib/thumb/v8-m.main+fp/hard/libnosys.a
START GROUP
LOAD /usr/lib/gcc/arm-none-eabi/12.2.1/thumb/v8-m.main+fp/hard/libgcc.a
LOAD /usr/lib/gcc/arm-none-eabi/12.2.1/../../../arm-none-eabi/lib/thumb/v8-m.main+fp/hard/libc_nano.a
END GROUP
START GROUP
LOAD /usr/lib/gcc/arm-none-eabi/12.2.1/thumb/v8-m.main+fp/hard/libgcc.a
LOAD /usr/lib/gcc/arm-none-eabi/12.2.1/../../../arm-none-eabi/lib/thumb/v8-m.main+fp/hard/libc_nano.a
END GROUP
LOAD /usr/lib/gcc/arm-none-eabi/12.2.1/thumb/v8-m.main+fp/hard/crtend.o
LOAD /usr/lib/gcc/arm-none-eabi/12.2.1/thumb/v8-m.main+fp/hard/crtn.o
                0x30018000                        _estack = (ORIGIN (RAM) + LENGTH (RAM))
                0x00000200                        _Min_Heap_Size = 0x200
                0x00000400                        _Min_Stack_Size = 0x400

.isr_vector     0x0c000000      0x1f8
                0x0c000000                        . = ALIGN (0x8)
 *(.isr_vector)
 .isr_vector    0x0c000000      0x1f4 build/startup_stm32l562xx.o
                0x0c000000                g_pfnVectors
                0x0c0001f8                        . = ALIGN (0x8)
 *fill*         0x0c0001f4        0x4 

.text           0x0c0001f8     0x4868
                0x0c0001f8                        . = ALIGN (0x8)
 *(.text)
 .text          0x0c0001f8       0x8c /usr/lib/gcc/arm-none-eabi/12.2.1/thumb/v8-m.main+fp/hard/crtbegin.o
 .text          0x0c000284       0x50 /usr/lib/gcc/arm-none-eabi/12.2.1/../../../arm-none-eabi/lib/thumb/v8-m.main+fp/hard/libc_nano.a(lib_a-init.o)
                0x0c000284                __libc_init_array
 .text          0x0c0002d4       0x60 /usr/lib/gcc/arm-none-eabi/12.2.1/../../../arm-none-eabi/lib/thumb/v8-m.main+fp/hard/libc_nano.a(lib_a-memcmp.o)
                0x0c0002d4                memcmp
 .text          0x0c000334       0xa8 /usr/lib/gcc/arm-none-eabi/12.2.1/../../../arm-none-eabi/lib/thumb/v8-m.main+fp/hard/libc_nano.a(lib_a-memset.o)
                0x0c000334                memset
 .text          0x0c0003dc       0x5c /usr/lib/gcc/arm-none-eabi/12.2.1/thumb/v8-m.main+fp/hard/libgcc.a(cmse_nonsecure_call.o)
                0x0c0003dc                __gnu_cmse_nonsecure_call
 .text          0x0c000438       0x30 /usr/lib/gcc/arm-none-eabi/12.2.1/thumb/v8-m.main+fp/hard/libgcc.a(_aeabi_uldivmod.o)
                0x0c000438                __aeabi_uldivmod
 .text          0x0c000468      0x2ec /usr/lib/gcc/arm-none-eabi/12.2.1/thumb/v8-m.main+fp/hard/libgcc.a(_udivmoddi4.o)
                0x0c000468                __udivmoddi4
 .text          0x0c000754        0x4 /usr/lib/gcc/arm-none-eabi/12.2.1/thumb/v8-m.main+fp/hard/libgcc.a(_dvmd_tls.o)
                0x0c000754                __aeabi_ldiv0
                0x0c000754                __aeabi_idiv0
 *(.text*)
 .text.MX_GPIO_Init
                0x0c000758       0xc8 build/main.o
 .text.Error_Handler
                0x0c000820        0x4 build/main.o
                0x0c000820                Error_Handler
 .text.MX_ICACHE_Init
                0x0c000824       0x1a build/main.o
 *fill*         0x0c00083e        0x2 
 .text.MX_OTFDEC1_Init
                0x0c000840       0x1c build/main.o
 .text.MX_RNG_Init
                0x0c00085c       0x20 build/main.o
 .text.MX_USART1_UART_Init
                0x0c00087c       0x60 build/main.o
 .text.SystemClock_Config
                0x0c0008dc       0x6c build/main.o
                0x0c0008dc                SystemClock_Config
 .text.main     0x0c000948       0x6c build/main.o
                0x0c000948                main
 .text.SECBOOT_BootManager_Init
                0x0c0009b4       0xbc build/secboot_bootmanager.o
                0x0c0009b4                SECBOOT_BootManager_Init
 .text.SECBOOT_BootManager_VerifyBootloaderCRC
                0x0c000a70       0x34 build/secboot_bootmanager.o
                0x0c000a70                SECBOOT_BootManager_VerifyBootloaderCRC
 .text.SECBOOT_BootManager_VerifyAppSignature
                0x0c000aa4       0x8c build/secboot_bootmanager.o
                0x0c000aa4                SECBOOT_BootManager_VerifyAppSignature
 .text.SECBOOT_BootManager_JumpTo
                0x0c000b30       0x6c build/secboot_bootmanager.o
                0x0c000b30                SECBOOT_BootManager_JumpTo
 .text.SECBOOT_Diag_LogEvent
                0x0c000b9c       0xc8 build/secboot_diag.o
                0x0c000b9c                SECBOOT_Diag_LogEvent
 .text.SECBOOT_ECDSA_Init
                0x0c000c64       0x7c build/secboot_ecdsa.o
                0x0c000c64                SECBOOT_ECDSA_Init
 .text.SECBOOT_ECDSA_Verify_Signature
                0x0c000ce0       0xa4 build/secboot_ecdsa.o
                0x0c000ce0                SECBOOT_ECDSA_Verify_Signature
 .text.SECBOOT_CRC_Init
                0x0c000d84       0x2c build/secboot_crc.o
                0x0c000d84                SECBOOT_CRC_Init
 .text.SECBOOT_CRC_Calculate
                0x0c000db0       0x28 build/secboot_crc.o
                0x0c000db0                SECBOOT_CRC_Calculate
 .text.get_prime256v1_curve
                0x0c000dd8        0x8 build/prime256v1.o
                0x0c000dd8                get_prime256v1_curve
 .text.SECBOOT_SHA256_Init
                0x0c000de0       0x18 build/secboot_sha256.o
                0x0c000de0                SECBOOT_SHA256_Init
 .text.SECBOOT_SHA256_Compute
                0x0c000df8       0x4c build/secboot_sha256.o
                0x0c000df8                SECBOOT_SHA256_Compute
 .text.NMI_Handler
                0x0c000e44        0x2 build/stm32l5xx_it.o
                0x0c000e44                NMI_Handler
 .text.HardFault_Handler
                0x0c000e46        0x2 build/stm32l5xx_it.o
                0x0c000e46                HardFault_Handler
 .text.MemManage_Handler
                0x0c000e48        0x2 build/stm32l5xx_it.o
                0x0c000e48                MemManage_Handler
 .text.BusFault_Handler
                0x0c000e4a        0x2 build/stm32l5xx_it.o
                0x0c000e4a                BusFault_Handler
 .text.UsageFault_Handler
                0x0c000e4c        0x2 build/stm32l5xx_it.o
                0x0c000e4c                UsageFault_Handler
 .text.SecureFault_Handler
                0x0c000e4e        0x2 build/stm32l5xx_it.o
                0x0c000e4e                SecureFault_Handler
 .text.SVC_Handler
                0x0c000e50        0x2 build/stm32l5xx_it.o
                0x0c000e50                SVC_Handler
 .text.DebugMon_Handler
                0x0c000e52        0x2 build/stm32l5xx_it.o
                0x0c000e52                DebugMon_Handler
 .text.PendSV_Handler
                0x0c000e54        0x2 build/stm32l5xx_it.o
                0x0c000e54                PendSV_Handler
 .text.SysTick_Handler
                0x0c000e56        0x8 build/stm32l5xx_it.o
                0x0c000e56                SysTick_Handler
 *fill*         0x0c000e5e        0x2 
 .text.USART1_IRQHandler
                0x0c000e60       0x10 build/stm32l5xx_it.o
                0x0c000e60                USART1_IRQHandler
 .text.HAL_MspInit
                0x0c000e70       0x4c build/stm32l5xx_hal_msp.o
                0x0c000e70                HAL_MspInit
 .text.HAL_CRC_MspInit
                0x0c000ebc       0x2c build/stm32l5xx_hal_msp.o
                0x0c000ebc                HAL_CRC_MspInit
 .text.HAL_HASH_MspInit
                0x0c000ee8       0x20 build/stm32l5xx_hal_msp.o
                0x0c000ee8                HAL_HASH_MspInit
 .text.HAL_OTFDEC_MspInit
                0x0c000f08       0x2c build/stm32l5xx_hal_msp.o
                0x0c000f08                HAL_OTFDEC_MspInit
 .text.HAL_PKA_MspInit
                0x0c000f34       0x2c build/stm32l5xx_hal_msp.o
                0x0c000f34                HAL_PKA_MspInit
 .text.HAL_PKA_MspDeInit
                0x0c000f60       0x20 build/stm32l5xx_hal_msp.o
                0x0c000f60                HAL_PKA_MspDeInit
 .text.HAL_RNG_MspInit
                0x0c000f80       0x50 build/stm32l5xx_hal_msp.o
                0x0c000f80                HAL_RNG_MspInit
 .text.HAL_UART_MspInit
                0x0c000fd0       0x9c build/stm32l5xx_hal_msp.o
                0x0c000fd0                HAL_UART_MspInit
 .text.SECURE_RegisterCallback
                0x0c00106c       0x84 build/secure_nsc.o
                0x0c00106c                __acle_se_SECURE_RegisterCallback
 .text.NSC_print
                0x0c0010f0       0x88 build/secure_nsc.o
                0x0c0010f0                __acle_se_NSC_print
 .text.GreenLED_ON
                0x0c001178       0x80 build/secure_nsc.o
                0x0c001178                __acle_se_GreenLED_ON
 .text.GreenLED_OFF
                0x0c0011f8       0x80 build/secure_nsc.o
                0x0c0011f8                __acle_se_GreenLED_OFF
 .text.RedLED_ON
                0x0c001278       0x7c build/secure_nsc.o
                0x0c001278                __acle_se_RedLED_ON
 .text.RedLED_OFF
                0x0c0012f4       0x7c build/secure_nsc.o
                0x0c0012f4                __acle_se_RedLED_OFF
 .text.HAL_InitTick
                0x0c001370       0x50 build/stm32l5xx_hal.o
                0x0c001370                HAL_InitTick
 .text.HAL_Init
                0x0c0013c0       0x22 build/stm32l5xx_hal.o
                0x0c0013c0                HAL_Init
 *fill*         0x0c0013e2        0x2 
 .text.HAL_IncTick
                0x0c0013e4       0x18 build/stm32l5xx_hal.o
                0x0c0013e4                HAL_IncTick
 .text.HAL_GetTick
                0x0c0013fc        0xc build/stm32l5xx_hal.o
                0x0c0013fc                HAL_GetTick
 .text.RCC_GetSysClockFreqFromPLLSource
                0x0c001408       0x90 build/stm32l5xx_hal_rcc.o
 .text.RCC_SetFlashLatencyFromMSIRange
                0x0c001498       0x94 build/stm32l5xx_hal_rcc.o
 .text.HAL_RCC_GetSysClockFreq
                0x0c00152c       0xd8 build/stm32l5xx_hal_rcc.o
                0x0c00152c                HAL_RCC_GetSysClockFreq
 .text.HAL_RCC_GetHCLKFreq
                0x0c001604       0x20 build/stm32l5xx_hal_rcc.o
                0x0c001604                HAL_RCC_GetHCLKFreq
 .text.HAL_RCC_OscConfig
                0x0c001624      0x7b0 build/stm32l5xx_hal_rcc.o
                0x0c001624                HAL_RCC_OscConfig
 .text.HAL_RCC_ClockConfig
                0x0c001dd4      0x1f8 build/stm32l5xx_hal_rcc.o
                0x0c001dd4                HAL_RCC_ClockConfig
 .text.HAL_RCC_GetPCLK1Freq
                0x0c001fcc       0x20 build/stm32l5xx_hal_rcc.o
                0x0c001fcc                HAL_RCC_GetPCLK1Freq
 .text.HAL_RCC_GetPCLK2Freq
                0x0c001fec       0x20 build/stm32l5xx_hal_rcc.o
                0x0c001fec                HAL_RCC_GetPCLK2Freq
 .text.RCCEx_PLLSAI2_Config
                0x0c00200c       0xe0 build/stm32l5xx_hal_rcc_ex.o
 .text.RCCEx_PLLSAI1_Config
                0x0c0020ec      0x140 build/stm32l5xx_hal_rcc_ex.o
 .text.HAL_RCCEx_PeriphCLKConfig
                0x0c00222c      0x568 build/stm32l5xx_hal_rcc_ex.o
                0x0c00222c                HAL_RCCEx_PeriphCLKConfig
 .text.FLASH_Program_DoubleWord
                0x0c002794       0x3c build/stm32l5xx_hal_flash.o
 .text.HAL_FLASH_Unlock
                0x0c0027d0       0x4c build/stm32l5xx_hal_flash.o
                0x0c0027d0                HAL_FLASH_Unlock
 .text.HAL_FLASH_Lock
                0x0c00281c       0x28 build/stm32l5xx_hal_flash.o
                0x0c00281c                HAL_FLASH_Lock
 .text.FLASH_WaitForLastOperation
                0x0c002844       0x88 build/stm32l5xx_hal_flash.o
                0x0c002844                FLASH_WaitForLastOperation
 .text.HAL_FLASH_Program
                0x0c0028cc       0x70 build/stm32l5xx_hal_flash.o
                0x0c0028cc                HAL_FLASH_Program
 .text.HAL_GPIO_Init
                0x0c00293c      0x1c8 build/stm32l5xx_hal_gpio.o
                0x0c00293c                HAL_GPIO_Init
 .text.HAL_GPIO_WritePin
                0x0c002b04        0xa build/stm32l5xx_hal_gpio.o
                0x0c002b04                HAL_GPIO_WritePin
 .text.HAL_DMA_Abort
                0x0c002b0e       0x6c build/stm32l5xx_hal_dma.o
                0x0c002b0e                HAL_DMA_Abort
 .text.HAL_DMA_Abort_IT
                0x0c002b7a       0x72 build/stm32l5xx_hal_dma.o
                0x0c002b7a                HAL_DMA_Abort_IT
 .text.HAL_PWREx_GetVoltageRange
                0x0c002bec       0x10 build/stm32l5xx_hal_pwr_ex.o
                0x0c002bec                HAL_PWREx_GetVoltageRange
 .text.HAL_PWREx_EnableVddIO2
                0x0c002bfc       0x10 build/stm32l5xx_hal_pwr_ex.o
                0x0c002bfc                HAL_PWREx_EnableVddIO2
 .text.HAL_PWREx_DisableUCPDDeadBattery
                0x0c002c0c       0x10 build/stm32l5xx_hal_pwr_ex.o
                0x0c002c0c                HAL_PWREx_DisableUCPDDeadBattery
 .text.HAL_PWREx_SMPS_GetEffectiveMode
                0x0c002c1c       0x24 build/stm32l5xx_hal_pwr_ex.o
                0x0c002c1c                HAL_PWREx_SMPS_GetEffectiveMode
 .text.HAL_PWREx_ControlVoltageScaling
                0x0c002c40       0x90 build/stm32l5xx_hal_pwr_ex.o
                0x0c002c40                HAL_PWREx_ControlVoltageScaling
 .text.__NVIC_EnableIRQ
                0x0c002cd0       0x1c build/stm32l5xx_hal_cortex.o
 .text.__NVIC_SetPriority
                0x0c002cec       0x28 build/stm32l5xx_hal_cortex.o
 .text.NVIC_EncodePriority
                0x0c002d14       0x3e build/stm32l5xx_hal_cortex.o
 *fill*         0x0c002d52        0x2 
 .text.HAL_NVIC_SetPriorityGrouping
                0x0c002d54       0x24 build/stm32l5xx_hal_cortex.o
                0x0c002d54                HAL_NVIC_SetPriorityGrouping
 .text.HAL_NVIC_SetPriority
                0x0c002d78       0x20 build/stm32l5xx_hal_cortex.o
                0x0c002d78                HAL_NVIC_SetPriority
 .text.HAL_NVIC_EnableIRQ
                0x0c002d98        0x8 build/stm32l5xx_hal_cortex.o
                0x0c002d98                HAL_NVIC_EnableIRQ
 .text.HAL_SYSTICK_Config
                0x0c002da0       0x28 build/stm32l5xx_hal_cortex.o
                0x0c002da0                HAL_SYSTICK_Config
 .text.HAL_ICACHE_ConfigAssociativityMode
                0x0c002dc8       0x24 build/stm32l5xx_hal_icache.o
                0x0c002dc8                HAL_ICACHE_ConfigAssociativityMode
 .text.HAL_ICACHE_Enable
                0x0c002dec       0x14 build/stm32l5xx_hal_icache.o
                0x0c002dec                HAL_ICACHE_Enable
 .text.HAL_GTZC_TZSC_ConfigPeriphAttributes
                0x0c002e00      0x124 build/stm32l5xx_hal_gtzc.o
                0x0c002e00                HAL_GTZC_TZSC_ConfigPeriphAttributes
 .text.HAL_GTZC_MPCBB_ConfigMem
                0x0c002f24       0xac build/stm32l5xx_hal_gtzc.o
                0x0c002f24                HAL_GTZC_MPCBB_ConfigMem
 .text.HASH_GetDigest
                0x0c002fd0       0xc8 build/stm32l5xx_hal_hash.o
 .text.HASH_WaitOnFlagUntilTimeout
                0x0c003098       0xbc build/stm32l5xx_hal_hash.o
 .text.HASH_WriteData
                0x0c003154      0x138 build/stm32l5xx_hal_hash.o
 .text.HAL_HASH_Init
                0x0c00328c       0x60 build/stm32l5xx_hal_hash.o
                0x0c00328c                HAL_HASH_Init
 .text.HASH_Start
                0x0c0032ec      0x13c build/stm32l5xx_hal_hash.o
                0x0c0032ec                HASH_Start
 .text.HASH_Finish
                0x0c003428       0x90 build/stm32l5xx_hal_hash.o
                0x0c003428                HASH_Finish
 .text.HAL_HASHEx_SHA256_Start
                0x0c0034b8       0x18 build/stm32l5xx_hal_hash_ex.o
                0x0c0034b8                HAL_HASHEx_SHA256_Start
 .text.HAL_HASHEx_SHA256_Finish
                0x0c0034d0        0x8 build/stm32l5xx_hal_hash_ex.o
                0x0c0034d0                HAL_HASHEx_SHA256_Finish
 .text.HAL_OTFDEC_Init
                0x0c0034d8       0x1e build/stm32l5xx_hal_otfdec.o
                0x0c0034d8                HAL_OTFDEC_Init
 .text.HAL_PKA_Init
                0x0c0034f6       0x5e build/stm32l5xx_hal_pka.o
                0x0c0034f6                HAL_PKA_Init
 .text.HAL_PKA_DeInit
                0x0c003554       0x2a build/stm32l5xx_hal_pka.o
                0x0c003554                HAL_PKA_DeInit
 .text.HAL_PKA_ECDSAVerif_IsValidSignature
                0x0c00357e       0x10 build/stm32l5xx_hal_pka.o
                0x0c00357e                HAL_PKA_ECDSAVerif_IsValidSignature
 .text.HAL_PKA_GetState
                0x0c00358e        0x4 build/stm32l5xx_hal_pka.o
                0x0c00358e                HAL_PKA_GetState
 .text.PKA_PollEndOfOperation
                0x0c003592       0x32 build/stm32l5xx_hal_pka.o
                0x0c003592                PKA_PollEndOfOperation
 .text.PKA_CheckError
                0x0c0035c4       0x2c build/stm32l5xx_hal_pka.o
                0x0c0035c4                PKA_CheckError
 .text.PKA_GetOptBitSize_u8
                0x0c0035f0       0x16 build/stm32l5xx_hal_pka.o
                0x0c0035f0                PKA_GetOptBitSize_u8
 .text.PKA_Memcpy_u8_to_u32
                0x0c003606       0x9a build/stm32l5xx_hal_pka.o
                0x0c003606                PKA_Memcpy_u8_to_u32
 .text.PKA_Process
                0x0c0036a0       0x8c build/stm32l5xx_hal_pka.o
                0x0c0036a0                PKA_Process
 .text.PKA_ECDSAVerif_Set
                0x0c00372c      0x160 build/stm32l5xx_hal_pka.o
                0x0c00372c                PKA_ECDSAVerif_Set
 .text.HAL_PKA_ECDSAVerif
                0x0c00388c       0x16 build/stm32l5xx_hal_pka.o
                0x0c00388c                HAL_PKA_ECDSAVerif
 *fill*         0x0c0038a2        0x2 
 .text.HAL_RNG_Init
                0x0c0038a4       0xdc build/stm32l5xx_hal_rng.o
                0x0c0038a4                HAL_RNG_Init
 .text.UART_EndRxTransfer
                0x0c003980       0x56 build/stm32l5xx_hal_uart.o
 .text.HAL_UART_TxCpltCallback
                0x0c0039d6        0x2 build/stm32l5xx_hal_uart.o
                0x0c0039d6                HAL_UART_TxCpltCallback
 .text.UART_EndTransmit_IT
                0x0c0039d8       0x24 build/stm32l5xx_hal_uart.o
 .text.HAL_UART_ErrorCallback
                0x0c0039fc        0x2 build/stm32l5xx_hal_uart.o
                0x0c0039fc                HAL_UART_ErrorCallback
 .text.UART_DMAAbortOnError
                0x0c0039fe       0x14 build/stm32l5xx_hal_uart.o
 .text.HAL_UARTEx_RxEventCallback
                0x0c003a12        0x2 build/stm32l5xx_hal_uart.o
                0x0c003a12                HAL_UARTEx_RxEventCallback
 .text.HAL_UART_IRQHandler
                0x0c003a14      0x344 build/stm32l5xx_hal_uart.o
                0x0c003a14                HAL_UART_IRQHandler
 .text.UART_SetConfig
                0x0c003d58      0x38c build/stm32l5xx_hal_uart.o
                0x0c003d58                UART_SetConfig
 .text.UART_AdvFeatureConfig
                0x0c0040e4       0xca build/stm32l5xx_hal_uart.o
                0x0c0040e4                UART_AdvFeatureConfig
 .text.UART_WaitOnFlagUntilTimeout
                0x0c0041ae       0x9e build/stm32l5xx_hal_uart.o
                0x0c0041ae                UART_WaitOnFlagUntilTimeout
 .text.HAL_UART_Transmit
                0x0c00424c       0xd2 build/stm32l5xx_hal_uart.o
                0x0c00424c                HAL_UART_Transmit
 .text.UART_CheckIdleState
                0x0c00431e       0xca build/stm32l5xx_hal_uart.o
                0x0c00431e                UART_CheckIdleState
 .text.HAL_UART_Init
                0x0c0043e8       0x66 build/stm32l5xx_hal_uart.o
                0x0c0043e8                HAL_UART_Init
 *fill*         0x0c00444e        0x2 
 .text.UARTEx_SetNbDataToProcess
                0x0c004450       0x4c build/stm32l5xx_hal_uart_ex.o
 .text.HAL_UARTEx_WakeupCallback
                0x0c00449c        0x2 build/stm32l5xx_hal_uart_ex.o
                0x0c00449c                HAL_UARTEx_WakeupCallback
 .text.HAL_UARTEx_RxFifoFullCallback
                0x0c00449e        0x2 build/stm32l5xx_hal_uart_ex.o
                0x0c00449e                HAL_UARTEx_RxFifoFullCallback
 .text.HAL_UARTEx_TxFifoEmptyCallback
                0x0c0044a0        0x2 build/stm32l5xx_hal_uart_ex.o
                0x0c0044a0                HAL_UARTEx_TxFifoEmptyCallback
 .text.HAL_UARTEx_DisableFifoMode
                0x0c0044a2       0x3e build/stm32l5xx_hal_uart_ex.o
                0x0c0044a2                HAL_UARTEx_DisableFifoMode
 .text.HAL_UARTEx_SetTxFifoThreshold
                0x0c0044e0       0x4a build/stm32l5xx_hal_uart_ex.o
                0x0c0044e0                HAL_UARTEx_SetTxFifoThreshold
 .text.HAL_UARTEx_SetRxFifoThreshold
                0x0c00452a       0x4a build/stm32l5xx_hal_uart_ex.o
                0x0c00452a                HAL_UARTEx_SetRxFifoThreshold
 .text.TZ_SAU_Setup
                0x0c004574       0xe0 build/system_stm32l5xx_s.o
 .text.SystemInit
                0x0c004654       0x2c build/system_stm32l5xx_s.o
                0x0c004654                SystemInit
 .text.SystemCoreClockUpdate
                0x0c004680       0xd8 build/system_stm32l5xx_s.o
                0x0c004680                SystemCoreClockUpdate
 .text.SECURE_SystemCoreClockUpdate
                0x0c004758       0x78 build/system_stm32l5xx_s.o
                0x0c004758                __acle_se_SECURE_SystemCoreClockUpdate
 .text.CRC_Handle_8
                0x0c0047d0       0x88 build/stm32l5xx_hal_crc.o
 .text.CRC_Handle_16
                0x0c004858       0x4e build/stm32l5xx_hal_crc.o
 *fill*         0x0c0048a6        0x2 
 .text.HAL_CRC_Init
                0x0c0048a8       0x80 build/stm32l5xx_hal_crc.o
                0x0c0048a8                HAL_CRC_Init
 .text.HAL_CRC_Calculate
                0x0c004928       0x50 build/stm32l5xx_hal_crc.o
                0x0c004928                HAL_CRC_Calculate
 .text.HAL_CRCEx_Polynomial_Set
                0x0c004978       0x78 build/stm32l5xx_hal_crc_ex.o
                0x0c004978                HAL_CRCEx_Polynomial_Set
 .text.Reset_Handler
                0x0c0049f0       0x50 build/startup_stm32l562xx.o
                0x0c0049f0                Reset_Handler
 .text.Default_Handler
                0x0c004a40        0x2 build/startup_stm32l562xx.o
                0x0c004a40                EXTI2_IRQHandler
                0x0c004a40                TIM8_TRG_COM_IRQHandler
                0x0c004a40                TIM8_CC_IRQHandler
                0x0c004a40                EXTI5_IRQHandler
                0x0c004a40                FLASH_S_IRQHandler
                0x0c004a40                EXTI13_IRQHandler
                0x0c004a40                TIM1_CC_IRQHandler
                0x0c004a40                TSC_IRQHandler
                0x0c004a40                TAMP_IRQHandler
                0x0c004a40                TIM6_IRQHandler
                0x0c004a40                EXTI12_IRQHandler
                0x0c004a40                DMA2_Channel8_IRQHandler
                0x0c004a40                EXTI3_IRQHandler
                0x0c004a40                EXTI8_IRQHandler
                0x0c004a40                LPTIM2_IRQHandler
                0x0c004a40                DFSDM1_FLT1_IRQHandler
                0x0c004a40                USB_FS_IRQHandler
                0x0c004a40                I2C3_ER_IRQHandler
                0x0c004a40                DFSDM1_FLT2_IRQHandler
                0x0c004a40                DMAMUX1_IRQHandler
                0x0c004a40                LPTIM3_IRQHandler
                0x0c004a40                EXTI0_IRQHandler
                0x0c004a40                I2C2_EV_IRQHandler
                0x0c004a40                FPU_IRQHandler
                0x0c004a40                FDCAN1_IT1_IRQHandler
                0x0c004a40                ADC1_2_IRQHandler
                0x0c004a40                SPI1_IRQHandler
                0x0c004a40                OCTOSPI1_IRQHandler
                0x0c004a40                TIM8_UP_IRQHandler
                0x0c004a40                RCC_S_IRQHandler
                0x0c004a40                DMA2_Channel2_IRQHandler
                0x0c004a40                DMA1_Channel4_IRQHandler
                0x0c004a40                SAI2_IRQHandler
                0x0c004a40                DFSDM1_FLT3_IRQHandler
                0x0c004a40                PKA_IRQHandler
                0x0c004a40                EXTI15_IRQHandler
                0x0c004a40                TIM17_IRQHandler
                0x0c004a40                USART3_IRQHandler
                0x0c004a40                RTC_IRQHandler
                0x0c004a40                EXTI9_IRQHandler
                0x0c004a40                DMA1_Channel7_IRQHandler
                0x0c004a40                UART5_IRQHandler
                0x0c004a40                TIM4_IRQHandler
                0x0c004a40                DMA2_Channel1_IRQHandler
                0x0c004a40                I2C1_EV_IRQHandler
                0x0c004a40                DMA1_Channel6_IRQHandler
                0x0c004a40                TIM16_IRQHandler
                0x0c004a40                UART4_IRQHandler
                0x0c004a40                DMA2_Channel4_IRQHandler
                0x0c004a40                TIM3_IRQHandler
                0x0c004a40                RCC_IRQHandler
                0x0c004a40                TIM1_TRG_COM_IRQHandler
                0x0c004a40                DMA1_Channel1_IRQHandler
                0x0c004a40                Default_Handler
                0x0c004a40                DMA2_Channel7_IRQHandler
                0x0c004a40                OTFDEC1_IRQHandler
                0x0c004a40                DMA1_Channel8_IRQHandler
                0x0c004a40                TIM7_IRQHandler
                0x0c004a40                SDMMC1_IRQHandler
                0x0c004a40                TIM5_IRQHandler
                0x0c004a40                UCPD1_IRQHandler
                0x0c004a40                TIM15_IRQHandler
                0x0c004a40                I2C3_EV_IRQHandler
                0x0c004a40                PVD_PVM_IRQHandler
                0x0c004a40                SPI2_IRQHandler
                0x0c004a40                EXTI14_IRQHandler
                0x0c004a40                EXTI11_IRQHandler
                0x0c004a40                DMA2_Channel5_IRQHandler
                0x0c004a40                CRS_IRQHandler
                0x0c004a40                DMA1_Channel5_IRQHandler
                0x0c004a40                EXTI4_IRQHandler
                0x0c004a40                RTC_S_IRQHandler
                0x0c004a40                RNG_IRQHandler
                0x0c004a40                DMAMUX1_S_IRQHandler
                0x0c004a40                DMA1_Channel3_IRQHandler
                0x0c004a40                COMP_IRQHandler
                0x0c004a40                TIM1_UP_IRQHandler
                0x0c004a40                WWDG_IRQHandler
                0x0c004a40                I2C4_EV_IRQHandler
                0x0c004a40                LPUART1_IRQHandler
                0x0c004a40                DMA2_Channel6_IRQHandler
                0x0c004a40                FDCAN1_IT0_IRQHandler
                0x0c004a40                TIM2_IRQHandler
                0x0c004a40                TAMP_S_IRQHandler
                0x0c004a40                EXTI7_IRQHandler
                0x0c004a40                TIM1_BRK_IRQHandler
                0x0c004a40                DAC_IRQHandler
                0x0c004a40                EXTI1_IRQHandler
                0x0c004a40                AES_IRQHandler
                0x0c004a40                GTZC_IRQHandler
                0x0c004a40                USART2_IRQHandler
                0x0c004a40                DFSDM1_FLT0_IRQHandler
                0x0c004a40                I2C2_ER_IRQHandler
                0x0c004a40                DMA1_Channel2_IRQHandler
                0x0c004a40                TIM8_BRK_IRQHandler
                0x0c004a40                FLASH_IRQHandler
                0x0c004a40                EXTI10_IRQHandler
                0x0c004a40                SPI3_IRQHandler
                0x0c004a40                I2C1_ER_IRQHandler
                0x0c004a40                FMC_IRQHandler
                0x0c004a40                EXTI6_IRQHandler
                0x0c004a40                LPTIM1_IRQHandler
                0x0c004a40                I2C4_ER_IRQHandler
                0x0c004a40                ICACHE_IRQHandler
                0x0c004a40                SAI1_IRQHandler
                0x0c004a40                HASH_IRQHandler
                0x0c004a40                DMA2_Channel3_IRQHandler
 *(.glue_7)
 .glue_7        0x0c004a42        0x0 linker stubs
 *(.glue_7t)
 .glue_7t       0x0c004a42        0x0 linker stubs
 *(.eh_frame)
 *fill*         0x0c004a42        0x2 
 .eh_frame      0x0c004a44        0x0 /usr/lib/gcc/arm-none-eabi/12.2.1/thumb/v8-m.main+fp/hard/crtbegin.o
 *(.init)
 .init          0x0c004a44        0x4 /usr/lib/gcc/arm-none-eabi/12.2.1/thumb/v8-m.main+fp/hard/crti.o
                0x0c004a44                _init
 .init          0x0c004a48        0x8 /usr/lib/gcc/arm-none-eabi/12.2.1/thumb/v8-m.main+fp/hard/crtn.o
 *(.fini)
 .fini          0x0c004a50        0x4 /usr/lib/gcc/arm-none-eabi/12.2.1/thumb/v8-m.main+fp/hard/crti.o
                0x0c004a50                _fini
 .fini          0x0c004a54        0x8 /usr/lib/gcc/arm-none-eabi/12.2.1/thumb/v8-m.main+fp/hard/crtn.o
                0x0c004a60                        . = ALIGN (0x8)
 *fill*         0x0c004a5c        0x4 
                0x0c004a60                        _etext = .

.vfp11_veneer   0x0c004a60        0x0
 .vfp11_veneer  0x0c004a60        0x0 linker stubs

.v4_bx          0x0c004a60        0x0
 .v4_bx         0x0c004a60        0x0 linker stubs

.iplt           0x0c004a60        0x0
 .iplt          0x0c004a60        0x0 /usr/lib/gcc/arm-none-eabi/12.2.1/thumb/v8-m.main+fp/hard/crtbegin.o

.rodata         0x0c004a60      0x220
                0x0c004a60                        . = ALIGN (0x8)
 *(.rodata)
 .rodata        0x0c004a60       0x1c build/secboot_bootmanager.o
 *(.rodata*)
 .rodata.prime256v1_curve
                0x0c004a7c       0x4c build/prime256v1.o
 .rodata.prime256v1_Seed
                0x0c004ac8       0x14 build/prime256v1.o
 .rodata.prime256v1_Order
                0x0c004adc       0x20 build/prime256v1.o
 .rodata.prime256v1_GeneratorY
                0x0c004afc       0x20 build/prime256v1.o
 .rodata.prime256v1_GeneratorX
                0x0c004b1c       0x20 build/prime256v1.o
 .rodata.prime256v1_Generator
                0x0c004b3c       0x41 build/prime256v1.o
 *fill*         0x0c004b7d        0x3 
 .rodata.prime256v1_B
                0x0c004b80       0x20 build/prime256v1.o
 .rodata.prime256v1_absA
                0x0c004ba0       0x20 build/prime256v1.o
 .rodata.prime256v1_A
                0x0c004bc0       0x20 build/prime256v1.o
 .rodata.prime256v1_Prime
                0x0c004be0       0x20 build/prime256v1.o
 .rodata.UARTPrescTable
                0x0c004c00       0x18 build/stm32l5xx_hal_uart.o
                0x0c004c00                UARTPrescTable
 .rodata.denominator.0
                0x0c004c18        0x8 build/stm32l5xx_hal_uart_ex.o
 .rodata.numerator.1
                0x0c004c20        0x8 build/stm32l5xx_hal_uart_ex.o
 .rodata.MSIRangeTable
                0x0c004c28       0x40 build/system_stm32l5xx_s.o
                0x0c004c28                MSIRangeTable
 .rodata.APBPrescTable
                0x0c004c68        0x8 build/system_stm32l5xx_s.o
                0x0c004c68                APBPrescTable
 .rodata.AHBPrescTable
                0x0c004c70       0x10 build/system_stm32l5xx_s.o
                0x0c004c70                AHBPrescTable
                0x0c004c80                        . = ALIGN (0x8)

.ARM.extab      0x0c004c80        0x0
                0x0c004c80                        . = ALIGN (0x8)
 *(.ARM.extab* .gnu.linkonce.armextab.*)
                0x0c004c80                        . = ALIGN (0x8)

.ARM            0x0c004c80        0x8
                0x0c004c80                        . = ALIGN (0x8)
                0x0c004c80                        __exidx_start = .
 *(.ARM.exidx*)
 .ARM.exidx     0x0c004c80        0x8 /usr/lib/gcc/arm-none-eabi/12.2.1/thumb/v8-m.main+fp/hard/libgcc.a(_udivmoddi4.o)
                0x0c004c88                        __exidx_end = .
                0x0c004c88                        . = ALIGN (0x8)

.preinit_array  0x0c004c88        0x0
                0x0c004c88                        . = ALIGN (0x8)
                0x0c004c88                        PROVIDE (__preinit_array_start = .)
 *(.preinit_array*)
                0x0c004c88                        PROVIDE (__preinit_array_end = .)
                0x0c004c88                        . = ALIGN (0x8)

.init_array     0x0c004c88        0x8
                0x0c004c88                        . = ALIGN (0x8)
                0x0c004c88                        PROVIDE (__init_array_start = .)
 *(SORT_BY_NAME(.init_array.*))
 *(.init_array*)
 .init_array    0x0c004c88        0x4 /usr/lib/gcc/arm-none-eabi/12.2.1/thumb/v8-m.main+fp/hard/crtbegin.o
                0x0c004c8c                        PROVIDE (__init_array_end = .)
                0x0c004c90                        . = ALIGN (0x8)
 *fill*         0x0c004c8c        0x4 

.fini_array     0x0c004c90        0x8
                0x0c004c90                        . = ALIGN (0x8)
                0x0c004c90                        PROVIDE (__fini_array_start = .)
 *(SORT_BY_NAME(.fini_array.*))
 *(.fini_array*)
 .fini_array    0x0c004c90        0x4 /usr/lib/gcc/arm-none-eabi/12.2.1/thumb/v8-m.main+fp/hard/crtbegin.o
                0x0c004c94                        PROVIDE (__fini_array_end = .)
                0x0c004c98                        . = ALIGN (0x8)
 *fill*         0x0c004c94        0x4 
                0x0c004c98                        _sidata = LOADADDR (.data)

.rel.dyn        0x0c004c98        0x0
 .rel.iplt      0x0c004c98        0x0 /usr/lib/gcc/arm-none-eabi/12.2.1/thumb/v8-m.main+fp/hard/crtbegin.o

.data           0x30000000       0x28 load address 0x0c004c98
                0x30000000                        . = ALIGN (0x8)
                0x30000000                        _sdata = .
 *(.data)
 *(.data*)
 .data.uwTickFreq
                0x30000000        0x1 build/stm32l5xx_hal.o
                0x30000000                uwTickFreq
 *fill*         0x30000001        0x3 
 .data.uwTickPrio
                0x30000004        0x4 build/stm32l5xx_hal.o
                0x30000004                uwTickPrio
 .data.pFlash   0x30000008       0x1c build/stm32l5xx_hal_flash.o
                0x30000008                pFlash
 .data.SystemCoreClock
                0x30000024        0x4 build/system_stm32l5xx_s.o
                0x30000024                SystemCoreClock
                0x30000028                        . = ALIGN (0x8)
                0x30000028                        _edata = .

.tm_clone_table
                0x30000028        0x0 load address 0x0c004cc0
 .tm_clone_table
                0x30000028        0x0 /usr/lib/gcc/arm-none-eabi/12.2.1/thumb/v8-m.main+fp/hard/crtbegin.o
 .tm_clone_table
                0x30000028        0x0 /usr/lib/gcc/arm-none-eabi/12.2.1/thumb/v8-m.main+fp/hard/crtend.o

.igot.plt       0x30000028        0x0 load address 0x0c004cc0
 .igot.plt      0x30000028        0x0 /usr/lib/gcc/arm-none-eabi/12.2.1/thumb/v8-m.main+fp/hard/crtbegin.o

.gnu.sgstubs    0x0c03e000       0x40
                0x0c03e000                        . = ALIGN (0x8)
 *(.gnu.sgstubs*)
                0x0c03e000                        . = ALIGN (0x8)
 .gnu.sgstubs.__stub
                0x0c03e000       0x38 linker stubs
                0x0c03e000                SECURE_SystemCoreClockUpdate
                0x0c03e008                RedLED_OFF
                0x0c03e010                NSC_print
                0x0c03e018                SECURE_RegisterCallback
                0x0c03e020                RedLED_ON
                0x0c03e028                GreenLED_OFF
                0x0c03e030                GreenLED_ON
                0x0c03e038                        . = ALIGN (0x8)

.bss            0x30000028      0x158
                0x30000028                        _sbss = .
                0x30000028                        __bss_start__ = _sbss
 *(.bss)
 .bss           0x30000028       0x1c /usr/lib/gcc/arm-none-eabi/12.2.1/thumb/v8-m.main+fp/hard/crtbegin.o
 *(.bss*)
 .bss.huart1    0x30000044       0x94 build/main.o
                0x30000044                huart1
 .bss.hrng      0x300000d8       0x14 build/main.o
                0x300000d8                hrng
 .bss.hotfdec1  0x300000ec        0xc build/main.o
                0x300000ec                hotfdec1
 .bss.log_index.0
                0x300000f8        0x4 build/secboot_diag.o
 .bss.is_initialized.1
                0x300000fc        0x1 build/secboot_ecdsa.o
 *fill*         0x300000fd        0x3 
 .bss.hpka      0x30000100        0xc build/secboot_ecdsa.o
 .bss.hcrc      0x3000010c       0x24 build/secboot_crc.o
 .bss.hhash     0x30000130       0x44 build/secboot_sha256.o
 .bss.pSecureErrorCallback
                0x30000174        0x4 build/secure_nsc.o
                0x30000174                pSecureErrorCallback
 .bss.pSecureFaultCallback
                0x30000178        0x4 build/secure_nsc.o
                0x30000178                pSecureFaultCallback
 .bss.uwTick    0x3000017c        0x4 build/stm32l5xx_hal.o
                0x3000017c                uwTick
 *(COMMON)
                0x30000180                        . = ALIGN (0x8)
                0x30000180                        _ebss = .
                0x30000180                        __bss_end__ = _ebss

._user_heap_stack
                0x30000180      0x600
                0x30000180                        . = ALIGN (0x8)
                [!provide]                        PROVIDE (end = .)
                0x30000180                        PROVIDE (_end = .)
                0x30000380                        . = (. + _Min_Heap_Size)
 *fill*         0x30000180      0x200 
                0x30000780                        . = (. + _Min_Stack_Size)
 *fill*         0x30000380      0x400 
                0x30000780                        . = ALIGN (0x8)

/DISCARD/
 libc.a(*)
 libm.a(*)
 libgcc.a(*)

.ARM.attributes
                0x00000000       0x36
 *(.ARM.attributes)
 .ARM.attributes
                0x00000000       0x26 /usr/lib/gcc/arm-none-eabi/12.2.1/thumb/v8-m.main+fp/hard/crti.o
 .ARM.attributes
                0x00000026       0x38 /usr/lib/gcc/arm-none-eabi/12.2.1/thumb/v8-m.main+fp/hard/crtbegin.o
 .ARM.attributes
                0x0000005e       0x3a build/main.o
 .ARM.attributes
                0x00000098       0x3a build/secboot_bootmanager.o
 .ARM.attributes
                0x000000d2       0x3a build/secboot_diag.o
 .ARM.attributes
                0x0000010c       0x3a build/secboot_ecdsa.o
 .ARM.attributes
                0x00000146       0x3a build/secboot_crc.o
 .ARM.attributes
                0x00000180       0x3a build/prime256v1.o
 .ARM.attributes
                0x000001ba       0x3a build/secboot_sha256.o
 .ARM.attributes
                0x000001f4       0x3a build/stm32l5xx_it.o
 .ARM.attributes
                0x0000022e       0x3a build/stm32l5xx_hal_msp.o
 .ARM.attributes
                0x00000268       0x3a build/stm32l5xx_hal.o
 .ARM.attributes
                0x000002a2       0x3a build/stm32l5xx_hal_rcc.o
 .ARM.attributes
                0x000002dc       0x3a build/stm32l5xx_hal_rcc_ex.o
 .ARM.attributes
                0x00000316       0x3a build/stm32l5xx_hal_flash.o
 .ARM.attributes
                0x00000350       0x3a build/stm32l5xx_hal_gpio.o
 .ARM.attributes
                0x0000038a       0x3a build/stm32l5xx_hal_dma.o
 .ARM.attributes
                0x000003c4       0x3a build/stm32l5xx_hal_pwr_ex.o
 .ARM.attributes
                0x000003fe       0x3a build/stm32l5xx_hal_cortex.o
 .ARM.attributes
                0x00000438       0x3a build/stm32l5xx_hal_icache.o
 .ARM.attributes
                0x00000472       0x3a build/stm32l5xx_hal_gtzc.o
 .ARM.attributes
                0x000004ac       0x3a build/stm32l5xx_hal_hash.o
 .ARM.attributes
                0x000004e6       0x3a build/stm32l5xx_hal_hash_ex.o
 .ARM.attributes
                0x00000520       0x3a build/stm32l5xx_hal_otfdec.o
 .ARM.attributes
                0x0000055a       0x3a build/stm32l5xx_hal_pka.o
 .ARM.attributes
                0x00000594       0x3a build/stm32l5xx_hal_rng.o
 .ARM.attributes
                0x000005ce       0x3a build/stm32l5xx_hal_uart.o
 .ARM.attributes
                0x00000608       0x3a build/stm32l5xx_hal_uart_ex.o
 .ARM.attributes
                0x00000642       0x3a build/system_stm32l5xx_s.o
 .ARM.attributes
                0x0000067c       0x3a build/stm32l5xx_hal_crc.o
 .ARM.attributes
                0x000006b6       0x3a build/stm32l5xx_hal_crc_ex.o
 .ARM.attributes
                0x000006f0       0x24 build/startup_stm32l562xx.o
 .ARM.attributes
                0x00000714       0x38 /usr/lib/gcc/arm-none-eabi/12.2.1/../../../arm-none-eabi/lib/thumb/v8-m.main+fp/hard/libc_nano.a(lib_a-init.o)
 .ARM.attributes
                0x0000074c       0x38 /usr/lib/gcc/arm-none-eabi/12.2.1/../../../arm-none-eabi/lib/thumb/v8-m.main+fp/hard/libc_nano.a(lib_a-memcmp.o)
 .ARM.attributes
                0x00000784       0x38 /usr/lib/gcc/arm-none-eabi/12.2.1/../../../arm-none-eabi/lib/thumb/v8-m.main+fp/hard/libc_nano.a(lib_a-memset.o)
 .ARM.attributes
                0x000007bc       0x24 /usr/lib/gcc/arm-none-eabi/12.2.1/thumb/v8-m.main+fp/hard/libgcc.a(cmse_nonsecure_call.o)
 .ARM.attributes
                0x000007e0       0x26 /usr/lib/gcc/arm-none-eabi/12.2.1/thumb/v8-m.main+fp/hard/libgcc.a(_aeabi_uldivmod.o)
 .ARM.attributes
                0x00000806       0x38 /usr/lib/gcc/arm-none-eabi/12.2.1/thumb/v8-m.main+fp/hard/libgcc.a(_udivmoddi4.o)
 .ARM.attributes
                0x0000083e       0x26 /usr/lib/gcc/arm-none-eabi/12.2.1/thumb/v8-m.main+fp/hard/libgcc.a(_dvmd_tls.o)
 .ARM.attributes
                0x00000864       0x38 /usr/lib/gcc/arm-none-eabi/12.2.1/thumb/v8-m.main+fp/hard/crtend.o
 .ARM.attributes
                0x0000089c       0x26 /usr/lib/gcc/arm-none-eabi/12.2.1/thumb/v8-m.main+fp/hard/crtn.o
OUTPUT(build/SecBoot_S.elf elf32-littlearm)
LOAD linker stubs
LOAD /usr/lib/gcc/arm-none-eabi/12.2.1/../../../arm-none-eabi/lib/thumb/v8-m.main+fp/hard/libc.a
LOAD /usr/lib/gcc/arm-none-eabi/12.2.1/../../../arm-none-eabi/lib/thumb/v8-m.main+fp/hard/libm.a
LOAD /usr/lib/gcc/arm-none-eabi/12.2.1/thumb/v8-m.main+fp/hard/libgcc.a

.comment        0x00000000       0x26
 .comment       0x00000000       0x26 /usr/lib/gcc/arm-none-eabi/12.2.1/thumb/v8-m.main+fp/hard/crtbegin.o
                                 0x27 (size before relaxing)
 .comment       0x00000026       0x27 build/main.o
 .comment       0x00000026       0x27 build/secboot_bootmanager.o
 .comment       0x00000026       0x27 build/secboot_diag.o
 .comment       0x00000026       0x27 build/secboot_ecdsa.o
 .comment       0x00000026       0x27 build/secboot_crc.o
 .comment       0x00000026       0x27 build/prime256v1.o
 .comment       0x00000026       0x27 build/secboot_sha256.o
 .comment       0x00000026       0x27 build/stm32l5xx_it.o
 .comment       0x00000026       0x27 build/stm32l5xx_hal_msp.o
 .comment       0x00000026       0x27 build/stm32l5xx_hal.o
 .comment       0x00000026       0x27 build/stm32l5xx_hal_rcc.o
 .comment       0x00000026       0x27 build/stm32l5xx_hal_rcc_ex.o
 .comment       0x00000026       0x27 build/stm32l5xx_hal_flash.o
 .comment       0x00000026       0x27 build/stm32l5xx_hal_gpio.o
 .comment       0x00000026       0x27 build/stm32l5xx_hal_dma.o
 .comment       0x00000026       0x27 build/stm32l5xx_hal_pwr_ex.o
 .comment       0x00000026       0x27 build/stm32l5xx_hal_cortex.o
 .comment       0x00000026       0x27 build/stm32l5xx_hal_icache.o
 .comment       0x00000026       0x27 build/stm32l5xx_hal_gtzc.o
 .comment       0x00000026       0x27 build/stm32l5xx_hal_hash.o
 .comment       0x00000026       0x27 build/stm32l5xx_hal_hash_ex.o
 .comment       0x00000026       0x27 build/stm32l5xx_hal_otfdec.o
 .comment       0x00000026       0x27 build/stm32l5xx_hal_pka.o
 .comment       0x00000026       0x27 build/stm32l5xx_hal_rng.o
 .comment       0x00000026       0x27 build/stm32l5xx_hal_uart.o
 .comment       0x00000026       0x27 build/stm32l5xx_hal_uart_ex.o
 .comment       0x00000026       0x27 build/system_stm32l5xx_s.o
 .comment       0x00000026       0x27 build/stm32l5xx_hal_crc.o
 .comment       0x00000026       0x27 build/stm32l5xx_hal_crc_ex.o
 .comment       0x00000026       0x27 /usr/lib/gcc/arm-none-eabi/12.2.1/../../../arm-none-eabi/lib/thumb/v8-m.main+fp/hard/libc_nano.a(lib_a-init.o)
 .comment       0x00000026       0x27 /usr/lib/gcc/arm-none-eabi/12.2.1/../../../arm-none-eabi/lib/thumb/v8-m.main+fp/hard/libc_nano.a(lib_a-memcmp.o)
 .comment       0x00000026       0x27 /usr/lib/gcc/arm-none-eabi/12.2.1/../../../arm-none-eabi/lib/thumb/v8-m.main+fp/hard/libc_nano.a(lib_a-memset.o)
 .comment       0x00000026       0x27 /usr/lib/gcc/arm-none-eabi/12.2.1/thumb/v8-m.main+fp/hard/libgcc.a(_udivmoddi4.o)
 .comment       0x00000026       0x27 /usr/lib/gcc/arm-none-eabi/12.2.1/thumb/v8-m.main+fp/hard/crtend.o

.debug_info     0x00000000    0x243a4
 .debug_info    0x00000000     0x1a85 build/main.o
 .debug_info    0x00001a85      0xcc0 build/secboot_bootmanager.o
 .debug_info    0x00002745      0x919 build/secboot_diag.o
 .debug_info    0x0000305e      0xb15 build/secboot_ecdsa.o
 .debug_info    0x00003b73      0x512 build/secboot_crc.o
 .debug_info    0x00004085      0x35d build/prime256v1.o
 .debug_info    0x000043e2      0x881 build/secboot_sha256.o
 .debug_info    0x00004c63      0x9c4 build/stm32l5xx_it.o
 .debug_info    0x00005627     0x254d build/stm32l5xx_hal_msp.o
 .debug_info    0x00007b74      0xbe6 build/secure_nsc.o
 .debug_info    0x0000875a     0x1006 build/stm32l5xx_hal.o
 .debug_info    0x00009760     0x152c build/stm32l5xx_hal_rcc.o
 .debug_info    0x0000ac8c     0x18e3 build/stm32l5xx_hal_rcc_ex.o
 .debug_info    0x0000c56f      0x97d build/stm32l5xx_hal_flash.o
 .debug_info    0x0000ceec      0x7cd build/stm32l5xx_hal_gpio.o
 .debug_info    0x0000d6b9      0xc21 build/stm32l5xx_hal_dma.o
 .debug_info    0x0000e2da     0x1083 build/stm32l5xx_hal_pwr_ex.o
 .debug_info    0x0000f35d     0x1798 build/stm32l5xx_hal_cortex.o
 .debug_info    0x00010af5      0x61a build/stm32l5xx_hal_icache.o
 .debug_info    0x0001110f      0xeb7 build/stm32l5xx_hal_gtzc.o
 .debug_info    0x00011fc6     0x2a4c build/stm32l5xx_hal_hash.o
 .debug_info    0x00014a12     0x1bb5 build/stm32l5xx_hal_hash_ex.o
 .debug_info    0x000165c7      0xcb6 build/stm32l5xx_hal_otfdec.o
 .debug_info    0x0001727d     0x2e52 build/stm32l5xx_hal_pka.o
 .debug_info    0x0001a0cf      0x676 build/stm32l5xx_hal_rng.o
 .debug_info    0x0001a745     0x679e build/stm32l5xx_hal_uart.o
 .debug_info    0x00020ee3     0x142d build/stm32l5xx_hal_uart_ex.o
 .debug_info    0x00022310      0xb94 build/system_stm32l5xx_s.o
 .debug_info    0x00022ea4      0x66b build/stm32l5xx_hal_crc.o
 .debug_info    0x0002350f      0x38a build/stm32l5xx_hal_crc_ex.o
 .debug_info    0x00023899       0x30 build/startup_stm32l562xx.o
 .debug_info    0x000238c9      0x10b /usr/lib/gcc/arm-none-eabi/12.2.1/../../../arm-none-eabi/lib/thumb/v8-m.main+fp/hard/libc_nano.a(lib_a-init.o)
 .debug_info    0x000239d4      0x12b /usr/lib/gcc/arm-none-eabi/12.2.1/../../../arm-none-eabi/lib/thumb/v8-m.main+fp/hard/libc_nano.a(lib_a-memcmp.o)
 .debug_info    0x00023aff      0x135 /usr/lib/gcc/arm-none-eabi/12.2.1/../../../arm-none-eabi/lib/thumb/v8-m.main+fp/hard/libc_nano.a(lib_a-memset.o)
 .debug_info    0x00023c34       0x24 /usr/lib/gcc/arm-none-eabi/12.2.1/thumb/v8-m.main+fp/hard/libgcc.a(cmse_nonsecure_call.o)
 .debug_info    0x00023c58       0x24 /usr/lib/gcc/arm-none-eabi/12.2.1/thumb/v8-m.main+fp/hard/libgcc.a(_aeabi_uldivmod.o)
 .debug_info    0x00023c7c      0x6ef /usr/lib/gcc/arm-none-eabi/12.2.1/thumb/v8-m.main+fp/hard/libgcc.a(_udivmoddi4.o)
 .debug_info    0x0002436b       0x39 /usr/lib/gcc/arm-none-eabi/12.2.1/thumb/v8-m.main+fp/hard/libgcc.a(_dvmd_tls.o)

.debug_abbrev   0x00000000     0x4ae1
 .debug_abbrev  0x00000000      0x2da build/main.o
 .debug_abbrev  0x000002da      0x2b1 build/secboot_bootmanager.o
 .debug_abbrev  0x0000058b      0x23b build/secboot_diag.o
 .debug_abbrev  0x000007c6      0x1da build/secboot_ecdsa.o
 .debug_abbrev  0x000009a0      0x162 build/secboot_crc.o
 .debug_abbrev  0x00000b02       0xcc build/prime256v1.o
 .debug_abbrev  0x00000bce      0x1a9 build/secboot_sha256.o
 .debug_abbrev  0x00000d77      0x172 build/stm32l5xx_it.o
 .debug_abbrev  0x00000ee9      0x2d6 build/stm32l5xx_hal_msp.o
 .debug_abbrev  0x000011bf      0x1cf build/secure_nsc.o
 .debug_abbrev  0x0000138e      0x2f5 build/stm32l5xx_hal.o
 .debug_abbrev  0x00001683      0x301 build/stm32l5xx_hal_rcc.o
 .debug_abbrev  0x00001984      0x2ed build/stm32l5xx_hal_rcc_ex.o
 .debug_abbrev  0x00001c71      0x370 build/stm32l5xx_hal_flash.o
 .debug_abbrev  0x00001fe1      0x221 build/stm32l5xx_hal_gpio.o
 .debug_abbrev  0x00002202      0x275 build/stm32l5xx_hal_dma.o
 .debug_abbrev  0x00002477      0x2c7 build/stm32l5xx_hal_pwr_ex.o
 .debug_abbrev  0x0000273e      0x3da build/stm32l5xx_hal_cortex.o
 .debug_abbrev  0x00002b18      0x234 build/stm32l5xx_hal_icache.o
 .debug_abbrev  0x00002d4c      0x218 build/stm32l5xx_hal_gtzc.o
 .debug_abbrev  0x00002f64      0x2f2 build/stm32l5xx_hal_hash.o
 .debug_abbrev  0x00003256      0x1c8 build/stm32l5xx_hal_hash_ex.o
 .debug_abbrev  0x0000341e      0x25a build/stm32l5xx_hal_otfdec.o
 .debug_abbrev  0x00003678      0x29f build/stm32l5xx_hal_pka.o
 .debug_abbrev  0x00003917      0x21d build/stm32l5xx_hal_rng.o
 .debug_abbrev  0x00003b34      0x36b build/stm32l5xx_hal_uart.o
 .debug_abbrev  0x00003e9f      0x351 build/stm32l5xx_hal_uart_ex.o
 .debug_abbrev  0x000041f0      0x176 build/system_stm32l5xx_s.o
 .debug_abbrev  0x00004366      0x23b build/stm32l5xx_hal_crc.o
 .debug_abbrev  0x000045a1      0x162 build/stm32l5xx_hal_crc_ex.o
 .debug_abbrev  0x00004703       0x1d build/startup_stm32l562xx.o
 .debug_abbrev  0x00004720       0xc9 /usr/lib/gcc/arm-none-eabi/12.2.1/../../../arm-none-eabi/lib/thumb/v8-m.main+fp/hard/libc_nano.a(lib_a-init.o)
 .debug_abbrev  0x000047e9       0x90 /usr/lib/gcc/arm-none-eabi/12.2.1/../../../arm-none-eabi/lib/thumb/v8-m.main+fp/hard/libc_nano.a(lib_a-memcmp.o)
 .debug_abbrev  0x00004879       0xb7 /usr/lib/gcc/arm-none-eabi/12.2.1/../../../arm-none-eabi/lib/thumb/v8-m.main+fp/hard/libc_nano.a(lib_a-memset.o)
 .debug_abbrev  0x00004930       0x14 /usr/lib/gcc/arm-none-eabi/12.2.1/thumb/v8-m.main+fp/hard/libgcc.a(cmse_nonsecure_call.o)
 .debug_abbrev  0x00004944       0x14 /usr/lib/gcc/arm-none-eabi/12.2.1/thumb/v8-m.main+fp/hard/libgcc.a(_aeabi_uldivmod.o)
 .debug_abbrev  0x00004958      0x16a /usr/lib/gcc/arm-none-eabi/12.2.1/thumb/v8-m.main+fp/hard/libgcc.a(_udivmoddi4.o)
 .debug_abbrev  0x00004ac2       0x1f /usr/lib/gcc/arm-none-eabi/12.2.1/thumb/v8-m.main+fp/hard/libgcc.a(_dvmd_tls.o)

.debug_loc      0x00000000    0x1946b
 .debug_loc     0x00000000      0x11f build/main.o
 .debug_loc     0x0000011f      0x378 build/secboot_bootmanager.o
 .debug_loc     0x00000497      0x386 build/secboot_diag.o
 .debug_loc     0x0000081d      0x2b4 build/secboot_ecdsa.o
 .debug_loc     0x00000ad1      0x308 build/secboot_crc.o
 .debug_loc     0x00000dd9      0x187 build/secboot_sha256.o
 .debug_loc     0x00000f60       0x40 build/stm32l5xx_it.o
 .debug_loc     0x00000fa0      0x280 build/stm32l5xx_hal_msp.o
 .debug_loc     0x00001220      0x17b build/secure_nsc.o
 .debug_loc     0x0000139b      0x423 build/stm32l5xx_hal.o
 .debug_loc     0x000017be      0xd58 build/stm32l5xx_hal_rcc.o
 .debug_loc     0x00002516     0x271a build/stm32l5xx_hal_rcc_ex.o
 .debug_loc     0x00004c30      0x578 build/stm32l5xx_hal_flash.o
 .debug_loc     0x000051a8      0x4d5 build/stm32l5xx_hal_gpio.o
 .debug_loc     0x0000567d      0xca0 build/stm32l5xx_hal_dma.o
 .debug_loc     0x0000631d      0x9fe build/stm32l5xx_hal_pwr_ex.o
 .debug_loc     0x00006d1b      0x9dc build/stm32l5xx_hal_cortex.o
 .debug_loc     0x000076f7      0x4e0 build/stm32l5xx_hal_icache.o
 .debug_loc     0x00007bd7     0x173f build/stm32l5xx_hal_gtzc.o
 .debug_loc     0x00009316     0x33bd build/stm32l5xx_hal_hash.o
 .debug_loc     0x0000c6d3     0x17a2 build/stm32l5xx_hal_hash_ex.o
 .debug_loc     0x0000de75      0xfd1 build/stm32l5xx_hal_otfdec.o
 .debug_loc     0x0000ee46     0x25fe build/stm32l5xx_hal_pka.o
 .debug_loc     0x00011444      0x59b build/stm32l5xx_hal_rng.o
 .debug_loc     0x000119df     0x620d build/stm32l5xx_hal_uart.o
 .debug_loc     0x00017bec      0xe2e build/stm32l5xx_hal_uart_ex.o
 .debug_loc     0x00018a1a      0x173 build/system_stm32l5xx_s.o
 .debug_loc     0x00018b8d      0x699 build/stm32l5xx_hal_crc.o
 .debug_loc     0x00019226      0x245 build/stm32l5xx_hal_crc_ex.o

.debug_aranges  0x00000000     0x1730
 .debug_aranges
                0x00000000       0x58 build/main.o
 .debug_aranges
                0x00000058       0x38 build/secboot_bootmanager.o
 .debug_aranges
                0x00000090       0x48 build/secboot_diag.o
 .debug_aranges
                0x000000d8       0x30 build/secboot_ecdsa.o
 .debug_aranges
                0x00000108       0x38 build/secboot_crc.o
 .debug_aranges
                0x00000140       0x20 build/prime256v1.o
 .debug_aranges
                0x00000160       0x28 build/secboot_sha256.o
 .debug_aranges
                0x00000188       0x70 build/stm32l5xx_it.o
 .debug_aranges
                0x000001f8       0x90 build/stm32l5xx_hal_msp.o
 .debug_aranges
                0x00000288       0x48 build/secure_nsc.o
 .debug_aranges
                0x000002d0      0x140 build/stm32l5xx_hal.o
 .debug_aranges
                0x00000410       0xa8 build/stm32l5xx_hal_rcc.o
 .debug_aranges
                0x000004b8      0x118 build/stm32l5xx_hal_rcc_ex.o
 .debug_aranges
                0x000005d0       0x80 build/stm32l5xx_hal_flash.o
 .debug_aranges
                0x00000650       0x70 build/stm32l5xx_hal_gpio.o
 .debug_aranges
                0x000006c0       0xa0 build/stm32l5xx_hal_dma.o
 .debug_aranges
                0x00000760      0x1b8 build/stm32l5xx_hal_pwr_ex.o
 .debug_aranges
                0x00000918      0x138 build/stm32l5xx_hal_cortex.o
 .debug_aranges
                0x00000a50       0xa8 build/stm32l5xx_hal_icache.o
 .debug_aranges
                0x00000af8       0xb8 build/stm32l5xx_hal_gtzc.o
 .debug_aranges
                0x00000bb0      0x1c8 build/stm32l5xx_hal_hash.o
 .debug_aranges
                0x00000d78      0x128 build/stm32l5xx_hal_hash_ex.o
 .debug_aranges
                0x00000ea0       0xc0 build/stm32l5xx_hal_otfdec.o
 .debug_aranges
                0x00000f60      0x290 build/stm32l5xx_hal_pka.o
 .debug_aranges
                0x000011f0       0x80 build/stm32l5xx_hal_rng.o
 .debug_aranges
                0x00001270      0x248 build/stm32l5xx_hal_uart.o
 .debug_aranges
                0x000014b8       0xa8 build/stm32l5xx_hal_uart_ex.o
 .debug_aranges
                0x00001560       0x38 build/system_stm32l5xx_s.o
 .debug_aranges
                0x00001598       0x60 build/stm32l5xx_hal_crc.o
 .debug_aranges
                0x000015f8       0x30 build/stm32l5xx_hal_crc_ex.o
 .debug_aranges
                0x00001628       0x28 build/startup_stm32l562xx.o
 .debug_aranges
                0x00001650       0x20 /usr/lib/gcc/arm-none-eabi/12.2.1/../../../arm-none-eabi/lib/thumb/v8-m.main+fp/hard/libc_nano.a(lib_a-init.o)
 .debug_aranges
                0x00001670       0x20 /usr/lib/gcc/arm-none-eabi/12.2.1/../../../arm-none-eabi/lib/thumb/v8-m.main+fp/hard/libc_nano.a(lib_a-memcmp.o)
 .debug_aranges
                0x00001690       0x20 /usr/lib/gcc/arm-none-eabi/12.2.1/../../../arm-none-eabi/lib/thumb/v8-m.main+fp/hard/libc_nano.a(lib_a-memset.o)
 .debug_aranges
                0x000016b0       0x20 /usr/lib/gcc/arm-none-eabi/12.2.1/thumb/v8-m.main+fp/hard/libgcc.a(cmse_nonsecure_call.o)
 .debug_aranges
                0x000016d0       0x20 /usr/lib/gcc/arm-none-eabi/12.2.1/thumb/v8-m.main+fp/hard/libgcc.a(_aeabi_uldivmod.o)
 .debug_aranges
                0x000016f0       0x20 /usr/lib/gcc/arm-none-eabi/12.2.1/thumb/v8-m.main+fp/hard/libgcc.a(_udivmoddi4.o)
 .debug_aranges
                0x00001710       0x20 /usr/lib/gcc/arm-none-eabi/12.2.1/thumb/v8-m.main+fp/hard/libgcc.a(_dvmd_tls.o)

.debug_ranges   0x00000000     0x1520
 .debug_ranges  0x00000000       0x48 build/main.o
 .debug_ranges  0x00000048       0x28 build/secboot_bootmanager.o
 .debug_ranges  0x00000070       0x50 build/secboot_diag.o
 .debug_ranges  0x000000c0       0x20 build/secboot_ecdsa.o
 .debug_ranges  0x000000e0       0x28 build/secboot_crc.o
 .debug_ranges  0x00000108       0x10 build/prime256v1.o
 .debug_ranges  0x00000118       0x18 build/secboot_sha256.o
 .debug_ranges  0x00000130       0x60 build/stm32l5xx_it.o
 .debug_ranges  0x00000190       0x80 build/stm32l5xx_hal_msp.o
 .debug_ranges  0x00000210       0x38 build/secure_nsc.o
 .debug_ranges  0x00000248      0x130 build/stm32l5xx_hal.o
 .debug_ranges  0x00000378       0xb0 build/stm32l5xx_hal_rcc.o
 .debug_ranges  0x00000428      0x120 build/stm32l5xx_hal_rcc_ex.o
 .debug_ranges  0x00000548       0x70 build/stm32l5xx_hal_flash.o
 .debug_ranges  0x000005b8       0x60 build/stm32l5xx_hal_gpio.o
 .debug_ranges  0x00000618       0x90 build/stm32l5xx_hal_dma.o
 .debug_ranges  0x000006a8      0x1a8 build/stm32l5xx_hal_pwr_ex.o
 .debug_ranges  0x00000850      0x128 build/stm32l5xx_hal_cortex.o
 .debug_ranges  0x00000978       0x98 build/stm32l5xx_hal_icache.o
 .debug_ranges  0x00000a10       0xa8 build/stm32l5xx_hal_gtzc.o
 .debug_ranges  0x00000ab8      0x1b8 build/stm32l5xx_hal_hash.o
 .debug_ranges  0x00000c70      0x118 build/stm32l5xx_hal_hash_ex.o
 .debug_ranges  0x00000d88       0xb0 build/stm32l5xx_hal_otfdec.o
 .debug_ranges  0x00000e38      0x2d8 build/stm32l5xx_hal_pka.o
 .debug_ranges  0x00001110       0x70 build/stm32l5xx_hal_rng.o
 .debug_ranges  0x00001180      0x238 build/stm32l5xx_hal_uart.o
 .debug_ranges  0x000013b8       0xb0 build/stm32l5xx_hal_uart_ex.o
 .debug_ranges  0x00001468       0x28 build/system_stm32l5xx_s.o
 .debug_ranges  0x00001490       0x50 build/stm32l5xx_hal_crc.o
 .debug_ranges  0x000014e0       0x20 build/stm32l5xx_hal_crc_ex.o
 .debug_ranges  0x00001500       0x20 build/startup_stm32l562xx.o

.debug_line     0x00000000    0x17284
 .debug_line    0x00000000      0x589 build/main.o
 .debug_line    0x00000589      0x3a5 build/secboot_bootmanager.o
 .debug_line    0x0000092e      0x3fe build/secboot_diag.o
 .debug_line    0x00000d2c      0x2eb build/secboot_ecdsa.o
 .debug_line    0x00001017      0x25d build/secboot_crc.o
 .debug_line    0x00001274       0xb8 build/prime256v1.o
 .debug_line    0x0000132c      0x20a build/secboot_sha256.o
 .debug_line    0x00001536      0x287 build/stm32l5xx_it.o
 .debug_line    0x000017bd      0x56e build/stm32l5xx_hal_msp.o
 .debug_line    0x00001d2b      0x223 build/secure_nsc.o
 .debug_line    0x00001f4e      0x708 build/stm32l5xx_hal.o
 .debug_line    0x00002656     0x12b9 build/stm32l5xx_hal_rcc.o
 .debug_line    0x0000390f     0x1de3 build/stm32l5xx_hal_rcc_ex.o
 .debug_line    0x000056f2      0x765 build/stm32l5xx_hal_flash.o
 .debug_line    0x00005e57      0x6ce build/stm32l5xx_hal_gpio.o
 .debug_line    0x00006525      0xe0d build/stm32l5xx_hal_dma.o
 .debug_line    0x00007332      0xc2f build/stm32l5xx_hal_pwr_ex.o
 .debug_line    0x00007f61      0x9f8 build/stm32l5xx_hal_cortex.o
 .debug_line    0x00008959      0x4e6 build/stm32l5xx_hal_icache.o
 .debug_line    0x00008e3f      0xefe build/stm32l5xx_hal_gtzc.o
 .debug_line    0x00009d3d     0x2227 build/stm32l5xx_hal_hash.o
 .debug_line    0x0000bf64      0x5ec build/stm32l5xx_hal_hash_ex.o
 .debug_line    0x0000c550      0xb37 build/stm32l5xx_hal_otfdec.o
 .debug_line    0x0000d087     0x15b9 build/stm32l5xx_hal_pka.o
 .debug_line    0x0000e640      0x6b1 build/stm32l5xx_hal_rng.o
 .debug_line    0x0000ecf1     0x63a8 build/stm32l5xx_hal_uart.o
 .debug_line    0x00015099      0xc1d build/stm32l5xx_hal_uart_ex.o
 .debug_line    0x00015cb6      0x2f0 build/system_stm32l5xx_s.o
 .debug_line    0x00015fa6      0x54b build/stm32l5xx_hal_crc.o
 .debug_line    0x000164f1      0x233 build/stm32l5xx_hal_crc_ex.o
 .debug_line    0x00016724       0x75 build/startup_stm32l562xx.o
 .debug_line    0x00016799      0x137 /usr/lib/gcc/arm-none-eabi/12.2.1/../../../arm-none-eabi/lib/thumb/v8-m.main+fp/hard/libc_nano.a(lib_a-init.o)
 .debug_line    0x000168d0      0x160 /usr/lib/gcc/arm-none-eabi/12.2.1/../../../arm-none-eabi/lib/thumb/v8-m.main+fp/hard/libc_nano.a(lib_a-memcmp.o)
 .debug_line    0x00016a30      0x1b5 /usr/lib/gcc/arm-none-eabi/12.2.1/../../../arm-none-eabi/lib/thumb/v8-m.main+fp/hard/libc_nano.a(lib_a-memset.o)
 .debug_line    0x00016be5       0x6a /usr/lib/gcc/arm-none-eabi/12.2.1/thumb/v8-m.main+fp/hard/libgcc.a(cmse_nonsecure_call.o)
 .debug_line    0x00016c4f       0x4e /usr/lib/gcc/arm-none-eabi/12.2.1/thumb/v8-m.main+fp/hard/libgcc.a(_aeabi_uldivmod.o)
 .debug_line    0x00016c9d      0x59d /usr/lib/gcc/arm-none-eabi/12.2.1/thumb/v8-m.main+fp/hard/libgcc.a(_udivmoddi4.o)
 .debug_line    0x0001723a       0x4a /usr/lib/gcc/arm-none-eabi/12.2.1/thumb/v8-m.main+fp/hard/libgcc.a(_dvmd_tls.o)

.debug_str      0x00000000     0x863d
 .debug_str     0x00000000     0x1367 build/main.o
                               0x145c (size before relaxing)
 .debug_str     0x00001367      0x3d4 build/secboot_bootmanager.o
                                0xad0 (size before relaxing)
 .debug_str     0x0000173b      0x2f6 build/secboot_diag.o
                                0xa42 (size before relaxing)
 .debug_str     0x00001a31      0x286 build/secboot_ecdsa.o
                                0x7f5 (size before relaxing)
 .debug_str     0x00001cb7      0x1fc build/secboot_crc.o
                                0x4b7 (size before relaxing)
 .debug_str     0x00001eb3      0x193 build/prime256v1.o
                                0x3a2 (size before relaxing)
 .debug_str     0x00002046      0x305 build/secboot_sha256.o
                                0x8bf (size before relaxing)
 .debug_str     0x0000234b       0xfb build/stm32l5xx_it.o
                                0x7fe (size before relaxing)
 .debug_str     0x00002446      0xdb1 build/stm32l5xx_hal_msp.o
                               0x1d68 (size before relaxing)
 .debug_str     0x000031f7       0xfc build/secure_nsc.o
                                0x8b6 (size before relaxing)
 .debug_str     0x000032f3      0x4d4 build/stm32l5xx_hal.o
                                0xf07 (size before relaxing)
 .debug_str     0x000037c7      0x404 build/stm32l5xx_hal_rcc.o
                                0xa19 (size before relaxing)
 .debug_str     0x00003bcb      0x50f build/stm32l5xx_hal_rcc_ex.o
                                0xd67 (size before relaxing)
 .debug_str     0x000040da      0x1f1 build/stm32l5xx_hal_flash.o
                                0x596 (size before relaxing)
 .debug_str     0x000042cb      0x1cd build/stm32l5xx_hal_gpio.o
                                0x499 (size before relaxing)
 .debug_str     0x00004498      0x345 build/stm32l5xx_hal_dma.o
                                0x84e (size before relaxing)
 .debug_str     0x000047dd      0x667 build/stm32l5xx_hal_pwr_ex.o
                                0xaff (size before relaxing)
 .debug_str     0x00004e44      0x54d build/stm32l5xx_hal_cortex.o
                                0xf24 (size before relaxing)
 .debug_str     0x00005391      0x279 build/stm32l5xx_hal_icache.o
                                0x4c4 (size before relaxing)
 .debug_str     0x0000560a      0x46a build/stm32l5xx_hal_gtzc.o
                                0x779 (size before relaxing)
 .debug_str     0x00005a74      0x59b build/stm32l5xx_hal_hash.o
                                0xd8f (size before relaxing)
 .debug_str     0x0000600f      0x3b1 build/stm32l5xx_hal_hash_ex.o
                                0xbd0 (size before relaxing)
 .debug_str     0x000063c0      0x32b build/stm32l5xx_hal_otfdec.o
                                0x653 (size before relaxing)
 .debug_str     0x000066eb      0x88f build/stm32l5xx_hal_pka.o
                                0xc64 (size before relaxing)
 .debug_str     0x00006f7a      0x13f build/stm32l5xx_hal_rng.o
                                0x46c (size before relaxing)
 .debug_str     0x000070b9      0x845 build/stm32l5xx_hal_uart.o
                               0x129b (size before relaxing)
 .debug_str     0x000078fe      0x24c build/stm32l5xx_hal_uart_ex.o
                                0xb6a (size before relaxing)
 .debug_str     0x00007b4a       0x8f build/system_stm32l5xx_s.o
                                0x570 (size before relaxing)
 .debug_str     0x00007bd9       0xa9 build/stm32l5xx_hal_crc.o
                                0x459 (size before relaxing)
 .debug_str     0x00007c82       0xa7 build/stm32l5xx_hal_crc_ex.o
                                0x40a (size before relaxing)
 .debug_str     0x00007d29       0x30 build/startup_stm32l562xx.o
                                 0x61 (size before relaxing)
 .debug_str     0x00007d59      0x161 /usr/lib/gcc/arm-none-eabi/12.2.1/../../../arm-none-eabi/lib/thumb/v8-m.main+fp/hard/libc_nano.a(lib_a-init.o)
                                0x203 (size before relaxing)
 .debug_str     0x00007eba       0x94 /usr/lib/gcc/arm-none-eabi/12.2.1/../../../arm-none-eabi/lib/thumb/v8-m.main+fp/hard/libc_nano.a(lib_a-memcmp.o)
                                0x1a4 (size before relaxing)
 .debug_str     0x00007f4e       0x48 /usr/lib/gcc/arm-none-eabi/12.2.1/../../../arm-none-eabi/lib/thumb/v8-m.main+fp/hard/libc_nano.a(lib_a-memset.o)
                                0x1b8 (size before relaxing)
 .debug_str     0x00007f96       0xb5 /usr/lib/gcc/arm-none-eabi/12.2.1/thumb/v8-m.main+fp/hard/libgcc.a(cmse_nonsecure_call.o)
 .debug_str     0x0000804b       0x2c /usr/lib/gcc/arm-none-eabi/12.2.1/thumb/v8-m.main+fp/hard/libgcc.a(_aeabi_uldivmod.o)
                                 0xa7 (size before relaxing)
 .debug_str     0x00008077      0x57a /usr/lib/gcc/arm-none-eabi/12.2.1/thumb/v8-m.main+fp/hard/libgcc.a(_udivmoddi4.o)
                                0x67e (size before relaxing)
 .debug_str     0x000085f1       0x4c /usr/lib/gcc/arm-none-eabi/12.2.1/thumb/v8-m.main+fp/hard/libgcc.a(_dvmd_tls.o)
                                 0xc7 (size before relaxing)

.debug_frame    0x00000000     0x3ae0
 .debug_frame   0x00000000       0xdc build/main.o
 .debug_frame   0x000000dc       0x8c build/secboot_bootmanager.o
 .debug_frame   0x00000168       0xb8 build/secboot_diag.o
 .debug_frame   0x00000220       0x70 build/secboot_ecdsa.o
 .debug_frame   0x00000290       0x90 build/secboot_crc.o
 .debug_frame   0x00000320       0x20 build/prime256v1.o
 .debug_frame   0x00000340       0x5c build/secboot_sha256.o
 .debug_frame   0x0000039c       0xd0 build/stm32l5xx_it.o
 .debug_frame   0x0000046c      0x164 build/stm32l5xx_hal_msp.o
 .debug_frame   0x000005d0       0xb0 build/secure_nsc.o
 .debug_frame   0x00000680      0x29c build/stm32l5xx_hal.o
 .debug_frame   0x0000091c      0x1e4 build/stm32l5xx_hal_rcc.o
 .debug_frame   0x00000b00      0x2e4 build/stm32l5xx_hal_rcc_ex.o
 .debug_frame   0x00000de4      0x128 build/stm32l5xx_hal_flash.o
 .debug_frame   0x00000f0c       0xfc build/stm32l5xx_hal_gpio.o
 .debug_frame   0x00001008      0x1a4 build/stm32l5xx_hal_dma.o
 .debug_frame   0x000011ac      0x380 build/stm32l5xx_hal_pwr_ex.o
 .debug_frame   0x0000152c      0x2b4 build/stm32l5xx_hal_cortex.o
 .debug_frame   0x000017e0      0x168 build/stm32l5xx_hal_icache.o
 .debug_frame   0x00001948      0x208 build/stm32l5xx_hal_gtzc.o
 .debug_frame   0x00001b50      0x5cc build/stm32l5xx_hal_hash.o
 .debug_frame   0x0000211c      0x3a0 build/stm32l5xx_hal_hash_ex.o
 .debug_frame   0x000024bc      0x1d0 build/stm32l5xx_hal_otfdec.o
 .debug_frame   0x0000268c      0x840 build/stm32l5xx_hal_pka.o
 .debug_frame   0x00002ecc      0x130 build/stm32l5xx_hal_rng.o
 .debug_frame   0x00002ffc      0x67c build/stm32l5xx_hal_uart.o
 .debug_frame   0x00003678      0x1d8 build/stm32l5xx_hal_uart_ex.o
 .debug_frame   0x00003850       0x64 build/system_stm32l5xx_s.o
 .debug_frame   0x000038b4       0xec build/stm32l5xx_hal_crc.o
 .debug_frame   0x000039a0       0x58 build/stm32l5xx_hal_crc_ex.o
 .debug_frame   0x000039f8       0x2c /usr/lib/gcc/arm-none-eabi/12.2.1/../../../arm-none-eabi/lib/thumb/v8-m.main+fp/hard/libc_nano.a(lib_a-init.o)
 .debug_frame   0x00003a24       0x2c /usr/lib/gcc/arm-none-eabi/12.2.1/../../../arm-none-eabi/lib/thumb/v8-m.main+fp/hard/libc_nano.a(lib_a-memcmp.o)
 .debug_frame   0x00003a50       0x2c /usr/lib/gcc/arm-none-eabi/12.2.1/../../../arm-none-eabi/lib/thumb/v8-m.main+fp/hard/libc_nano.a(lib_a-memset.o)
 .debug_frame   0x00003a7c       0x2c /usr/lib/gcc/arm-none-eabi/12.2.1/thumb/v8-m.main+fp/hard/libgcc.a(_aeabi_uldivmod.o)
 .debug_frame   0x00003aa8       0x38 /usr/lib/gcc/arm-none-eabi/12.2.1/thumb/v8-m.main+fp/hard/libgcc.a(_udivmoddi4.o)

.debug_loclists
                0x00000000      0xcda
 .debug_loclists
                0x00000000       0x65 /usr/lib/gcc/arm-none-eabi/12.2.1/../../../arm-none-eabi/lib/thumb/v8-m.main+fp/hard/libc_nano.a(lib_a-init.o)
 .debug_loclists
                0x00000065      0x163 /usr/lib/gcc/arm-none-eabi/12.2.1/../../../arm-none-eabi/lib/thumb/v8-m.main+fp/hard/libc_nano.a(lib_a-memcmp.o)
 .debug_loclists
                0x000001c8      0x1ba /usr/lib/gcc/arm-none-eabi/12.2.1/../../../arm-none-eabi/lib/thumb/v8-m.main+fp/hard/libc_nano.a(lib_a-memset.o)
 .debug_loclists
                0x00000382      0x958 /usr/lib/gcc/arm-none-eabi/12.2.1/thumb/v8-m.main+fp/hard/libgcc.a(_udivmoddi4.o)

.debug_line_str
                0x00000000       0xbd
 .debug_line_str
                0x00000000       0xa9 /usr/lib/gcc/arm-none-eabi/12.2.1/thumb/v8-m.main+fp/hard/libgcc.a(cmse_nonsecure_call.o)
 .debug_line_str
                0x000000a9        0x8 /usr/lib/gcc/arm-none-eabi/12.2.1/thumb/v8-m.main+fp/hard/libgcc.a(_aeabi_uldivmod.o)
                                 0x9b (size before relaxing)
 .debug_line_str
                0x000000b1        0xc /usr/lib/gcc/arm-none-eabi/12.2.1/thumb/v8-m.main+fp/hard/libgcc.a(_dvmd_tls.o)
                                 0x9f (size before relaxing)

.debug_rnglists
                0x00000000       0x7a
 .debug_rnglists
                0x00000000       0x7a /usr/lib/gcc/arm-none-eabi/12.2.1/thumb/v8-m.main+fp/hard/libgcc.a(_udivmoddi4.o)

Cross Reference Table

Symbol                                            File
ADC1_2_IRQHandler                                 build/startup_stm32l562xx.o
AES_IRQHandler                                    build/startup_stm32l562xx.o
AHBPrescTable                                     build/system_stm32l5xx_s.o
                                                  build/stm32l5xx_hal_rcc.o
APBPrescTable                                     build/system_stm32l5xx_s.o
                                                  build/stm32l5xx_hal_rcc.o
BusFault_Handler                                  build/stm32l5xx_it.o
COMP_IRQHandler                                   build/startup_stm32l562xx.o
CRS_IRQHandler                                    build/startup_stm32l562xx.o
DAC_IRQHandler                                    build/startup_stm32l562xx.o
DFSDM1_FLT0_IRQHandler                            build/startup_stm32l562xx.o
DFSDM1_FLT1_IRQHandler                            build/startup_stm32l562xx.o
DFSDM1_FLT2_IRQHandler                            build/startup_stm32l562xx.o
DFSDM1_FLT3_IRQHandler                            build/startup_stm32l562xx.o
DMA1_Channel1_IRQHandler                          build/startup_stm32l562xx.o
DMA1_Channel2_IRQHandler                          build/startup_stm32l562xx.o
DMA1_Channel3_IRQHandler                          build/startup_stm32l562xx.o
DMA1_Channel4_IRQHandler                          build/startup_stm32l562xx.o
DMA1_Channel5_IRQHandler                          build/startup_stm32l562xx.o
DMA1_Channel6_IRQHandler                          build/startup_stm32l562xx.o
DMA1_Channel7_IRQHandler                          build/startup_stm32l562xx.o
DMA1_Channel8_IRQHandler                          build/startup_stm32l562xx.o
DMA2_Channel1_IRQHandler                          build/startup_stm32l562xx.o
DMA2_Channel2_IRQHandler                          build/startup_stm32l562xx.o
DMA2_Channel3_IRQHandler                          build/startup_stm32l562xx.o
DMA2_Channel4_IRQHandler                          build/startup_stm32l562xx.o
DMA2_Channel5_IRQHandler                          build/startup_stm32l562xx.o
DMA2_Channel6_IRQHandler                          build/startup_stm32l562xx.o
DMA2_Channel7_IRQHandler                          build/startup_stm32l562xx.o
DMA2_Channel8_IRQHandler                          build/startup_stm32l562xx.o
DMAMUX1_IRQHandler                                build/startup_stm32l562xx.o
DMAMUX1_S_IRQHandler                              build/startup_stm32l562xx.o
DebugMon_Handler                                  build/stm32l5xx_it.o
Default_Handler                                   build/startup_stm32l562xx.o
EXTI0_IRQHandler                                  build/startup_stm32l562xx.o
EXTI10_IRQHandler                                 build/startup_stm32l562xx.o
EXTI11_IRQHandler                                 build/startup_stm32l562xx.o
EXTI12_IRQHandler                                 build/startup_stm32l562xx.o
EXTI13_IRQHandler                                 build/startup_stm32l562xx.o
EXTI14_IRQHandler                                 build/startup_stm32l562xx.o
EXTI15_IRQHandler                                 build/startup_stm32l562xx.o
EXTI1_IRQHandler                                  build/startup_stm32l562xx.o
EXTI2_IRQHandler                                  build/startup_stm32l562xx.o
EXTI3_IRQHandler                                  build/startup_stm32l562xx.o
EXTI4_IRQHandler                                  build/startup_stm32l562xx.o
EXTI5_IRQHandler                                  build/startup_stm32l562xx.o
EXTI6_IRQHandler                                  build/startup_stm32l562xx.o
EXTI7_IRQHandler                                  build/startup_stm32l562xx.o
EXTI8_IRQHandler                                  build/startup_stm32l562xx.o
EXTI9_IRQHandler                                  build/startup_stm32l562xx.o
Error_Handler                                     build/main.o
                                                  build/stm32l5xx_hal_msp.o
FDCAN1_IT0_IRQHandler                             build/startup_stm32l562xx.o
FDCAN1_IT1_IRQHandler                             build/startup_stm32l562xx.o
FLASH_IRQHandler                                  build/startup_stm32l562xx.o
FLASH_PageErase                                   build/stm32l5xx_hal_flash_ex.o
                                                  build/stm32l5xx_hal_flash.o
FLASH_S_IRQHandler                                build/startup_stm32l562xx.o
FLASH_WaitForLastOperation                        build/stm32l5xx_hal_flash.o
                                                  build/stm32l5xx_hal_flash_ex.o
FMC_IRQHandler                                    build/startup_stm32l562xx.o
FPU_IRQHandler                                    build/startup_stm32l562xx.o
GTZC_IRQHandler                                   build/startup_stm32l562xx.o
GreenLED_OFF                                      build/secure_nsc.o
GreenLED_ON                                       build/secure_nsc.o
HAL_CRCEx_Input_Data_Reverse                      build/stm32l5xx_hal_crc_ex.o
HAL_CRCEx_Output_Data_Reverse                     build/stm32l5xx_hal_crc_ex.o
HAL_CRCEx_Polynomial_Set                          build/stm32l5xx_hal_crc_ex.o
                                                  build/stm32l5xx_hal_crc.o
HAL_CRC_Accumulate                                build/stm32l5xx_hal_crc.o
                                                  build/secboot_crc.o
HAL_CRC_Calculate                                 build/stm32l5xx_hal_crc.o
                                                  build/secboot_crc.o
HAL_CRC_DeInit                                    build/stm32l5xx_hal_crc.o
HAL_CRC_GetState                                  build/stm32l5xx_hal_crc.o
HAL_CRC_Init                                      build/stm32l5xx_hal_crc.o
                                                  build/secboot_crc.o
HAL_CRC_MspDeInit                                 build/stm32l5xx_hal_msp.o
HAL_CRC_MspInit                                   build/stm32l5xx_hal_msp.o
HAL_CRYPEx_AESCCM_GenerateAuthTAG                 build/stm32l5xx_hal_cryp_ex.o
HAL_CRYPEx_AESGCM_GenerateAuthTAG                 build/stm32l5xx_hal_cryp_ex.o
HAL_CRYPEx_DisableAutoKeyDerivation               build/stm32l5xx_hal_cryp_ex.o
HAL_CRYPEx_EnableAutoKeyDerivation                build/stm32l5xx_hal_cryp_ex.o
HAL_CRYP_DeInit                                   build/stm32l5xx_hal_cryp.o
                                                  build/secboot_aes.o
HAL_CRYP_Decrypt                                  build/stm32l5xx_hal_cryp.o
                                                  build/secboot_aes.o
HAL_CRYP_Decrypt_DMA                              build/stm32l5xx_hal_cryp.o
HAL_CRYP_Decrypt_IT                               build/stm32l5xx_hal_cryp.o
HAL_CRYP_Encrypt                                  build/stm32l5xx_hal_cryp.o
                                                  build/secboot_aes.o
HAL_CRYP_Encrypt_DMA                              build/stm32l5xx_hal_cryp.o
HAL_CRYP_Encrypt_IT                               build/stm32l5xx_hal_cryp.o
HAL_CRYP_ErrorCallback                            build/stm32l5xx_hal_cryp.o
HAL_CRYP_GetConfig                                build/stm32l5xx_hal_cryp.o
HAL_CRYP_GetError                                 build/stm32l5xx_hal_cryp.o
HAL_CRYP_GetState                                 build/stm32l5xx_hal_cryp.o
HAL_CRYP_IRQHandler                               build/stm32l5xx_hal_cryp.o
HAL_CRYP_InCpltCallback                           build/stm32l5xx_hal_cryp.o
HAL_CRYP_Init                                     build/stm32l5xx_hal_cryp.o
                                                  build/secboot_aes.o
HAL_CRYP_MspDeInit                                build/stm32l5xx_hal_msp.o
HAL_CRYP_MspInit                                  build/stm32l5xx_hal_msp.o
HAL_CRYP_OutCpltCallback                          build/stm32l5xx_hal_cryp.o
HAL_CRYP_ProcessSuspend                           build/stm32l5xx_hal_cryp.o
HAL_CRYP_Resume                                   build/stm32l5xx_hal_cryp.o
HAL_CRYP_SetConfig                                build/stm32l5xx_hal_cryp.o
HAL_CRYP_Suspend                                  build/stm32l5xx_hal_cryp.o
HAL_DBGMCU_DisableDBGStandbyMode                  build/stm32l5xx_hal.o
HAL_DBGMCU_DisableDBGStopMode                     build/stm32l5xx_hal.o
HAL_DBGMCU_EnableDBGStandbyMode                   build/stm32l5xx_hal.o
HAL_DBGMCU_EnableDBGStopMode                      build/stm32l5xx_hal.o
HAL_DMAEx_ChangeMemory                            build/stm32l5xx_hal_dma_ex.o
HAL_DMAEx_ConfigMuxRequestGenerator               build/stm32l5xx_hal_dma_ex.o
HAL_DMAEx_ConfigMuxSync                           build/stm32l5xx_hal_dma_ex.o
HAL_DMAEx_DisableMuxRequestGenerator              build/stm32l5xx_hal_dma_ex.o
HAL_DMAEx_EnableMuxRequestGenerator               build/stm32l5xx_hal_dma_ex.o
HAL_DMAEx_MUX_IRQHandler                          build/stm32l5xx_hal_dma_ex.o
HAL_DMAEx_MultiBufferStart                        build/stm32l5xx_hal_dma_ex.o
HAL_DMAEx_MultiBufferStart_IT                     build/stm32l5xx_hal_dma_ex.o
HAL_DMA_Abort                                     build/stm32l5xx_hal_dma.o
                                                  build/stm32l5xx_hal_uart.o
                                                  build/stm32l5xx_hal_hash.o
HAL_DMA_Abort_IT                                  build/stm32l5xx_hal_dma.o
                                                  build/stm32l5xx_hal_uart.o
                                                  build/stm32l5xx_hal_i2c.o
HAL_DMA_ConfigChannelAttributes                   build/stm32l5xx_hal_dma.o
HAL_DMA_DeInit                                    build/stm32l5xx_hal_dma.o
HAL_DMA_GetConfigChannelAttributes                build/stm32l5xx_hal_dma.o
HAL_DMA_GetError                                  build/stm32l5xx_hal_dma.o
                                                  build/stm32l5xx_hal_uart.o
HAL_DMA_GetState                                  build/stm32l5xx_hal_dma.o
                                                  build/stm32l5xx_hal_i2c.o
HAL_DMA_IRQHandler                                build/stm32l5xx_hal_dma.o
HAL_DMA_Init                                      build/stm32l5xx_hal_dma.o
HAL_DMA_PollForTransfer                           build/stm32l5xx_hal_dma.o
HAL_DMA_RegisterCallback                          build/stm32l5xx_hal_dma.o
HAL_DMA_Start                                     build/stm32l5xx_hal_dma.o
HAL_DMA_Start_IT                                  build/stm32l5xx_hal_dma.o
                                                  build/stm32l5xx_hal_uart.o
                                                  build/stm32l5xx_hal_hash.o
                                                  build/stm32l5xx_hal_i2c.o
                                                  build/stm32l5xx_hal_cryp.o
HAL_DMA_UnRegisterCallback                        build/stm32l5xx_hal_dma.o
HAL_DeInit                                        build/stm32l5xx_hal.o
HAL_Delay                                         build/stm32l5xx_hal.o
HAL_EXTI_ClearConfigLine                          build/stm32l5xx_hal_exti.o
HAL_EXTI_ClearPending                             build/stm32l5xx_hal_exti.o
HAL_EXTI_ConfigLineAttributes                     build/stm32l5xx_hal_exti.o
HAL_EXTI_GenerateSWI                              build/stm32l5xx_hal_exti.o
HAL_EXTI_GetConfigLine                            build/stm32l5xx_hal_exti.o
HAL_EXTI_GetConfigLineAttributes                  build/stm32l5xx_hal_exti.o
HAL_EXTI_GetHandle                                build/stm32l5xx_hal_exti.o
HAL_EXTI_GetPending                               build/stm32l5xx_hal_exti.o
HAL_EXTI_IRQHandler                               build/stm32l5xx_hal_exti.o
HAL_EXTI_RegisterCallback                         build/stm32l5xx_hal_exti.o
HAL_EXTI_SetConfigLine                            build/stm32l5xx_hal_exti.o
HAL_FLASHEx_ConfigBBAttributes                    build/stm32l5xx_hal_flash_ex.o
HAL_FLASHEx_ConfigLVEPin                          build/stm32l5xx_hal_flash_ex.o
HAL_FLASHEx_ConfigPrivMode                        build/stm32l5xx_hal_flash_ex.o
HAL_FLASHEx_ConfigSecInversion                    build/stm32l5xx_hal_flash_ex.o
HAL_FLASHEx_DisableRunPowerDown                   build/stm32l5xx_hal_flash_ramfunc.o
HAL_FLASHEx_EnableRunPowerDown                    build/stm32l5xx_hal_flash_ramfunc.o
HAL_FLASHEx_EnableSecHideProtection               build/stm32l5xx_hal_flash_ex.o
HAL_FLASHEx_Erase                                 build/stm32l5xx_hal_flash_ex.o
HAL_FLASHEx_Erase_IT                              build/stm32l5xx_hal_flash_ex.o
HAL_FLASHEx_GetConfigBBAttributes                 build/stm32l5xx_hal_flash_ex.o
HAL_FLASHEx_GetLVEPin                             build/stm32l5xx_hal_flash_ex.o
HAL_FLASHEx_GetPrivMode                           build/stm32l5xx_hal_flash_ex.o
HAL_FLASHEx_GetSecInversion                       build/stm32l5xx_hal_flash_ex.o
HAL_FLASHEx_OBGetConfig                           build/stm32l5xx_hal_flash_ex.o
HAL_FLASHEx_OBProgram                             build/stm32l5xx_hal_flash_ex.o
HAL_FLASHEx_OB_DBankConfig                        build/stm32l5xx_hal_flash_ramfunc.o
HAL_FLASH_EndOfOperationCallback                  build/stm32l5xx_hal_flash.o
HAL_FLASH_GetError                                build/stm32l5xx_hal_flash.o
HAL_FLASH_IRQHandler                              build/stm32l5xx_hal_flash.o
HAL_FLASH_Lock                                    build/stm32l5xx_hal_flash.o
                                                  build/secboot_diag.o
HAL_FLASH_OB_Launch                               build/stm32l5xx_hal_flash.o
HAL_FLASH_OB_Lock                                 build/stm32l5xx_hal_flash.o
HAL_FLASH_OB_Unlock                               build/stm32l5xx_hal_flash.o
HAL_FLASH_OperationErrorCallback                  build/stm32l5xx_hal_flash.o
HAL_FLASH_Program                                 build/stm32l5xx_hal_flash.o
                                                  build/secboot_diag.o
HAL_FLASH_Program_IT                              build/stm32l5xx_hal_flash.o
HAL_FLASH_Unlock                                  build/stm32l5xx_hal_flash.o
                                                  build/secboot_diag.o
HAL_GPIO_ConfigPinAttributes                      build/stm32l5xx_hal_gpio.o
HAL_GPIO_DeInit                                   build/stm32l5xx_hal_gpio.o
                                                  build/stm32l5xx_hal_msp.o
HAL_GPIO_EXTI_Falling_Callback                    build/stm32l5xx_hal_gpio.o
HAL_GPIO_EXTI_IRQHandler                          build/stm32l5xx_hal_gpio.o
HAL_GPIO_EXTI_Rising_Callback                     build/stm32l5xx_hal_gpio.o
HAL_GPIO_GetConfigPinAttributes                   build/stm32l5xx_hal_gpio.o
HAL_GPIO_Init                                     build/stm32l5xx_hal_gpio.o
                                                  build/stm32l5xx_hal_rcc_ex.o
                                                  build/stm32l5xx_hal_rcc.o
                                                  build/stm32l5xx_hal_msp.o
                                                  build/main.o
HAL_GPIO_LockPin                                  build/stm32l5xx_hal_gpio.o
HAL_GPIO_ReadPin                                  build/stm32l5xx_hal_gpio.o
HAL_GPIO_TogglePin                                build/stm32l5xx_hal_gpio.o
HAL_GPIO_WritePin                                 build/stm32l5xx_hal_gpio.o
                                                  build/secure_nsc.o
                                                  build/secboot_diag.o
                                                  build/main.o
HAL_GTZC_IRQHandler                               build/stm32l5xx_hal_gtzc.o
HAL_GTZC_MPCBB_ConfigMem                          build/stm32l5xx_hal_gtzc.o
                                                  build/secboot_bootmanager.o
HAL_GTZC_MPCBB_ConfigMemAttributes                build/stm32l5xx_hal_gtzc.o
HAL_GTZC_MPCBB_GetConfigMem                       build/stm32l5xx_hal_gtzc.o
HAL_GTZC_MPCBB_GetConfigMemAttributes             build/stm32l5xx_hal_gtzc.o
HAL_GTZC_MPCBB_GetLock                            build/stm32l5xx_hal_gtzc.o
HAL_GTZC_MPCBB_GetLockConfig                      build/stm32l5xx_hal_gtzc.o
HAL_GTZC_MPCBB_Lock                               build/stm32l5xx_hal_gtzc.o
HAL_GTZC_MPCBB_LockConfig                         build/stm32l5xx_hal_gtzc.o
HAL_GTZC_TZIC_Callback                            build/stm32l5xx_hal_gtzc.o
HAL_GTZC_TZIC_ClearFlag                           build/stm32l5xx_hal_gtzc.o
HAL_GTZC_TZIC_DisableIT                           build/stm32l5xx_hal_gtzc.o
HAL_GTZC_TZIC_EnableIT                            build/stm32l5xx_hal_gtzc.o
HAL_GTZC_TZIC_GetFlag                             build/stm32l5xx_hal_gtzc.o
HAL_GTZC_TZSC_ConfigPeriphAttributes              build/stm32l5xx_hal_gtzc.o
                                                  build/secboot_bootmanager.o
HAL_GTZC_TZSC_GetConfigPeriphAttributes           build/stm32l5xx_hal_gtzc.o
HAL_GTZC_TZSC_GetLock                             build/stm32l5xx_hal_gtzc.o
HAL_GTZC_TZSC_Lock                                build/stm32l5xx_hal_gtzc.o
HAL_GTZC_TZSC_MPCWM_ConfigMemAttributes           build/stm32l5xx_hal_gtzc.o
HAL_GTZC_TZSC_MPCWM_GetConfigMemAttributes        build/stm32l5xx_hal_gtzc.o
HAL_GetDEVID                                      build/stm32l5xx_hal.o
HAL_GetHalVersion                                 build/stm32l5xx_hal.o
HAL_GetREVID                                      build/stm32l5xx_hal.o
HAL_GetTick                                       build/stm32l5xx_hal.o
                                                  build/stm32l5xx_hal_uart_ex.o
                                                  build/stm32l5xx_hal_uart.o
                                                  build/stm32l5xx_hal_rng_ex.o
                                                  build/stm32l5xx_hal_rng.o
                                                  build/stm32l5xx_hal_pka.o
                                                  build/stm32l5xx_hal_hash.o
                                                  build/stm32l5xx_hal_icache.o
                                                  build/stm32l5xx_hal_dma.o
                                                  build/stm32l5xx_hal_flash.o
                                                  build/stm32l5xx_hal_rcc_ex.o
                                                  build/stm32l5xx_hal_rcc.o
                                                  build/stm32l5xx_hal_i2c.o
                                                  build/stm32l5xx_hal_cryp_ex.o
                                                  build/stm32l5xx_hal_cryp.o
                                                  build/secboot_diag.o
HAL_GetTickFreq                                   build/stm32l5xx_hal.o
HAL_GetTickPrio                                   build/stm32l5xx_hal.o
HAL_GetUIDw0                                      build/stm32l5xx_hal.o
HAL_GetUIDw1                                      build/stm32l5xx_hal.o
HAL_GetUIDw2                                      build/stm32l5xx_hal.o
HAL_HASHEx_SHA224_Accmlt                          build/stm32l5xx_hal_hash_ex.o
HAL_HASHEx_SHA224_Accmlt_End                      build/stm32l5xx_hal_hash_ex.o
HAL_HASHEx_SHA224_Accmlt_End_IT                   build/stm32l5xx_hal_hash_ex.o
HAL_HASHEx_SHA224_Accmlt_IT                       build/stm32l5xx_hal_hash_ex.o
HAL_HASHEx_SHA224_Finish                          build/stm32l5xx_hal_hash_ex.o
HAL_HASHEx_SHA224_Start                           build/stm32l5xx_hal_hash_ex.o
HAL_HASHEx_SHA224_Start_DMA                       build/stm32l5xx_hal_hash_ex.o
HAL_HASHEx_SHA224_Start_IT                        build/stm32l5xx_hal_hash_ex.o
HAL_HASHEx_SHA256_Accmlt                          build/stm32l5xx_hal_hash_ex.o
HAL_HASHEx_SHA256_Accmlt_End                      build/stm32l5xx_hal_hash_ex.o
HAL_HASHEx_SHA256_Accmlt_End_IT                   build/stm32l5xx_hal_hash_ex.o
HAL_HASHEx_SHA256_Accmlt_IT                       build/stm32l5xx_hal_hash_ex.o
HAL_HASHEx_SHA256_Finish                          build/stm32l5xx_hal_hash_ex.o
                                                  build/secboot_sha256.o
HAL_HASHEx_SHA256_Start                           build/stm32l5xx_hal_hash_ex.o
                                                  build/secboot_sha256.o
HAL_HASHEx_SHA256_Start_DMA                       build/stm32l5xx_hal_hash_ex.o
HAL_HASHEx_SHA256_Start_IT                        build/stm32l5xx_hal_hash_ex.o
HAL_HASH_ContextRestoring                         build/stm32l5xx_hal_hash.o
HAL_HASH_ContextSaving                            build/stm32l5xx_hal_hash.o
HAL_HASH_DMAFeed_ProcessSuspend                   build/stm32l5xx_hal_hash.o